Archive member included to satisfy reference by file (symbol)

..\CWire.X\dist\default\production\CWire.X.a(CWire.o)
                              build/default/production/SonarModule.o (TwoWire_init)
..\CWire.X\dist\default\production\CWire.X.a(twi_pins.o)
                              ..\CWire.X\dist\default\production\CWire.X.a(CWire.o) (TWI0_ClearPins)
..\Sonar.X\dist\default\production\Sonar.X.a(Sonar.o)
                              build/default/production/SonarModule.o (Sonar_init)
..\Common.X\dist\default\production\Common.X.a(Common.o)
                              build/default/production/SonarModule.o (setupRGB)
c:/program files/microchip/xc8/v2.46/avr/bin/../lib/gcc/avr/5.4.0/../../../../avr/lib/avrxmega3\libm.a(divsf3.o)
                              ..\Sonar.X\dist\default\production\Sonar.X.a(Sonar.o) (__divsf3)
c:/program files/microchip/xc8/v2.46/avr/bin/../lib/gcc/avr/5.4.0/../../../../avr/lib/avrxmega3\libm.a(divsf3x.o)
                              c:/program files/microchip/xc8/v2.46/avr/bin/../lib/gcc/avr/5.4.0/../../../../avr/lib/avrxmega3\libm.a(divsf3.o) (__divsf3x)
c:/program files/microchip/xc8/v2.46/avr/bin/../lib/gcc/avr/5.4.0/../../../../avr/lib/avrxmega3\libm.a(fixunssfsi.o)
                              ..\Sonar.X\dist\default\production\Sonar.X.a(Sonar.o) (__fixunssfsi)
c:/program files/microchip/xc8/v2.46/avr/bin/../lib/gcc/avr/5.4.0/../../../../avr/lib/avrxmega3\libm.a(floatsisf.o)
                              ..\Sonar.X\dist\default\production\Sonar.X.a(Sonar.o) (__floatunsisf)
c:/program files/microchip/xc8/v2.46/avr/bin/../lib/gcc/avr/5.4.0/../../../../avr/lib/avrxmega3\libm.a(fp_inf.o)
                              c:/program files/microchip/xc8/v2.46/avr/bin/../lib/gcc/avr/5.4.0/../../../../avr/lib/avrxmega3\libm.a(divsf3x.o) (__fp_inf)
c:/program files/microchip/xc8/v2.46/avr/bin/../lib/gcc/avr/5.4.0/../../../../avr/lib/avrxmega3\libm.a(fp_nan.o)
                              c:/program files/microchip/xc8/v2.46/avr/bin/../lib/gcc/avr/5.4.0/../../../../avr/lib/avrxmega3\libm.a(divsf3x.o) (__fp_nan)
c:/program files/microchip/xc8/v2.46/avr/bin/../lib/gcc/avr/5.4.0/../../../../avr/lib/avrxmega3\libm.a(fp_pscA.o)
                              c:/program files/microchip/xc8/v2.46/avr/bin/../lib/gcc/avr/5.4.0/../../../../avr/lib/avrxmega3\libm.a(divsf3x.o) (__fp_pscA)
c:/program files/microchip/xc8/v2.46/avr/bin/../lib/gcc/avr/5.4.0/../../../../avr/lib/avrxmega3\libm.a(fp_pscB.o)
                              c:/program files/microchip/xc8/v2.46/avr/bin/../lib/gcc/avr/5.4.0/../../../../avr/lib/avrxmega3\libm.a(divsf3x.o) (__fp_pscB)
c:/program files/microchip/xc8/v2.46/avr/bin/../lib/gcc/avr/5.4.0/../../../../avr/lib/avrxmega3\libm.a(fp_round.o)
                              c:/program files/microchip/xc8/v2.46/avr/bin/../lib/gcc/avr/5.4.0/../../../../avr/lib/avrxmega3\libm.a(divsf3.o) (__fp_round)
c:/program files/microchip/xc8/v2.46/avr/bin/../lib/gcc/avr/5.4.0/../../../../avr/lib/avrxmega3\libm.a(fp_split3.o)
                              c:/program files/microchip/xc8/v2.46/avr/bin/../lib/gcc/avr/5.4.0/../../../../avr/lib/avrxmega3\libm.a(divsf3x.o) (__fp_split3)
c:/program files/microchip/xc8/v2.46/avr/bin/../lib/gcc/avr/5.4.0/../../../../avr/lib/avrxmega3\libm.a(fp_zero.o)
                              c:/program files/microchip/xc8/v2.46/avr/bin/../lib/gcc/avr/5.4.0/../../../../avr/lib/avrxmega3\libm.a(fixunssfsi.o) (__fp_zero)
c:/program files/microchip/xc8/v2.46/avr/bin/../lib/gcc/avr/5.4.0/../../../../avr/lib/avrxmega3\libm.a(mulsf3.o)
                              ..\Sonar.X\dist\default\production\Sonar.X.a(Sonar.o) (__mulsf3)
c:/program files/microchip/xc8/v2.46/avr/bin/../lib/gcc/avr/5.4.0/../../../../avr/lib/avrxmega3\libm.a(mulsf3x.o)
                              c:/program files/microchip/xc8/v2.46/avr/bin/../lib/gcc/avr/5.4.0/../../../../avr/lib/avrxmega3\libm.a(mulsf3.o) (__mulsf3x)
c:/program files/microchip/xc8/v2.46/avr/bin/../lib/gcc/avr/5.4.0/avrxmega3\libgcc.a(_udivmodsi4.o)
                              ..\CWire.X\dist\default\production\CWire.X.a(CWire.o) (__udivmodsi4)
c:/program files/microchip/xc8/v2.46/avr/bin/../lib/gcc/avr/5.4.0/avrxmega3\libgcc.a(_copy_data.o)
                              build/default/production/SonarModule.o (__do_clear_bss)
c:/program files/microchip/xc8/v2.46/avr/bin/../lib/gcc/avr/5.4.0/avrxmega3\libgcc.a(_umulhisi3.o)
                              ..\Sonar.X\dist\default\production\Sonar.X.a(Sonar.o) (__umulhisi3)
c:/program files/microchip/xc8/v2.46/avr/bin/../lib/gcc/avr/5.4.0/../../../../avr/lib/avrxmega3\libc.a(exit.o)
                              C:/Program Files/Microchip/MPLABX/v6.20/packs/Microchip/ATtiny_DFP/3.1.260/xc8/avr/lib/avrxmega3/crtattiny1627.o (exit)
c:/program files/microchip/xc8/v2.46/avr/bin/../lib/gcc/avr/5.4.0/../../../../avr/lib/avrxmega3\libc.a(_Exit.o)
                              c:/program files/microchip/xc8/v2.46/avr/bin/../lib/gcc/avr/5.4.0/../../../../avr/lib/avrxmega3\libc.a(exit.o) (_Exit)
c:/program files/microchip/xc8/v2.46/avr/bin/../lib/gcc/avr/5.4.0/avrxmega3\libgcc.a(_exit.o)
                              c:/program files/microchip/xc8/v2.46/avr/bin/../lib/gcc/avr/5.4.0/../../../../avr/lib/avrxmega3\libc.a(_Exit.o) (_exit)

Discarded input sections

 .data          0x0000000000000000        0x0 C:/Program Files/Microchip/MPLABX/v6.20/packs/Microchip/ATtiny_DFP/3.1.260/xc8/avr/lib/avrxmega3/crtattiny1627.o
 .bss           0x0000000000000000        0x0 C:/Program Files/Microchip/MPLABX/v6.20/packs/Microchip/ATtiny_DFP/3.1.260/xc8/avr/lib/avrxmega3/crtattiny1627.o
 .text          0x0000000000000000        0x0 build/default/production/SonarModule.o
 .data          0x0000000000000000        0x0 build/default/production/SonarModule.o
 .bss           0x0000000000000000        0x0 build/default/production/SonarModule.o
 .text          0x0000000000000000        0x0 ..\CWire.X\dist\default\production\CWire.X.a(CWire.o)
 .data          0x0000000000000000        0x0 ..\CWire.X\dist\default\production\CWire.X.a(CWire.o)
 .bss           0x0000000000000000        0x0 ..\CWire.X\dist\default\production\CWire.X.a(CWire.o)
 .text.MasterCalcBaud
                0x0000000000000000       0x96 ..\CWire.X\dist\default\production\CWire.X.a(CWire.o)
 .text.TwoWire_pins
                0x0000000000000000        0xa ..\CWire.X\dist\default\production\CWire.X.a(CWire.o)
 .text.TwoWire_usePullups
                0x0000000000000000        0x6 ..\CWire.X\dist\default\production\CWire.X.a(CWire.o)
 .text.TwoWire_setClock
                0x0000000000000000       0x8a ..\CWire.X\dist\default\production\CWire.X.a(CWire.o)
 .text.TwoWire_Master_begin
                0x0000000000000000       0x30 ..\CWire.X\dist\default\production\CWire.X.a(CWire.o)
 .text.TwoWire_endMaster
                0x0000000000000000       0x26 ..\CWire.X\dist\default\production\CWire.X.a(CWire.o)
 .text.TwoWire_beginTransmission
                0x0000000000000000       0x1c ..\CWire.X\dist\default\production\CWire.X.a(CWire.o)
 .text.TwoWire_masterTransmit
                0x0000000000000000       0xc8 ..\CWire.X\dist\default\production\CWire.X.a(CWire.o)
 .text.TwoWire_endTransmission
                0x0000000000000000       0x20 ..\CWire.X\dist\default\production\CWire.X.a(CWire.o)
 .text.TwoWire_masterReceive
                0x0000000000000000       0xaa ..\CWire.X\dist\default\production\CWire.X.a(CWire.o)
 .text.TwoWire_requestFrom
                0x0000000000000000       0x32 ..\CWire.X\dist\default\production\CWire.X.a(CWire.o)
 .text.TwoWire_endSlave
                0x0000000000000000       0x2e ..\CWire.X\dist\default\production\CWire.X.a(CWire.o)
 .text.TwoWire_getIncomingAddress
                0x0000000000000000        0xa ..\CWire.X\dist\default\production\CWire.X.a(CWire.o)
 .text.TwoWire_getBytesRead
                0x0000000000000000        0xc ..\CWire.X\dist\default\production\CWire.X.a(CWire.o)
 .text.TwoWire_slaveTransactionOpen
                0x0000000000000000       0x1c ..\CWire.X\dist\default\production\CWire.X.a(CWire.o)
 .text.TwoWire_checkPinLevels
                0x0000000000000000        0x6 ..\CWire.X\dist\default\production\CWire.X.a(CWire.o)
 .text.TwoWire_peek
                0x0000000000000000       0x28 ..\CWire.X\dist\default\production\CWire.X.a(CWire.o)
 .text.TwoWire_end
                0x0000000000000000       0x16 ..\CWire.X\dist\default\production\CWire.X.a(CWire.o)
 .text.TwoWire_flush
                0x0000000000000000        0xe ..\CWire.X\dist\default\production\CWire.X.a(CWire.o)
 .text          0x0000000000000000        0x0 ..\CWire.X\dist\default\production\CWire.X.a(twi_pins.o)
 .data          0x0000000000000000        0x0 ..\CWire.X\dist\default\production\CWire.X.a(twi_pins.o)
 .bss           0x0000000000000000        0x0 ..\CWire.X\dist\default\production\CWire.X.a(twi_pins.o)
 .text.TWI0_Pins
                0x0000000000000000       0x14 ..\CWire.X\dist\default\production\CWire.X.a(twi_pins.o)
 .text.TWI0_swap
                0x0000000000000000        0xa ..\CWire.X\dist\default\production\CWire.X.a(twi_pins.o)
 .text.TWI0_usePullups
                0x0000000000000000       0x16 ..\CWire.X\dist\default\production\CWire.X.a(twi_pins.o)
 .text.TWI0_checkPinLevel
                0x0000000000000000        0x6 ..\CWire.X\dist\default\production\CWire.X.a(twi_pins.o)
 .text.TWI0_setConfig
                0x0000000000000000       0x14 ..\CWire.X\dist\default\production\CWire.X.a(twi_pins.o)
 .text          0x0000000000000000        0x0 ..\Sonar.X\dist\default\production\Sonar.X.a(Sonar.o)
 .data          0x0000000000000000        0x0 ..\Sonar.X\dist\default\production\Sonar.X.a(Sonar.o)
 .bss           0x0000000000000000        0x0 ..\Sonar.X\dist\default\production\Sonar.X.a(Sonar.o)
 .data          0x0000000000000000        0x0 ..\Common.X\dist\default\production\Common.X.a(Common.o)
 .bss           0x0000000000000000        0x0 ..\Common.X\dist\default\production\Common.X.a(Common.o)
 .data          0x0000000000000000        0x0 c:/program files/microchip/xc8/v2.46/avr/bin/../lib/gcc/avr/5.4.0/../../../../avr/lib/avrxmega3\libm.a(divsf3.o)
 .bss           0x0000000000000000        0x0 c:/program files/microchip/xc8/v2.46/avr/bin/../lib/gcc/avr/5.4.0/../../../../avr/lib/avrxmega3\libm.a(divsf3.o)
 .stack.descriptors
                0x0000000000000000       0x16 c:/program files/microchip/xc8/v2.46/avr/bin/../lib/gcc/avr/5.4.0/../../../../avr/lib/avrxmega3\libm.a(divsf3.o)
 .data          0x0000000000000000        0x0 c:/program files/microchip/xc8/v2.46/avr/bin/../lib/gcc/avr/5.4.0/../../../../avr/lib/avrxmega3\libm.a(divsf3x.o)
 .bss           0x0000000000000000        0x0 c:/program files/microchip/xc8/v2.46/avr/bin/../lib/gcc/avr/5.4.0/../../../../avr/lib/avrxmega3\libm.a(divsf3x.o)
 .stack.descriptors
                0x0000000000000000       0x31 c:/program files/microchip/xc8/v2.46/avr/bin/../lib/gcc/avr/5.4.0/../../../../avr/lib/avrxmega3\libm.a(divsf3x.o)
 .data          0x0000000000000000        0x0 c:/program files/microchip/xc8/v2.46/avr/bin/../lib/gcc/avr/5.4.0/../../../../avr/lib/avrxmega3\libm.a(fixunssfsi.o)
 .bss           0x0000000000000000        0x0 c:/program files/microchip/xc8/v2.46/avr/bin/../lib/gcc/avr/5.4.0/../../../../avr/lib/avrxmega3\libm.a(fixunssfsi.o)
 .stack.descriptors
                0x0000000000000000       0x1a c:/program files/microchip/xc8/v2.46/avr/bin/../lib/gcc/avr/5.4.0/../../../../avr/lib/avrxmega3\libm.a(fixunssfsi.o)
 .data          0x0000000000000000        0x0 c:/program files/microchip/xc8/v2.46/avr/bin/../lib/gcc/avr/5.4.0/../../../../avr/lib/avrxmega3\libm.a(floatsisf.o)
 .bss           0x0000000000000000        0x0 c:/program files/microchip/xc8/v2.46/avr/bin/../lib/gcc/avr/5.4.0/../../../../avr/lib/avrxmega3\libm.a(floatsisf.o)
 .stack.descriptors
                0x0000000000000000       0x34 c:/program files/microchip/xc8/v2.46/avr/bin/../lib/gcc/avr/5.4.0/../../../../avr/lib/avrxmega3\libm.a(floatsisf.o)
 .data          0x0000000000000000        0x0 c:/program files/microchip/xc8/v2.46/avr/bin/../lib/gcc/avr/5.4.0/../../../../avr/lib/avrxmega3\libm.a(fp_inf.o)
 .bss           0x0000000000000000        0x0 c:/program files/microchip/xc8/v2.46/avr/bin/../lib/gcc/avr/5.4.0/../../../../avr/lib/avrxmega3\libm.a(fp_inf.o)
 .stack.descriptors
                0x0000000000000000       0x16 c:/program files/microchip/xc8/v2.46/avr/bin/../lib/gcc/avr/5.4.0/../../../../avr/lib/avrxmega3\libm.a(fp_inf.o)
 .data          0x0000000000000000        0x0 c:/program files/microchip/xc8/v2.46/avr/bin/../lib/gcc/avr/5.4.0/../../../../avr/lib/avrxmega3\libm.a(fp_nan.o)
 .bss           0x0000000000000000        0x0 c:/program files/microchip/xc8/v2.46/avr/bin/../lib/gcc/avr/5.4.0/../../../../avr/lib/avrxmega3\libm.a(fp_nan.o)
 .stack.descriptors
                0x0000000000000000       0x16 c:/program files/microchip/xc8/v2.46/avr/bin/../lib/gcc/avr/5.4.0/../../../../avr/lib/avrxmega3\libm.a(fp_nan.o)
 .data          0x0000000000000000        0x0 c:/program files/microchip/xc8/v2.46/avr/bin/../lib/gcc/avr/5.4.0/../../../../avr/lib/avrxmega3\libm.a(fp_pscA.o)
 .bss           0x0000000000000000        0x0 c:/program files/microchip/xc8/v2.46/avr/bin/../lib/gcc/avr/5.4.0/../../../../avr/lib/avrxmega3\libm.a(fp_pscA.o)
 .stack.descriptors
                0x0000000000000000       0x17 c:/program files/microchip/xc8/v2.46/avr/bin/../lib/gcc/avr/5.4.0/../../../../avr/lib/avrxmega3\libm.a(fp_pscA.o)
 .data          0x0000000000000000        0x0 c:/program files/microchip/xc8/v2.46/avr/bin/../lib/gcc/avr/5.4.0/../../../../avr/lib/avrxmega3\libm.a(fp_pscB.o)
 .bss           0x0000000000000000        0x0 c:/program files/microchip/xc8/v2.46/avr/bin/../lib/gcc/avr/5.4.0/../../../../avr/lib/avrxmega3\libm.a(fp_pscB.o)
 .stack.descriptors
                0x0000000000000000       0x17 c:/program files/microchip/xc8/v2.46/avr/bin/../lib/gcc/avr/5.4.0/../../../../avr/lib/avrxmega3\libm.a(fp_pscB.o)
 .data          0x0000000000000000        0x0 c:/program files/microchip/xc8/v2.46/avr/bin/../lib/gcc/avr/5.4.0/../../../../avr/lib/avrxmega3\libm.a(fp_round.o)
 .bss           0x0000000000000000        0x0 c:/program files/microchip/xc8/v2.46/avr/bin/../lib/gcc/avr/5.4.0/../../../../avr/lib/avrxmega3\libm.a(fp_round.o)
 .stack.descriptors
                0x0000000000000000       0x18 c:/program files/microchip/xc8/v2.46/avr/bin/../lib/gcc/avr/5.4.0/../../../../avr/lib/avrxmega3\libm.a(fp_round.o)
 .data          0x0000000000000000        0x0 c:/program files/microchip/xc8/v2.46/avr/bin/../lib/gcc/avr/5.4.0/../../../../avr/lib/avrxmega3\libm.a(fp_split3.o)
 .bss           0x0000000000000000        0x0 c:/program files/microchip/xc8/v2.46/avr/bin/../lib/gcc/avr/5.4.0/../../../../avr/lib/avrxmega3\libm.a(fp_split3.o)
 .stack.descriptors
                0x0000000000000000       0x32 c:/program files/microchip/xc8/v2.46/avr/bin/../lib/gcc/avr/5.4.0/../../../../avr/lib/avrxmega3\libm.a(fp_split3.o)
 .data          0x0000000000000000        0x0 c:/program files/microchip/xc8/v2.46/avr/bin/../lib/gcc/avr/5.4.0/../../../../avr/lib/avrxmega3\libm.a(fp_zero.o)
 .bss           0x0000000000000000        0x0 c:/program files/microchip/xc8/v2.46/avr/bin/../lib/gcc/avr/5.4.0/../../../../avr/lib/avrxmega3\libm.a(fp_zero.o)
 .stack.descriptors
                0x0000000000000000       0x2f c:/program files/microchip/xc8/v2.46/avr/bin/../lib/gcc/avr/5.4.0/../../../../avr/lib/avrxmega3\libm.a(fp_zero.o)
 .data          0x0000000000000000        0x0 c:/program files/microchip/xc8/v2.46/avr/bin/../lib/gcc/avr/5.4.0/../../../../avr/lib/avrxmega3\libm.a(mulsf3.o)
 .bss           0x0000000000000000        0x0 c:/program files/microchip/xc8/v2.46/avr/bin/../lib/gcc/avr/5.4.0/../../../../avr/lib/avrxmega3\libm.a(mulsf3.o)
 .stack.descriptors
                0x0000000000000000       0x16 c:/program files/microchip/xc8/v2.46/avr/bin/../lib/gcc/avr/5.4.0/../../../../avr/lib/avrxmega3\libm.a(mulsf3.o)
 .data          0x0000000000000000        0x0 c:/program files/microchip/xc8/v2.46/avr/bin/../lib/gcc/avr/5.4.0/../../../../avr/lib/avrxmega3\libm.a(mulsf3x.o)
 .bss           0x0000000000000000        0x0 c:/program files/microchip/xc8/v2.46/avr/bin/../lib/gcc/avr/5.4.0/../../../../avr/lib/avrxmega3\libm.a(mulsf3x.o)
 .stack.descriptors
                0x0000000000000000       0x31 c:/program files/microchip/xc8/v2.46/avr/bin/../lib/gcc/avr/5.4.0/../../../../avr/lib/avrxmega3\libm.a(mulsf3x.o)
 .text          0x0000000000000000        0x0 c:/program files/microchip/xc8/v2.46/avr/bin/../lib/gcc/avr/5.4.0/avrxmega3\libgcc.a(_udivmodsi4.o)
 .data          0x0000000000000000        0x0 c:/program files/microchip/xc8/v2.46/avr/bin/../lib/gcc/avr/5.4.0/avrxmega3\libgcc.a(_udivmodsi4.o)
 .bss           0x0000000000000000        0x0 c:/program files/microchip/xc8/v2.46/avr/bin/../lib/gcc/avr/5.4.0/avrxmega3\libgcc.a(_udivmodsi4.o)
 .text.libgcc.mul
                0x0000000000000000        0x0 c:/program files/microchip/xc8/v2.46/avr/bin/../lib/gcc/avr/5.4.0/avrxmega3\libgcc.a(_udivmodsi4.o)
 .text.libgcc.div
                0x0000000000000000       0x44 c:/program files/microchip/xc8/v2.46/avr/bin/../lib/gcc/avr/5.4.0/avrxmega3\libgcc.a(_udivmodsi4.o)
 .stack.descriptors.hdr
                0x0000000000000000        0xe c:/program files/microchip/xc8/v2.46/avr/bin/../lib/gcc/avr/5.4.0/avrxmega3\libgcc.a(_udivmodsi4.o)
 .stack.descriptors
                0x0000000000000000       0x1a c:/program files/microchip/xc8/v2.46/avr/bin/../lib/gcc/avr/5.4.0/avrxmega3\libgcc.a(_udivmodsi4.o)
 .text.libgcc   0x0000000000000000        0x0 c:/program files/microchip/xc8/v2.46/avr/bin/../lib/gcc/avr/5.4.0/avrxmega3\libgcc.a(_udivmodsi4.o)
 .text.libgcc.prologue
                0x0000000000000000        0x0 c:/program files/microchip/xc8/v2.46/avr/bin/../lib/gcc/avr/5.4.0/avrxmega3\libgcc.a(_udivmodsi4.o)
 .text.libgcc.builtins
                0x0000000000000000        0x0 c:/program files/microchip/xc8/v2.46/avr/bin/../lib/gcc/avr/5.4.0/avrxmega3\libgcc.a(_udivmodsi4.o)
 .text.libgcc.fmul
                0x0000000000000000        0x0 c:/program files/microchip/xc8/v2.46/avr/bin/../lib/gcc/avr/5.4.0/avrxmega3\libgcc.a(_udivmodsi4.o)
 .text.libgcc.fixed
                0x0000000000000000        0x0 c:/program files/microchip/xc8/v2.46/avr/bin/../lib/gcc/avr/5.4.0/avrxmega3\libgcc.a(_udivmodsi4.o)
 .text          0x0000000000000000        0x0 c:/program files/microchip/xc8/v2.46/avr/bin/../lib/gcc/avr/5.4.0/avrxmega3\libgcc.a(_copy_data.o)
 .data          0x0000000000000000        0x0 c:/program files/microchip/xc8/v2.46/avr/bin/../lib/gcc/avr/5.4.0/avrxmega3\libgcc.a(_copy_data.o)
 .bss           0x0000000000000000        0x0 c:/program files/microchip/xc8/v2.46/avr/bin/../lib/gcc/avr/5.4.0/avrxmega3\libgcc.a(_copy_data.o)
 .text.libgcc.mul
                0x0000000000000000        0x0 c:/program files/microchip/xc8/v2.46/avr/bin/../lib/gcc/avr/5.4.0/avrxmega3\libgcc.a(_copy_data.o)
 .text.libgcc.div
                0x0000000000000000        0x0 c:/program files/microchip/xc8/v2.46/avr/bin/../lib/gcc/avr/5.4.0/avrxmega3\libgcc.a(_copy_data.o)
 .text.libgcc   0x0000000000000000        0x0 c:/program files/microchip/xc8/v2.46/avr/bin/../lib/gcc/avr/5.4.0/avrxmega3\libgcc.a(_copy_data.o)
 .text.libgcc.prologue
                0x0000000000000000        0x0 c:/program files/microchip/xc8/v2.46/avr/bin/../lib/gcc/avr/5.4.0/avrxmega3\libgcc.a(_copy_data.o)
 .text.libgcc.builtins
                0x0000000000000000        0x0 c:/program files/microchip/xc8/v2.46/avr/bin/../lib/gcc/avr/5.4.0/avrxmega3\libgcc.a(_copy_data.o)
 .text.libgcc.fmul
                0x0000000000000000        0x0 c:/program files/microchip/xc8/v2.46/avr/bin/../lib/gcc/avr/5.4.0/avrxmega3\libgcc.a(_copy_data.o)
 .text.libgcc.fixed
                0x0000000000000000        0x0 c:/program files/microchip/xc8/v2.46/avr/bin/../lib/gcc/avr/5.4.0/avrxmega3\libgcc.a(_copy_data.o)
 .text          0x0000000000000000        0x0 c:/program files/microchip/xc8/v2.46/avr/bin/../lib/gcc/avr/5.4.0/avrxmega3\libgcc.a(_umulhisi3.o)
 .data          0x0000000000000000        0x0 c:/program files/microchip/xc8/v2.46/avr/bin/../lib/gcc/avr/5.4.0/avrxmega3\libgcc.a(_umulhisi3.o)
 .bss           0x0000000000000000        0x0 c:/program files/microchip/xc8/v2.46/avr/bin/../lib/gcc/avr/5.4.0/avrxmega3\libgcc.a(_umulhisi3.o)
 .stack.descriptors
                0x0000000000000000       0x19 c:/program files/microchip/xc8/v2.46/avr/bin/../lib/gcc/avr/5.4.0/avrxmega3\libgcc.a(_umulhisi3.o)
 .text.libgcc.div
                0x0000000000000000        0x0 c:/program files/microchip/xc8/v2.46/avr/bin/../lib/gcc/avr/5.4.0/avrxmega3\libgcc.a(_umulhisi3.o)
 .text.libgcc   0x0000000000000000        0x0 c:/program files/microchip/xc8/v2.46/avr/bin/../lib/gcc/avr/5.4.0/avrxmega3\libgcc.a(_umulhisi3.o)
 .text.libgcc.prologue
                0x0000000000000000        0x0 c:/program files/microchip/xc8/v2.46/avr/bin/../lib/gcc/avr/5.4.0/avrxmega3\libgcc.a(_umulhisi3.o)
 .text.libgcc.builtins
                0x0000000000000000        0x0 c:/program files/microchip/xc8/v2.46/avr/bin/../lib/gcc/avr/5.4.0/avrxmega3\libgcc.a(_umulhisi3.o)
 .text.libgcc.fmul
                0x0000000000000000        0x0 c:/program files/microchip/xc8/v2.46/avr/bin/../lib/gcc/avr/5.4.0/avrxmega3\libgcc.a(_umulhisi3.o)
 .text.libgcc.fixed
                0x0000000000000000        0x0 c:/program files/microchip/xc8/v2.46/avr/bin/../lib/gcc/avr/5.4.0/avrxmega3\libgcc.a(_umulhisi3.o)
 .text          0x0000000000000000        0x0 c:/program files/microchip/xc8/v2.46/avr/bin/../lib/gcc/avr/5.4.0/../../../../avr/lib/avrxmega3\libc.a(exit.o)
 .data          0x0000000000000000        0x0 c:/program files/microchip/xc8/v2.46/avr/bin/../lib/gcc/avr/5.4.0/../../../../avr/lib/avrxmega3\libc.a(exit.o)
 .bss           0x0000000000000000        0x0 c:/program files/microchip/xc8/v2.46/avr/bin/../lib/gcc/avr/5.4.0/../../../../avr/lib/avrxmega3\libc.a(exit.o)
 .stack.descriptors
                0x0000000000000000       0x73 c:/program files/microchip/xc8/v2.46/avr/bin/../lib/gcc/avr/5.4.0/../../../../avr/lib/avrxmega3\libc.a(exit.o)
 .text          0x0000000000000000        0x0 c:/program files/microchip/xc8/v2.46/avr/bin/../lib/gcc/avr/5.4.0/../../../../avr/lib/avrxmega3\libc.a(_Exit.o)
 .data          0x0000000000000000        0x0 c:/program files/microchip/xc8/v2.46/avr/bin/../lib/gcc/avr/5.4.0/../../../../avr/lib/avrxmega3\libc.a(_Exit.o)
 .bss           0x0000000000000000        0x0 c:/program files/microchip/xc8/v2.46/avr/bin/../lib/gcc/avr/5.4.0/../../../../avr/lib/avrxmega3\libc.a(_Exit.o)
 .stack.descriptors
                0x0000000000000000       0x13 c:/program files/microchip/xc8/v2.46/avr/bin/../lib/gcc/avr/5.4.0/../../../../avr/lib/avrxmega3\libc.a(_Exit.o)
 .text          0x0000000000000000        0x0 c:/program files/microchip/xc8/v2.46/avr/bin/../lib/gcc/avr/5.4.0/avrxmega3\libgcc.a(_exit.o)
 .data          0x0000000000000000        0x0 c:/program files/microchip/xc8/v2.46/avr/bin/../lib/gcc/avr/5.4.0/avrxmega3\libgcc.a(_exit.o)
 .bss           0x0000000000000000        0x0 c:/program files/microchip/xc8/v2.46/avr/bin/../lib/gcc/avr/5.4.0/avrxmega3\libgcc.a(_exit.o)
 .text.libgcc.mul
                0x0000000000000000        0x0 c:/program files/microchip/xc8/v2.46/avr/bin/../lib/gcc/avr/5.4.0/avrxmega3\libgcc.a(_exit.o)
 .text.libgcc.div
                0x0000000000000000        0x0 c:/program files/microchip/xc8/v2.46/avr/bin/../lib/gcc/avr/5.4.0/avrxmega3\libgcc.a(_exit.o)
 .text.libgcc   0x0000000000000000        0x0 c:/program files/microchip/xc8/v2.46/avr/bin/../lib/gcc/avr/5.4.0/avrxmega3\libgcc.a(_exit.o)
 .text.libgcc.prologue
                0x0000000000000000        0x0 c:/program files/microchip/xc8/v2.46/avr/bin/../lib/gcc/avr/5.4.0/avrxmega3\libgcc.a(_exit.o)
 .stack.descriptors
                0x0000000000000000       0x13 c:/program files/microchip/xc8/v2.46/avr/bin/../lib/gcc/avr/5.4.0/avrxmega3\libgcc.a(_exit.o)
 .text.libgcc.builtins
                0x0000000000000000        0x0 c:/program files/microchip/xc8/v2.46/avr/bin/../lib/gcc/avr/5.4.0/avrxmega3\libgcc.a(_exit.o)
 .text.libgcc.fmul
                0x0000000000000000        0x0 c:/program files/microchip/xc8/v2.46/avr/bin/../lib/gcc/avr/5.4.0/avrxmega3\libgcc.a(_exit.o)
 .text.libgcc.fixed
                0x0000000000000000        0x0 c:/program files/microchip/xc8/v2.46/avr/bin/../lib/gcc/avr/5.4.0/avrxmega3\libgcc.a(_exit.o)

Memory Configuration

Name             Origin             Length             Attributes
text             0x0000000000000000 0x0000000000004000 xr
data             0x0000000000803800 0x0000000000000800 rw !x
eeprom           0x0000000000810000 0x0000000000000100 rw !x
fuse             0x0000000000820000 0x000000000000000a rw !x
lock             0x0000000000830000 0x0000000000000400 rw !x
signature        0x0000000000840000 0x0000000000000400 rw !x
user_signatures  0x0000000000850000 0x0000000000000400 rw !x
bootrow          0x0000000000860000 0x0000000000000400 rw !x
*default*        0x0000000000000000 0xffffffffffffffff

Linker script and memory map

Address of section .data set to 0x803800
                0x0000000000008000                __RODATA_PM_OFFSET__ = 0x8000
LOAD C:/Program Files/Microchip/MPLABX/v6.20/packs/Microchip/ATtiny_DFP/3.1.260/xc8/avr/lib/avrxmega3/crtattiny1627.o
                0x0000000000000001                __MPLAB_BUILD = 0x1
LOAD build/default/production/SonarModule.o
LOAD ..\CWire.X\dist\default\production\CWire.X.a
LOAD ..\Sonar.X\dist\default\production\Sonar.X.a
LOAD ..\Common.X\dist\default\production\Common.X.a
START GROUP
LOAD c:/program files/microchip/xc8/v2.46/avr/bin/../lib/gcc/avr/5.4.0/../../../../avr/lib/avrxmega3\libm.a
END GROUP
START GROUP
LOAD c:/program files/microchip/xc8/v2.46/avr/bin/../lib/gcc/avr/5.4.0/avrxmega3\libgcc.a
LOAD c:/program files/microchip/xc8/v2.46/avr/bin/../lib/gcc/avr/5.4.0/../../../../avr/lib/avrxmega3\libm.a
LOAD c:/program files/microchip/xc8/v2.46/avr/bin/../lib/gcc/avr/5.4.0/../../../../avr/lib/avrxmega3\libc.a
LOAD C:/Program Files/Microchip/MPLABX/v6.20/packs/Microchip/ATtiny_DFP/3.1.260/xc8/avr/lib/avrxmega3\libattiny1627.a
END GROUP
                [0x0000000000000000]                __TEXT_REGION_ORIGIN__ = DEFINED (__TEXT_REGION_ORIGIN__)?__TEXT_REGION_ORIGIN__:0x0
                [0x0000000000803800]                __DATA_REGION_ORIGIN__ = DEFINED (__DATA_REGION_ORIGIN__)?__DATA_REGION_ORIGIN__:0x802000
                [0x0000000000004000]                __TEXT_REGION_LENGTH__ = DEFINED (__TEXT_REGION_LENGTH__)?__TEXT_REGION_LENGTH__:0x100000
                [0x0000000000000800]                __DATA_REGION_LENGTH__ = DEFINED (__DATA_REGION_LENGTH__)?__DATA_REGION_LENGTH__:0xffa0
                [0x0000000000000100]                __EEPROM_REGION_LENGTH__ = DEFINED (__EEPROM_REGION_LENGTH__)?__EEPROM_REGION_LENGTH__:0x10000
                [0x000000000000000a]                __FUSE_REGION_LENGTH__ = DEFINED (__FUSE_REGION_LENGTH__)?__FUSE_REGION_LENGTH__:0x400
                0x0000000000000400                __LOCK_REGION_LENGTH__ = DEFINED (__LOCK_REGION_LENGTH__)?__LOCK_REGION_LENGTH__:0x400
                0x0000000000000400                __SIGNATURE_REGION_LENGTH__ = DEFINED (__SIGNATURE_REGION_LENGTH__)?__SIGNATURE_REGION_LENGTH__:0x400
                0x0000000000000400                __USER_SIGNATURE_REGION_LENGTH__ = DEFINED (__USER_SIGNATURE_REGION_LENGTH__)?__USER_SIGNATURE_REGION_LENGTH__:0x400
                0x0000000000008000                __RODATA_PM_OFFSET__ = DEFINED (__RODATA_PM_OFFSET__)?__RODATA_PM_OFFSET__:0x8000
                0x0000000000000400                __BOOTROW_REGION_LENGTH__ = DEFINED (__BOOTROW_REGION_LENGTH__)?__BOOTROW_REGION_LENGTH__:0x400

.hash
 *(.hash)

.dynsym
 *(.dynsym)

.dynstr
 *(.dynstr)

.gnu.version
 *(.gnu.version)

.gnu.version_d
 *(.gnu.version_d)

.gnu.version_r
 *(.gnu.version_r)

.rel.init
 *(.rel.init)

.rela.init
 *(.rela.init)

.rel.text
 *(.rel.text)
 *(.rel.text.*)
 *(.rel.gnu.linkonce.t*)

.rela.text
 *(.rela.text)
 *(.rela.text.*)
 *(.rela.gnu.linkonce.t*)

.rel.fini
 *(.rel.fini)

.rela.fini
 *(.rela.fini)

.rel.rodata
 *(.rel.rodata)
 *(.rel.rodata.*)
 *(.rel.gnu.linkonce.r*)

.rela.rodata
 *(.rela.rodata)
 *(.rela.rodata.*)
 *(.rela.gnu.linkonce.r*)

.rel.data
 *(.rel.data)
 *(.rel.data.*)
 *(.rel.gnu.linkonce.d*)

.rela.data
 *(.rela.data)
 *(.rela.data.*)
 *(.rela.gnu.linkonce.d*)

.rel.ctors
 *(.rel.ctors)

.rela.ctors
 *(.rela.ctors)

.rel.dtors
 *(.rel.dtors)

.rela.dtors
 *(.rela.dtors)

.rel.got
 *(.rel.got)

.rela.got
 *(.rela.got)

.rel.bss
 *(.rel.bss)

.rela.bss
 *(.rela.bss)

.rel.plt
 *(.rel.plt)

.rela.plt
 *(.rela.plt)

.text           0x0000000000000000       0xd2
 *(.vectors)
 .vectors       0x0000000000000000       0x78 C:/Program Files/Microchip/MPLABX/v6.20/packs/Microchip/ATtiny_DFP/3.1.260/xc8/avr/lib/avrxmega3/crtattiny1627.o
                0x0000000000000000                __vector_default
                0x0000000000000000                __vectors
 *(.vectors)
 *(.progmem.gcc*)
 *(.dinit)
 .dinit         0x0000000000000078        0x5 data_init
                0x000000000000007e                . = ALIGN (0x2)
 *fill*         0x000000000000007d        0x1 
                0x000000000000007e                __trampolines_start = .
 *(.trampolines)
 .trampolines   0x000000000000007e        0x0 linker stubs
 *(.trampolines*)
                0x000000000000007e                __trampolines_end = .
 *libprintf_flt.a:*(.progmem.data)
 *libc.a:*(.progmem.data)
                0x000000000000007e                . = ALIGN (0x2)
 *(.jumptables)
 *(.jumptables*)
 *(.lowtext)
 *(.lowtext*)
                0x000000000000007e                __ctors_start = .
 *(.ctors)
                0x000000000000007e                __ctors_end = .
                0x000000000000007e                __dtors_start = .
 *(.dtors)
                0x000000000000007e                __dtors_end = .
 SORT(*)(.ctors)
 SORT(*)(.dtors)
 *(.init0)
 .init0         0x000000000000007e        0x0 C:/Program Files/Microchip/MPLABX/v6.20/packs/Microchip/ATtiny_DFP/3.1.260/xc8/avr/lib/avrxmega3/crtattiny1627.o
                0x000000000000007e                __init
 *(.init0)
 *(.init1)
 *(.init1)
 *(.init2)
 .init2         0x000000000000007e        0xc C:/Program Files/Microchip/MPLABX/v6.20/packs/Microchip/ATtiny_DFP/3.1.260/xc8/avr/lib/avrxmega3/crtattiny1627.o
 *(.init2)
 *(.init3)
 *(.init3)
 *(.init4)
 .init4         0x000000000000008a       0x3c c:/program files/microchip/xc8/v2.46/avr/bin/../lib/gcc/avr/5.4.0/avrxmega3\libgcc.a(_copy_data.o)
                0x000000000000008a                __do_copy_data
                0x00000000000000b8                __do_clear_bss
 *(.init4)
 *(.init5)
 *(.init5)
 *(.init6)
 *(.init6)
 *(.init7)
 *(.init7)
 *(.init8)
 *(.init8)
 *(.init9)
 .init9         0x00000000000000c6        0x8 C:/Program Files/Microchip/MPLABX/v6.20/packs/Microchip/ATtiny_DFP/3.1.260/xc8/avr/lib/avrxmega3/crtattiny1627.o
 *(.init9)
                0x00000000000000ce                . = ALIGN (0x2)
 *(.fini9)
 .fini9         0x00000000000000ce        0x0 c:/program files/microchip/xc8/v2.46/avr/bin/../lib/gcc/avr/5.4.0/avrxmega3\libgcc.a(_exit.o)
                0x00000000000000ce                _exit
 *(.fini9)
 *(.fini8)
 *(.fini8)
 *(.fini7)
 *(.fini7)
 *(.fini6)
 *(.fini6)
 *(.fini5)
 *(.fini5)
 *(.fini4)
 *(.fini4)
 *(.fini3)
 *(.fini3)
 *(.fini2)
 *(.fini2)
 *(.fini1)
 *(.fini1)
 *(.fini0)
 .fini0         0x00000000000000ce        0x4 c:/program files/microchip/xc8/v2.46/avr/bin/../lib/gcc/avr/5.4.0/avrxmega3\libgcc.a(_exit.o)
 *(.fini0)
                0x00000000000000d2                _etext = .

.data           0x0000000000803800        0x0 load address 0x00000000000000d2
                [!provide]                        PROVIDE (__data_start, .)
 *(.gnu.linkonce.d*)
                0x0000000000803800                . = ALIGN (0x2)
                0x0000000000803800                _edata = .
                [!provide]                        PROVIDE (__data_end, .)

.bss            0x0000000000803800        0x0
                [!provide]                        PROVIDE (__bss_start, .)
 *(COMMON)
                [!provide]                        PROVIDE (__bss_end, .)
                0x00000000000000d2                __data_load_start = LOADADDR (.data)
                0x00000000000000d2                __data_load_end = (__data_load_start + SIZEOF (.data))

.noinit         0x0000000000803800        0x0
                [!provide]                        PROVIDE (__noinit_start, .)
 *(.noinit*)
                [!provide]                        PROVIDE (__noinit_end, .)
                0x0000000000803800                _end = .

.eeprom         0x0000000000810000        0x0
 *(.eeprom*)
                0x0000000000810000                __eeprom_end = .

.fuse
 *(.fuse)
 *(.lfuse)
 *(.hfuse)
 *(.efuse)

.lock
 *(.lock*)

.signature
 *(.signature*)

.user_signatures
 *(.user_signatures*)

.bootrow
 *(.bootrow*)

.stab
 *(.stab)

.stabstr
 *(.stabstr)

.stab.excl
 *(.stab.excl)

.stab.exclstr
 *(.stab.exclstr)

.stab.index
 *(.stab.index)

.stab.indexstr
 *(.stab.indexstr)

.comment        0x0000000000000000       0x5b
 *(.comment)
 .comment       0x0000000000000000       0x2f build/default/production/SonarModule.o
                                         0x30 (size before relaxing)
 .comment       0x000000000000002f       0x30 ..\CWire.X\dist\default\production\CWire.X.a(CWire.o)
 .comment       0x000000000000002f       0x30 ..\CWire.X\dist\default\production\CWire.X.a(twi_pins.o)
 .comment       0x000000000000002f       0x30 ..\Sonar.X\dist\default\production\Sonar.X.a(Sonar.o)
 .comment       0x000000000000002f       0x30 ..\Common.X\dist\default\production\Common.X.a(Common.o)
 .comment       0x000000000000002f       0x2c c:/program files/microchip/xc8/v2.46/avr/bin/../lib/gcc/avr/5.4.0/../../../../avr/lib/avrxmega3\libc.a(exit.o)
                                         0x2d (size before relaxing)
 .comment       0x000000000000005b       0x2d c:/program files/microchip/xc8/v2.46/avr/bin/../lib/gcc/avr/5.4.0/../../../../avr/lib/avrxmega3\libc.a(_Exit.o)

.stack.descriptors.hdr
                0x0000000000000000       0xee
 .stack.descriptors.hdr
                0x0000000000000000        0xe c:/program files/microchip/xc8/v2.46/avr/bin/../lib/gcc/avr/5.4.0/../../../../avr/lib/avrxmega3\libm.a(divsf3.o)
 .stack.descriptors.hdr
                0x000000000000000e        0xe c:/program files/microchip/xc8/v2.46/avr/bin/../lib/gcc/avr/5.4.0/../../../../avr/lib/avrxmega3\libm.a(divsf3x.o)
 .stack.descriptors.hdr
                0x000000000000001c        0xe c:/program files/microchip/xc8/v2.46/avr/bin/../lib/gcc/avr/5.4.0/../../../../avr/lib/avrxmega3\libm.a(fixunssfsi.o)
 .stack.descriptors.hdr
                0x000000000000002a        0xe c:/program files/microchip/xc8/v2.46/avr/bin/../lib/gcc/avr/5.4.0/../../../../avr/lib/avrxmega3\libm.a(floatsisf.o)
 .stack.descriptors.hdr
                0x0000000000000038        0xe c:/program files/microchip/xc8/v2.46/avr/bin/../lib/gcc/avr/5.4.0/../../../../avr/lib/avrxmega3\libm.a(fp_inf.o)
 .stack.descriptors.hdr
                0x0000000000000046        0xe c:/program files/microchip/xc8/v2.46/avr/bin/../lib/gcc/avr/5.4.0/../../../../avr/lib/avrxmega3\libm.a(fp_nan.o)
 .stack.descriptors.hdr
                0x0000000000000054        0xe c:/program files/microchip/xc8/v2.46/avr/bin/../lib/gcc/avr/5.4.0/../../../../avr/lib/avrxmega3\libm.a(fp_pscA.o)
 .stack.descriptors.hdr
                0x0000000000000062        0xe c:/program files/microchip/xc8/v2.46/avr/bin/../lib/gcc/avr/5.4.0/../../../../avr/lib/avrxmega3\libm.a(fp_pscB.o)
 .stack.descriptors.hdr
                0x0000000000000070        0xe c:/program files/microchip/xc8/v2.46/avr/bin/../lib/gcc/avr/5.4.0/../../../../avr/lib/avrxmega3\libm.a(fp_round.o)
 .stack.descriptors.hdr
                0x000000000000007e        0xe c:/program files/microchip/xc8/v2.46/avr/bin/../lib/gcc/avr/5.4.0/../../../../avr/lib/avrxmega3\libm.a(fp_split3.o)
 .stack.descriptors.hdr
                0x000000000000008c        0xe c:/program files/microchip/xc8/v2.46/avr/bin/../lib/gcc/avr/5.4.0/../../../../avr/lib/avrxmega3\libm.a(fp_zero.o)
 .stack.descriptors.hdr
                0x000000000000009a        0xe c:/program files/microchip/xc8/v2.46/avr/bin/../lib/gcc/avr/5.4.0/../../../../avr/lib/avrxmega3\libm.a(mulsf3.o)
 .stack.descriptors.hdr
                0x00000000000000a8        0xe c:/program files/microchip/xc8/v2.46/avr/bin/../lib/gcc/avr/5.4.0/../../../../avr/lib/avrxmega3\libm.a(mulsf3x.o)
 .stack.descriptors.hdr
                0x00000000000000b6        0xe c:/program files/microchip/xc8/v2.46/avr/bin/../lib/gcc/avr/5.4.0/avrxmega3\libgcc.a(_umulhisi3.o)
 .stack.descriptors.hdr
                0x00000000000000c4        0xe c:/program files/microchip/xc8/v2.46/avr/bin/../lib/gcc/avr/5.4.0/../../../../avr/lib/avrxmega3\libc.a(exit.o)
 .stack.descriptors.hdr
                0x00000000000000d2        0xe c:/program files/microchip/xc8/v2.46/avr/bin/../lib/gcc/avr/5.4.0/../../../../avr/lib/avrxmega3\libc.a(_Exit.o)
 .stack.descriptors.hdr
                0x00000000000000e0        0xe c:/program files/microchip/xc8/v2.46/avr/bin/../lib/gcc/avr/5.4.0/avrxmega3\libgcc.a(_exit.o)

.note.GNU-stack
                0x0000000000000000        0x0
 .note.GNU-stack
                0x0000000000000000        0x0 c:/program files/microchip/xc8/v2.46/avr/bin/../lib/gcc/avr/5.4.0/../../../../avr/lib/avrxmega3\libm.a(divsf3.o)
 .note.GNU-stack
                0x0000000000000000        0x0 c:/program files/microchip/xc8/v2.46/avr/bin/../lib/gcc/avr/5.4.0/../../../../avr/lib/avrxmega3\libm.a(divsf3x.o)
 .note.GNU-stack
                0x0000000000000000        0x0 c:/program files/microchip/xc8/v2.46/avr/bin/../lib/gcc/avr/5.4.0/../../../../avr/lib/avrxmega3\libm.a(fixunssfsi.o)
 .note.GNU-stack
                0x0000000000000000        0x0 c:/program files/microchip/xc8/v2.46/avr/bin/../lib/gcc/avr/5.4.0/../../../../avr/lib/avrxmega3\libm.a(floatsisf.o)
 .note.GNU-stack
                0x0000000000000000        0x0 c:/program files/microchip/xc8/v2.46/avr/bin/../lib/gcc/avr/5.4.0/../../../../avr/lib/avrxmega3\libm.a(fp_inf.o)
 .note.GNU-stack
                0x0000000000000000        0x0 c:/program files/microchip/xc8/v2.46/avr/bin/../lib/gcc/avr/5.4.0/../../../../avr/lib/avrxmega3\libm.a(fp_nan.o)
 .note.GNU-stack
                0x0000000000000000        0x0 c:/program files/microchip/xc8/v2.46/avr/bin/../lib/gcc/avr/5.4.0/../../../../avr/lib/avrxmega3\libm.a(fp_pscA.o)
 .note.GNU-stack
                0x0000000000000000        0x0 c:/program files/microchip/xc8/v2.46/avr/bin/../lib/gcc/avr/5.4.0/../../../../avr/lib/avrxmega3\libm.a(fp_pscB.o)
 .note.GNU-stack
                0x0000000000000000        0x0 c:/program files/microchip/xc8/v2.46/avr/bin/../lib/gcc/avr/5.4.0/../../../../avr/lib/avrxmega3\libm.a(fp_round.o)
 .note.GNU-stack
                0x0000000000000000        0x0 c:/program files/microchip/xc8/v2.46/avr/bin/../lib/gcc/avr/5.4.0/../../../../avr/lib/avrxmega3\libm.a(fp_split3.o)
 .note.GNU-stack
                0x0000000000000000        0x0 c:/program files/microchip/xc8/v2.46/avr/bin/../lib/gcc/avr/5.4.0/../../../../avr/lib/avrxmega3\libm.a(fp_zero.o)
 .note.GNU-stack
                0x0000000000000000        0x0 c:/program files/microchip/xc8/v2.46/avr/bin/../lib/gcc/avr/5.4.0/../../../../avr/lib/avrxmega3\libm.a(mulsf3.o)
 .note.GNU-stack
                0x0000000000000000        0x0 c:/program files/microchip/xc8/v2.46/avr/bin/../lib/gcc/avr/5.4.0/../../../../avr/lib/avrxmega3\libm.a(mulsf3x.o)
 .note.GNU-stack
                0x0000000000000000        0x0 c:/program files/microchip/xc8/v2.46/avr/bin/../lib/gcc/avr/5.4.0/../../../../avr/lib/avrxmega3\libc.a(exit.o)
 .note.GNU-stack
                0x0000000000000000        0x0 c:/program files/microchip/xc8/v2.46/avr/bin/../lib/gcc/avr/5.4.0/../../../../avr/lib/avrxmega3\libc.a(_Exit.o)

.note.gnu.build-id
 *(.note.gnu.build-id)

.debug
 *(.debug)

.line
 *(.line)

.debug_srcinfo
 *(.debug_srcinfo)

.debug_sfnames
 *(.debug_sfnames)

.debug_aranges  0x0000000000000000      0x210
 *(.debug_aranges)
 .debug_aranges
                0x0000000000000000       0x40 build/default/production/SonarModule.o
 .debug_aranges
                0x0000000000000040      0x110 ..\CWire.X\dist\default\production\CWire.X.a(CWire.o)
 .debug_aranges
                0x0000000000000150       0x48 ..\CWire.X\dist\default\production\CWire.X.a(twi_pins.o)
 .debug_aranges
                0x0000000000000198       0x58 ..\Sonar.X\dist\default\production\Sonar.X.a(Sonar.o)
 .debug_aranges
                0x00000000000001f0       0x20 ..\Common.X\dist\default\production\Common.X.a(Common.o)

.debug_pubnames
 *(.debug_pubnames)

.debug_info     0x0000000000000000     0x5817
 *(.debug_info .gnu.linkonce.wi.*)
 .debug_info    0x0000000000000000     0x1b97 C:/Program Files/Microchip/MPLABX/v6.20/packs/Microchip/ATtiny_DFP/3.1.260/xc8/avr/lib/avrxmega3/crtattiny1627.o
 .debug_info    0x0000000000001b97      0xd46 build/default/production/SonarModule.o
 .debug_info    0x00000000000028dd     0x1513 ..\CWire.X\dist\default\production\CWire.X.a(CWire.o)
 .debug_info    0x0000000000003df0      0x6c7 ..\CWire.X\dist\default\production\CWire.X.a(twi_pins.o)
 .debug_info    0x00000000000044b7      0xf64 ..\Sonar.X\dist\default\production\Sonar.X.a(Sonar.o)
 .debug_info    0x000000000000541b      0x3fc ..\Common.X\dist\default\production\Common.X.a(Common.o)

.debug_abbrev   0x0000000000000000     0x2309
 *(.debug_abbrev)
 .debug_abbrev  0x0000000000000000     0x1a20 C:/Program Files/Microchip/MPLABX/v6.20/packs/Microchip/ATtiny_DFP/3.1.260/xc8/avr/lib/avrxmega3/crtattiny1627.o
 .debug_abbrev  0x0000000000001a20      0x1d3 build/default/production/SonarModule.o
 .debug_abbrev  0x0000000000001bf3      0x2ca ..\CWire.X\dist\default\production\CWire.X.a(CWire.o)
 .debug_abbrev  0x0000000000001ebd      0x155 ..\CWire.X\dist\default\production\CWire.X.a(twi_pins.o)
 .debug_abbrev  0x0000000000002012      0x230 ..\Sonar.X\dist\default\production\Sonar.X.a(Sonar.o)
 .debug_abbrev  0x0000000000002242       0xc7 ..\Common.X\dist\default\production\Common.X.a(Common.o)

.debug_line     0x0000000000000000     0x121e
 *(.debug_line .debug_line.* .debug_line_end)
 .debug_line    0x0000000000000000      0x14b C:/Program Files/Microchip/MPLABX/v6.20/packs/Microchip/ATtiny_DFP/3.1.260/xc8/avr/lib/avrxmega3/crtattiny1627.o
 .debug_line    0x000000000000014b      0x221 build/default/production/SonarModule.o
 .debug_line    0x000000000000036c      0x914 ..\CWire.X\dist\default\production\CWire.X.a(CWire.o)
 .debug_line    0x0000000000000c80      0x1b7 ..\CWire.X\dist\default\production\CWire.X.a(twi_pins.o)
 .debug_line    0x0000000000000e37      0x2b8 ..\Sonar.X\dist\default\production\Sonar.X.a(Sonar.o)
 .debug_line    0x00000000000010ef      0x12f ..\Common.X\dist\default\production\Common.X.a(Common.o)

.debug_frame    0x0000000000000000      0x51c
 *(.debug_frame)
 .debug_frame   0x0000000000000000       0x74 build/default/production/SonarModule.o
 .debug_frame   0x0000000000000074      0x318 ..\CWire.X\dist\default\production\CWire.X.a(CWire.o)
 .debug_frame   0x000000000000038c       0x74 ..\CWire.X\dist\default\production\CWire.X.a(twi_pins.o)
 .debug_frame   0x0000000000000400       0xc8 ..\Sonar.X\dist\default\production\Sonar.X.a(Sonar.o)
 .debug_frame   0x00000000000004c8       0x54 ..\Common.X\dist\default\production\Common.X.a(Common.o)

.debug_str      0x0000000000000000      0xd9c
 *(.debug_str)
 .debug_str     0x0000000000000000      0xbdd C:/Program Files/Microchip/MPLABX/v6.20/packs/Microchip/ATtiny_DFP/3.1.260/xc8/avr/lib/avrxmega3/crtattiny1627.o
 .debug_str     0x0000000000000bdd       0xaf build/default/production/SonarModule.o
 .debug_str     0x0000000000000c8c       0x9f ..\CWire.X\dist\default\production\CWire.X.a(CWire.o)
 .debug_str     0x0000000000000d2b       0x1f ..\CWire.X\dist\default\production\CWire.X.a(twi_pins.o)
 .debug_str     0x0000000000000d4a       0x52 ..\Sonar.X\dist\default\production\Sonar.X.a(Sonar.o)
 .debug_str     0x0000000000000d9c        0x0 ..\Common.X\dist\default\production\Common.X.a(Common.o)

.debug_loc      0x0000000000000000     0x1493
 *(.debug_loc)
 .debug_loc     0x0000000000000000       0x66 build/default/production/SonarModule.o
 .debug_loc     0x0000000000000066     0x116c ..\CWire.X\dist\default\production\CWire.X.a(CWire.o)
 .debug_loc     0x00000000000011d2       0xbb ..\CWire.X\dist\default\production\CWire.X.a(twi_pins.o)
 .debug_loc     0x000000000000128d      0x206 ..\Sonar.X\dist\default\production\Sonar.X.a(Sonar.o)

.debug_macinfo
 *(.debug_macinfo)

.debug_weaknames
 *(.debug_weaknames)

.debug_funcnames
 *(.debug_funcnames)

.debug_typenames
 *(.debug_typenames)

.debug_varnames
 *(.debug_varnames)

.debug_pubtypes
 *(.debug_pubtypes)

.debug_ranges   0x0000000000000000      0x1e0
 *(.debug_ranges)
 .debug_ranges  0x0000000000000000       0x30 build/default/production/SonarModule.o
 .debug_ranges  0x0000000000000030      0x130 ..\CWire.X\dist\default\production\CWire.X.a(CWire.o)
 .debug_ranges  0x0000000000000160       0x38 ..\CWire.X\dist\default\production\CWire.X.a(twi_pins.o)
 .debug_ranges  0x0000000000000198       0x48 ..\Sonar.X\dist\default\production\Sonar.X.a(Sonar.o)

.debug_macro
 *(.debug_macro)
OUTPUT(dist/default/production/Sonar_Lower.X.production.elf elf32-avr)
LOAD linker stubs
LOAD data_init

.note.gnu.avr.deviceinfo
                0x0000000000000000       0x40
 .note.gnu.avr.deviceinfo
                0x0000000000000000       0x40 C:/Program Files/Microchip/MPLABX/v6.20/packs/Microchip/ATtiny_DFP/3.1.260/xc8/avr/lib/avrxmega3/crtattiny1627.o

.bss.sonar      0x0000000000803850       0x12
 .bss.sonar     0x0000000000803850       0x12 build/default/production/SonarModule.o
                0x0000000000803850                sonar

.bss.twi0       0x0000000000803800       0x50
 .bss.twi0      0x0000000000803800       0x50 build/default/production/SonarModule.o
                0x0000000000803800                twi0

.bss.twi0_wire  0x0000000000803862        0x2
 .bss.twi0_wire
                0x0000000000803862        0x2 ..\CWire.X\dist\default\production\CWire.X.a(CWire.o)
                0x0000000000803862                twi0_wire

.bss.sleepStack
                0x0000000000803864        0x1
 .bss.sleepStack
                0x0000000000803864        0x1 ..\CWire.X\dist\default\production\CWire.X.a(CWire.o)
                0x0000000000803864                sleepStack

.text.TwoWire_HandleSlaveIRQ
                0x00000000000000d2      0x164
 .text.TwoWire_HandleSlaveIRQ
                0x00000000000000d2      0x164 ..\CWire.X\dist\default\production\CWire.X.a(CWire.o)
                0x00000000000000d2                TwoWire_HandleSlaveIRQ

.text           0x0000000000000236       0xde
 .text          0x0000000000000236       0xde c:/program files/microchip/xc8/v2.46/avr/bin/../lib/gcc/avr/5.4.0/../../../../avr/lib/avrxmega3\libm.a(divsf3x.o)
                0x0000000000000236                __divsf3x
                0x000000000000025e                __divsf3_pse

.text           0x0000000000000314       0xd4
 .text          0x0000000000000314       0xd4 c:/program files/microchip/xc8/v2.46/avr/bin/../lib/gcc/avr/5.4.0/../../../../avr/lib/avrxmega3\libm.a(mulsf3x.o)
                0x0000000000000314                __mulsf3x
                0x000000000000033a                __mulsf3_pse

.text           0x00000000000003e8       0x7a
 .text          0x00000000000003e8       0x7a c:/program files/microchip/xc8/v2.46/avr/bin/../lib/gcc/avr/5.4.0/../../../../avr/lib/avrxmega3\libm.a(floatsisf.o)
                0x00000000000003e8                __floatunsisf
                0x00000000000003ec                __floatsisf

.text           0x0000000000000462       0x74
 .text          0x0000000000000462       0x74 ..\Common.X\dist\default\production\Common.X.a(Common.o)
                0x0000000000000462                setupRGB
                0x0000000000000496                RGB

.text.Sonar_calculateDistance
                0x00000000000004d6       0x5e
 .text.Sonar_calculateDistance
                0x00000000000004d6       0x5e ..\Sonar.X\dist\default\production\Sonar.X.a(Sonar.o)
                0x00000000000004d6                Sonar_calculateDistance

.text           0x0000000000000534       0x5e
 .text          0x0000000000000534       0x5e c:/program files/microchip/xc8/v2.46/avr/bin/../lib/gcc/avr/5.4.0/../../../../avr/lib/avrxmega3\libm.a(fixunssfsi.o)
                0x0000000000000534                __fixunssfsi

.text.TwoWire_Slave_begin
                0x0000000000000592       0x58
 .text.TwoWire_Slave_begin
                0x0000000000000592       0x58 ..\CWire.X\dist\default\production\CWire.X.a(CWire.o)
                0x0000000000000592                TwoWire_Slave_begin

.text.TwoWire_writeBytes
                0x00000000000005ea       0x50
 .text.TwoWire_writeBytes
                0x00000000000005ea       0x50 ..\CWire.X\dist\default\production\CWire.X.a(CWire.o)
                0x00000000000005ea                TwoWire_writeBytes

.text.__vector_14
                0x000000000000063a       0x50
 .text.__vector_14
                0x000000000000063a       0x50 ..\CWire.X\dist\default\production\CWire.X.a(CWire.o)
                0x000000000000063a                __vector_14

.text.Sonar_trigger
                0x000000000000068a       0x4e
 .text.Sonar_trigger
                0x000000000000068a       0x4e ..\Sonar.X\dist\default\production\Sonar.X.a(Sonar.o)
                0x000000000000068a                Sonar_trigger

.text.main      0x00000000000006d8       0x46
 .text.main     0x00000000000006d8       0x46 build/default/production/SonarModule.o
                0x00000000000006d8                main

.text           0x000000000000071e       0x44
 .text          0x000000000000071e       0x44 c:/program files/microchip/xc8/v2.46/avr/bin/../lib/gcc/avr/5.4.0/../../../../avr/lib/avrxmega3\libm.a(fp_split3.o)
                0x000000000000071e                __fp_split3
                0x000000000000072e                __fp_splitA

.text.Sonar_init
                0x0000000000000762       0x3c
 .text.Sonar_init
                0x0000000000000762       0x3c ..\Sonar.X\dist\default\production\Sonar.X.a(Sonar.o)
                0x0000000000000762                Sonar_init

.text.I2C_RX_Callback
                0x000000000000079e       0x3a
 .text.I2C_RX_Callback
                0x000000000000079e       0x3a build/default/production/SonarModule.o
                0x000000000000079e                I2C_RX_Callback

.text.I2C_TX_Callback
                0x00000000000007d8       0x38
 .text.I2C_TX_Callback
                0x00000000000007d8       0x38 build/default/production/SonarModule.o
                0x00000000000007d8                I2C_TX_Callback

.text.TwoWire_read
                0x0000000000000810       0x34
 .text.TwoWire_read
                0x0000000000000810       0x34 ..\CWire.X\dist\default\production\CWire.X.a(CWire.o)
                0x0000000000000810                TwoWire_read

.text.Sonar_convertDistances
                0x0000000000000844       0x34
 .text.Sonar_convertDistances
                0x0000000000000844       0x34 ..\Sonar.X\dist\default\production\Sonar.X.a(Sonar.o)
                0x0000000000000844                Sonar_convertDistances

.text.TwoWire_write
                0x0000000000000878       0x28
 .text.TwoWire_write
                0x0000000000000878       0x28 ..\CWire.X\dist\default\production\CWire.X.a(CWire.o)
                0x0000000000000878                TwoWire_write

.text           0x00000000000008a0       0x22
 .text          0x00000000000008a0       0x22 c:/program files/microchip/xc8/v2.46/avr/bin/../lib/gcc/avr/5.4.0/../../../../avr/lib/avrxmega3\libm.a(fp_round.o)
                0x00000000000008a0                __fp_round

.text.Sonar_setupSonar
                0x00000000000008c2       0x1e
 .text.Sonar_setupSonar
                0x00000000000008c2       0x1e ..\Sonar.X\dist\default\production\Sonar.X.a(Sonar.o)
                0x00000000000008c2                Sonar_setupSonar

.text.libgcc.mul
                0x00000000000008e0       0x1e
 .text.libgcc.mul
                0x00000000000008e0       0x1e c:/program files/microchip/xc8/v2.46/avr/bin/../lib/gcc/avr/5.4.0/avrxmega3\libgcc.a(_umulhisi3.o)
                0x00000000000008e0                __umulhisi3

.text.mainClkCtrl
                0x00000000000008fe       0x18
 .text.mainClkCtrl
                0x00000000000008fe       0x18 build/default/production/SonarModule.o
                0x00000000000008fe                mainClkCtrl

.text.TwoWire_available
                0x0000000000000916       0x18
 .text.TwoWire_available
                0x0000000000000916       0x18 ..\CWire.X\dist\default\production\CWire.X.a(CWire.o)
                0x0000000000000916                TwoWire_available

.text.pauseDeepSleep
                0x000000000000092e       0x18
 .text.pauseDeepSleep
                0x000000000000092e       0x18 ..\CWire.X\dist\default\production\CWire.X.a(CWire.o)
                0x000000000000092e                pauseDeepSleep

.text.Sonar_setupTCA
                0x0000000000000946       0x16
 .text.Sonar_setupTCA
                0x0000000000000946       0x16 ..\Sonar.X\dist\default\production\Sonar.X.a(Sonar.o)
                0x0000000000000946                Sonar_setupTCA

.text.exit      0x000000000000095c       0x16
 .text.exit     0x000000000000095c       0x16 c:/program files/microchip/xc8/v2.46/avr/bin/../lib/gcc/avr/5.4.0/../../../../avr/lib/avrxmega3\libc.a(exit.o)
                0x000000000000095c                exit

.text.setup     0x0000000000000972       0x14
 .text.setup    0x0000000000000972       0x14 build/default/production/SonarModule.o
                0x0000000000000972                setup

.text.TwoWire_init
                0x0000000000000986       0x10
 .text.TwoWire_init
                0x0000000000000986       0x10 ..\CWire.X\dist\default\production\CWire.X.a(CWire.o)
                0x0000000000000986                TwoWire_init

.text.Sonar_enableTCA
                0x0000000000000996       0x10
 .text.Sonar_enableTCA
                0x0000000000000996       0x10 ..\Sonar.X\dist\default\production\Sonar.X.a(Sonar.o)
                0x0000000000000996                Sonar_enableTCA

.text.restoreSleep
                0x00000000000009a6        0xe
 .text.restoreSleep
                0x00000000000009a6        0xe ..\CWire.X\dist\default\production\CWire.X.a(CWire.o)
                0x00000000000009a6                restoreSleep

.text           0x00000000000009b4        0xe
 .text          0x00000000000009b4        0xe c:/program files/microchip/xc8/v2.46/avr/bin/../lib/gcc/avr/5.4.0/../../../../avr/lib/avrxmega3\libm.a(fp_pscA.o)
                0x00000000000009b4                __fp_pscA

.text           0x00000000000009c2        0xe
 .text          0x00000000000009c2        0xe c:/program files/microchip/xc8/v2.46/avr/bin/../lib/gcc/avr/5.4.0/../../../../avr/lib/avrxmega3\libm.a(fp_pscB.o)
                0x00000000000009c2                __fp_pscB

.text           0x00000000000009d0        0xe
 .text          0x00000000000009d0        0xe c:/program files/microchip/xc8/v2.46/avr/bin/../lib/gcc/avr/5.4.0/../../../../avr/lib/avrxmega3\libm.a(fp_zero.o)
                0x00000000000009d0                __fp_zero
                0x00000000000009d2                __fp_szero

.text.TwoWire_onReceive
                0x00000000000009de        0xc
 .text.TwoWire_onReceive
                0x00000000000009de        0xc ..\CWire.X\dist\default\production\CWire.X.a(CWire.o)
                0x00000000000009de                TwoWire_onReceive

.text.TwoWire_onRequest
                0x00000000000009ea        0xc
 .text.TwoWire_onRequest
                0x00000000000009ea        0xc ..\CWire.X\dist\default\production\CWire.X.a(CWire.o)
                0x00000000000009ea                TwoWire_onRequest

.text.Sonar_disableTCA
                0x00000000000009f6        0xc
 .text.Sonar_disableTCA
                0x00000000000009f6        0xc ..\Sonar.X\dist\default\production\Sonar.X.a(Sonar.o)
                0x00000000000009f6                Sonar_disableTCA

.text           0x0000000000000a02        0xc
 .text          0x0000000000000a02        0xc c:/program files/microchip/xc8/v2.46/avr/bin/../lib/gcc/avr/5.4.0/../../../../avr/lib/avrxmega3\libm.a(fp_inf.o)
                0x0000000000000a02                __fp_inf

.text.TWI0_ClearPins
                0x0000000000000a0e        0x8
 .text.TWI0_ClearPins
                0x0000000000000a0e        0x8 ..\CWire.X\dist\default\production\CWire.X.a(twi_pins.o)
                0x0000000000000a0e                TWI0_ClearPins

.text           0x0000000000000a16        0x8
 .text          0x0000000000000a16        0x8 c:/program files/microchip/xc8/v2.46/avr/bin/../lib/gcc/avr/5.4.0/../../../../avr/lib/avrxmega3\libm.a(divsf3.o)
                0x0000000000000a16                __divsf3

.text           0x0000000000000a1e        0x8
 .text          0x0000000000000a1e        0x8 c:/program files/microchip/xc8/v2.46/avr/bin/../lib/gcc/avr/5.4.0/../../../../avr/lib/avrxmega3\libm.a(mulsf3.o)
                0x0000000000000a1e                __mulsf3

.text           0x0000000000000a26        0x6
 .text          0x0000000000000a26        0x6 c:/program files/microchip/xc8/v2.46/avr/bin/../lib/gcc/avr/5.4.0/../../../../avr/lib/avrxmega3\libm.a(fp_nan.o)
                0x0000000000000a26                __fp_nan

.text           0x0000000000000a2c        0x4
 .text          0x0000000000000a2c        0x4 C:/Program Files/Microchip/MPLABX/v6.20/packs/Microchip/ATtiny_DFP/3.1.260/xc8/avr/lib/avrxmega3/crtattiny1627.o
                0x0000000000000a2c                __vector_22
                0x0000000000000a2c                __vector_28
                0x0000000000000a2c                __vector_1
                0x0000000000000a2c                __vector_24
                0x0000000000000a2c                __vector_12
                0x0000000000000a2c                __bad_interrupt
                0x0000000000000a2c                __vector_6
                0x0000000000000a2c                __vector_3
                0x0000000000000a2c                __vector_23
                0x0000000000000a2c                __vector_25
                0x0000000000000a2c                __vector_11
                0x0000000000000a2c                __vector_13
                0x0000000000000a2c                __vector_17
                0x0000000000000a2c                __vector_19
                0x0000000000000a2c                __vector_7
                0x0000000000000a2c                __vector_27
                0x0000000000000a2c                __vector_5
                0x0000000000000a2c                __vector_4
                0x0000000000000a2c                __vector_9
                0x0000000000000a2c                __vector_2
                0x0000000000000a2c                __vector_21
                0x0000000000000a2c                __vector_15
                0x0000000000000a2c                __vector_29
                0x0000000000000a2c                __vector_8
                0x0000000000000a2c                __vector_26
                0x0000000000000a2c                __vector_10
                0x0000000000000a2c                __vector_16
                0x0000000000000a2c                __vector_18
                0x0000000000000a2c                __vector_20

.text._Exit     0x0000000000000a30        0x4
 .text._Exit    0x0000000000000a30        0x4 c:/program files/microchip/xc8/v2.46/avr/bin/../lib/gcc/avr/5.4.0/../../../../avr/lib/avrxmega3\libc.a(_Exit.o)
                0x0000000000000a30                _Exit

.text.__dummy_fini
                0x0000000000000a34        0x2
 .text.__dummy_fini
                0x0000000000000a34        0x2 c:/program files/microchip/xc8/v2.46/avr/bin/../lib/gcc/avr/5.4.0/../../../../avr/lib/avrxmega3\libc.a(exit.o)
                0x0000000000000a34                _fini

.text.__dummy_funcs_on_exit
                0x0000000000000a36        0x2
 .text.__dummy_funcs_on_exit
                0x0000000000000a36        0x2 c:/program files/microchip/xc8/v2.46/avr/bin/../lib/gcc/avr/5.4.0/../../../../avr/lib/avrxmega3\libc.a(exit.o)
                0x0000000000000a36                __funcs_on_exit

.text.__dummy_simulator_exit
                0x0000000000000a38        0x2
 .text.__dummy_simulator_exit
                0x0000000000000a38        0x2 c:/program files/microchip/xc8/v2.46/avr/bin/../lib/gcc/avr/5.4.0/../../../../avr/lib/avrxmega3\libc.a(exit.o)
                0x0000000000000a38                __simulator_exit
