Archive member included to satisfy reference by file (symbol)

..\Common.X\dist\default\production\Common.X.a(Common.o)
                              build/default/production/MainMotor.o (setupRGB)
..\CWire.X\dist\default\production\CWire.X.a(CWire.o)
                              build/default/production/MainMotor.o (TwoWire_init)
..\CWire.X\dist\default\production\CWire.X.a(twi_pins.o)
                              ..\CWire.X\dist\default\production\CWire.X.a(CWire.o) (TWI0_ClearPins)
..\StepperMotor.X\dist\default\production\StepperMotor.X.a(StepperMotor.o)
                              build/default/production/MainMotor.o (StepperMotor_init)
c:/program files/microchip/xc8/v2.46/avr/bin/../lib/gcc/avr/5.4.0/avrxmega3\libgcc.a(_udivmodsi4.o)
                              ..\CWire.X\dist\default\production\CWire.X.a(CWire.o) (__udivmodsi4)
c:/program files/microchip/xc8/v2.46/avr/bin/../lib/gcc/avr/5.4.0/avrxmega3\libgcc.a(_tablejump2.o)
                              ..\StepperMotor.X\dist\default\production\StepperMotor.X.a(StepperMotor.o) (__tablejump2__)
c:/program files/microchip/xc8/v2.46/avr/bin/../lib/gcc/avr/5.4.0/avrxmega3\libgcc.a(_copy_data.o)
                              build/default/production/MainMotor.o (__do_clear_bss)
c:/program files/microchip/xc8/v2.46/avr/bin/../lib/gcc/avr/5.4.0/../../../../avr/lib/avrxmega3\libc.a(exit.o)
                              C:/Program Files/Microchip/MPLABX/v6.20/packs/Microchip/ATtiny_DFP/3.1.260/xc8/avr/lib/avrxmega3/crtattiny1627.o (exit)
c:/program files/microchip/xc8/v2.46/avr/bin/../lib/gcc/avr/5.4.0/../../../../avr/lib/avrxmega3\libc.a(_Exit.o)
                              c:/program files/microchip/xc8/v2.46/avr/bin/../lib/gcc/avr/5.4.0/../../../../avr/lib/avrxmega3\libc.a(exit.o) (_Exit)
c:/program files/microchip/xc8/v2.46/avr/bin/../lib/gcc/avr/5.4.0/avrxmega3\libgcc.a(_exit.o)
                              c:/program files/microchip/xc8/v2.46/avr/bin/../lib/gcc/avr/5.4.0/../../../../avr/lib/avrxmega3\libc.a(_Exit.o) (_exit)

Discarded input sections

 .data          0x0000000000000000        0x0 C:/Program Files/Microchip/MPLABX/v6.20/packs/Microchip/ATtiny_DFP/3.1.260/xc8/avr/lib/avrxmega3/crtattiny1627.o
 .bss           0x0000000000000000        0x0 C:/Program Files/Microchip/MPLABX/v6.20/packs/Microchip/ATtiny_DFP/3.1.260/xc8/avr/lib/avrxmega3/crtattiny1627.o
 .text          0x0000000000000000        0x0 build/default/production/MainMotor.o
 .data          0x0000000000000000        0x0 build/default/production/MainMotor.o
 .bss           0x0000000000000000        0x0 build/default/production/MainMotor.o
 .data          0x0000000000000000        0x0 ..\Common.X\dist\default\production\Common.X.a(Common.o)
 .bss           0x0000000000000000        0x0 ..\Common.X\dist\default\production\Common.X.a(Common.o)
 .text          0x0000000000000000        0x0 ..\CWire.X\dist\default\production\CWire.X.a(CWire.o)
 .data          0x0000000000000000        0x0 ..\CWire.X\dist\default\production\CWire.X.a(CWire.o)
 .bss           0x0000000000000000        0x0 ..\CWire.X\dist\default\production\CWire.X.a(CWire.o)
 .text.MasterCalcBaud
                0x0000000000000000       0x96 ..\CWire.X\dist\default\production\CWire.X.a(CWire.o)
 .text.TwoWire_pins
                0x0000000000000000        0xa ..\CWire.X\dist\default\production\CWire.X.a(CWire.o)
 .text.TwoWire_usePullups
                0x0000000000000000        0x6 ..\CWire.X\dist\default\production\CWire.X.a(CWire.o)
 .text.TwoWire_setClock
                0x0000000000000000       0x8a ..\CWire.X\dist\default\production\CWire.X.a(CWire.o)
 .text.TwoWire_Master_begin
                0x0000000000000000       0x30 ..\CWire.X\dist\default\production\CWire.X.a(CWire.o)
 .text.TwoWire_endMaster
                0x0000000000000000       0x26 ..\CWire.X\dist\default\production\CWire.X.a(CWire.o)
 .text.TwoWire_beginTransmission
                0x0000000000000000       0x1c ..\CWire.X\dist\default\production\CWire.X.a(CWire.o)
 .text.TwoWire_masterTransmit
                0x0000000000000000       0xc8 ..\CWire.X\dist\default\production\CWire.X.a(CWire.o)
 .text.TwoWire_endTransmission
                0x0000000000000000       0x20 ..\CWire.X\dist\default\production\CWire.X.a(CWire.o)
 .text.TwoWire_masterReceive
                0x0000000000000000       0xaa ..\CWire.X\dist\default\production\CWire.X.a(CWire.o)
 .text.TwoWire_requestFrom
                0x0000000000000000       0x32 ..\CWire.X\dist\default\production\CWire.X.a(CWire.o)
 .text.TwoWire_endSlave
                0x0000000000000000       0x2e ..\CWire.X\dist\default\production\CWire.X.a(CWire.o)
 .text.TwoWire_getIncomingAddress
                0x0000000000000000        0xa ..\CWire.X\dist\default\production\CWire.X.a(CWire.o)
 .text.TwoWire_getBytesRead
                0x0000000000000000        0xc ..\CWire.X\dist\default\production\CWire.X.a(CWire.o)
 .text.TwoWire_slaveTransactionOpen
                0x0000000000000000       0x1c ..\CWire.X\dist\default\production\CWire.X.a(CWire.o)
 .text.TwoWire_checkPinLevels
                0x0000000000000000        0x6 ..\CWire.X\dist\default\production\CWire.X.a(CWire.o)
 .text.TwoWire_onRequest
                0x0000000000000000        0xc ..\CWire.X\dist\default\production\CWire.X.a(CWire.o)
 .text.TwoWire_write
                0x0000000000000000       0x28 ..\CWire.X\dist\default\production\CWire.X.a(CWire.o)
 .text.TwoWire_writeBytes
                0x0000000000000000       0x50 ..\CWire.X\dist\default\production\CWire.X.a(CWire.o)
 .text.TwoWire_peek
                0x0000000000000000       0x28 ..\CWire.X\dist\default\production\CWire.X.a(CWire.o)
 .text.TwoWire_end
                0x0000000000000000       0x16 ..\CWire.X\dist\default\production\CWire.X.a(CWire.o)
 .text.TwoWire_flush
                0x0000000000000000        0xe ..\CWire.X\dist\default\production\CWire.X.a(CWire.o)
 .text          0x0000000000000000        0x0 ..\CWire.X\dist\default\production\CWire.X.a(twi_pins.o)
 .data          0x0000000000000000        0x0 ..\CWire.X\dist\default\production\CWire.X.a(twi_pins.o)
 .bss           0x0000000000000000        0x0 ..\CWire.X\dist\default\production\CWire.X.a(twi_pins.o)
 .text.TWI0_Pins
                0x0000000000000000       0x14 ..\CWire.X\dist\default\production\CWire.X.a(twi_pins.o)
 .text.TWI0_swap
                0x0000000000000000        0xa ..\CWire.X\dist\default\production\CWire.X.a(twi_pins.o)
 .text.TWI0_usePullups
                0x0000000000000000       0x16 ..\CWire.X\dist\default\production\CWire.X.a(twi_pins.o)
 .text.TWI0_checkPinLevel
                0x0000000000000000        0x6 ..\CWire.X\dist\default\production\CWire.X.a(twi_pins.o)
 .text.TWI0_setConfig
                0x0000000000000000       0x14 ..\CWire.X\dist\default\production\CWire.X.a(twi_pins.o)
 .text          0x0000000000000000        0x0 ..\StepperMotor.X\dist\default\production\StepperMotor.X.a(StepperMotor.o)
 .data          0x0000000000000000        0x0 ..\StepperMotor.X\dist\default\production\StepperMotor.X.a(StepperMotor.o)
 .bss           0x0000000000000000        0x0 ..\StepperMotor.X\dist\default\production\StepperMotor.X.a(StepperMotor.o)
 .text          0x0000000000000000        0x0 c:/program files/microchip/xc8/v2.46/avr/bin/../lib/gcc/avr/5.4.0/avrxmega3\libgcc.a(_udivmodsi4.o)
 .data          0x0000000000000000        0x0 c:/program files/microchip/xc8/v2.46/avr/bin/../lib/gcc/avr/5.4.0/avrxmega3\libgcc.a(_udivmodsi4.o)
 .bss           0x0000000000000000        0x0 c:/program files/microchip/xc8/v2.46/avr/bin/../lib/gcc/avr/5.4.0/avrxmega3\libgcc.a(_udivmodsi4.o)
 .text.libgcc.mul
                0x0000000000000000        0x0 c:/program files/microchip/xc8/v2.46/avr/bin/../lib/gcc/avr/5.4.0/avrxmega3\libgcc.a(_udivmodsi4.o)
 .text.libgcc.div
                0x0000000000000000       0x44 c:/program files/microchip/xc8/v2.46/avr/bin/../lib/gcc/avr/5.4.0/avrxmega3\libgcc.a(_udivmodsi4.o)
 .stack.descriptors.hdr
                0x0000000000000000        0xe c:/program files/microchip/xc8/v2.46/avr/bin/../lib/gcc/avr/5.4.0/avrxmega3\libgcc.a(_udivmodsi4.o)
 .stack.descriptors
                0x0000000000000000       0x1a c:/program files/microchip/xc8/v2.46/avr/bin/../lib/gcc/avr/5.4.0/avrxmega3\libgcc.a(_udivmodsi4.o)
 .text.libgcc   0x0000000000000000        0x0 c:/program files/microchip/xc8/v2.46/avr/bin/../lib/gcc/avr/5.4.0/avrxmega3\libgcc.a(_udivmodsi4.o)
 .text.libgcc.prologue
                0x0000000000000000        0x0 c:/program files/microchip/xc8/v2.46/avr/bin/../lib/gcc/avr/5.4.0/avrxmega3\libgcc.a(_udivmodsi4.o)
 .text.libgcc.builtins
                0x0000000000000000        0x0 c:/program files/microchip/xc8/v2.46/avr/bin/../lib/gcc/avr/5.4.0/avrxmega3\libgcc.a(_udivmodsi4.o)
 .text.libgcc.fmul
                0x0000000000000000        0x0 c:/program files/microchip/xc8/v2.46/avr/bin/../lib/gcc/avr/5.4.0/avrxmega3\libgcc.a(_udivmodsi4.o)
 .text.libgcc.fixed
                0x0000000000000000        0x0 c:/program files/microchip/xc8/v2.46/avr/bin/../lib/gcc/avr/5.4.0/avrxmega3\libgcc.a(_udivmodsi4.o)
 .text          0x0000000000000000        0x0 c:/program files/microchip/xc8/v2.46/avr/bin/../lib/gcc/avr/5.4.0/avrxmega3\libgcc.a(_tablejump2.o)
 .data          0x0000000000000000        0x0 c:/program files/microchip/xc8/v2.46/avr/bin/../lib/gcc/avr/5.4.0/avrxmega3\libgcc.a(_tablejump2.o)
 .bss           0x0000000000000000        0x0 c:/program files/microchip/xc8/v2.46/avr/bin/../lib/gcc/avr/5.4.0/avrxmega3\libgcc.a(_tablejump2.o)
 .text.libgcc.mul
                0x0000000000000000        0x0 c:/program files/microchip/xc8/v2.46/avr/bin/../lib/gcc/avr/5.4.0/avrxmega3\libgcc.a(_tablejump2.o)
 .text.libgcc.div
                0x0000000000000000        0x0 c:/program files/microchip/xc8/v2.46/avr/bin/../lib/gcc/avr/5.4.0/avrxmega3\libgcc.a(_tablejump2.o)
 .text.libgcc.prologue
                0x0000000000000000        0x0 c:/program files/microchip/xc8/v2.46/avr/bin/../lib/gcc/avr/5.4.0/avrxmega3\libgcc.a(_tablejump2.o)
 .stack.descriptors
                0x0000000000000000       0x1c c:/program files/microchip/xc8/v2.46/avr/bin/../lib/gcc/avr/5.4.0/avrxmega3\libgcc.a(_tablejump2.o)
 .text.libgcc.builtins
                0x0000000000000000        0x0 c:/program files/microchip/xc8/v2.46/avr/bin/../lib/gcc/avr/5.4.0/avrxmega3\libgcc.a(_tablejump2.o)
 .text.libgcc.fmul
                0x0000000000000000        0x0 c:/program files/microchip/xc8/v2.46/avr/bin/../lib/gcc/avr/5.4.0/avrxmega3\libgcc.a(_tablejump2.o)
 .text.libgcc.fixed
                0x0000000000000000        0x0 c:/program files/microchip/xc8/v2.46/avr/bin/../lib/gcc/avr/5.4.0/avrxmega3\libgcc.a(_tablejump2.o)
 .text          0x0000000000000000        0x0 c:/program files/microchip/xc8/v2.46/avr/bin/../lib/gcc/avr/5.4.0/avrxmega3\libgcc.a(_copy_data.o)
 .data          0x0000000000000000        0x0 c:/program files/microchip/xc8/v2.46/avr/bin/../lib/gcc/avr/5.4.0/avrxmega3\libgcc.a(_copy_data.o)
 .bss           0x0000000000000000        0x0 c:/program files/microchip/xc8/v2.46/avr/bin/../lib/gcc/avr/5.4.0/avrxmega3\libgcc.a(_copy_data.o)
 .text.libgcc.mul
                0x0000000000000000        0x0 c:/program files/microchip/xc8/v2.46/avr/bin/../lib/gcc/avr/5.4.0/avrxmega3\libgcc.a(_copy_data.o)
 .text.libgcc.div
                0x0000000000000000        0x0 c:/program files/microchip/xc8/v2.46/avr/bin/../lib/gcc/avr/5.4.0/avrxmega3\libgcc.a(_copy_data.o)
 .text.libgcc   0x0000000000000000        0x0 c:/program files/microchip/xc8/v2.46/avr/bin/../lib/gcc/avr/5.4.0/avrxmega3\libgcc.a(_copy_data.o)
 .text.libgcc.prologue
                0x0000000000000000        0x0 c:/program files/microchip/xc8/v2.46/avr/bin/../lib/gcc/avr/5.4.0/avrxmega3\libgcc.a(_copy_data.o)
 .text.libgcc.builtins
                0x0000000000000000        0x0 c:/program files/microchip/xc8/v2.46/avr/bin/../lib/gcc/avr/5.4.0/avrxmega3\libgcc.a(_copy_data.o)
 .text.libgcc.fmul
                0x0000000000000000        0x0 c:/program files/microchip/xc8/v2.46/avr/bin/../lib/gcc/avr/5.4.0/avrxmega3\libgcc.a(_copy_data.o)
 .text.libgcc.fixed
                0x0000000000000000        0x0 c:/program files/microchip/xc8/v2.46/avr/bin/../lib/gcc/avr/5.4.0/avrxmega3\libgcc.a(_copy_data.o)
 .text          0x0000000000000000        0x0 c:/program files/microchip/xc8/v2.46/avr/bin/../lib/gcc/avr/5.4.0/../../../../avr/lib/avrxmega3\libc.a(exit.o)
 .data          0x0000000000000000        0x0 c:/program files/microchip/xc8/v2.46/avr/bin/../lib/gcc/avr/5.4.0/../../../../avr/lib/avrxmega3\libc.a(exit.o)
 .bss           0x0000000000000000        0x0 c:/program files/microchip/xc8/v2.46/avr/bin/../lib/gcc/avr/5.4.0/../../../../avr/lib/avrxmega3\libc.a(exit.o)
 .stack.descriptors
                0x0000000000000000       0x73 c:/program files/microchip/xc8/v2.46/avr/bin/../lib/gcc/avr/5.4.0/../../../../avr/lib/avrxmega3\libc.a(exit.o)
 .text          0x0000000000000000        0x0 c:/program files/microchip/xc8/v2.46/avr/bin/../lib/gcc/avr/5.4.0/../../../../avr/lib/avrxmega3\libc.a(_Exit.o)
 .data          0x0000000000000000        0x0 c:/program files/microchip/xc8/v2.46/avr/bin/../lib/gcc/avr/5.4.0/../../../../avr/lib/avrxmega3\libc.a(_Exit.o)
 .bss           0x0000000000000000        0x0 c:/program files/microchip/xc8/v2.46/avr/bin/../lib/gcc/avr/5.4.0/../../../../avr/lib/avrxmega3\libc.a(_Exit.o)
 .stack.descriptors
                0x0000000000000000       0x13 c:/program files/microchip/xc8/v2.46/avr/bin/../lib/gcc/avr/5.4.0/../../../../avr/lib/avrxmega3\libc.a(_Exit.o)
 .text          0x0000000000000000        0x0 c:/program files/microchip/xc8/v2.46/avr/bin/../lib/gcc/avr/5.4.0/avrxmega3\libgcc.a(_exit.o)
 .data          0x0000000000000000        0x0 c:/program files/microchip/xc8/v2.46/avr/bin/../lib/gcc/avr/5.4.0/avrxmega3\libgcc.a(_exit.o)
 .bss           0x0000000000000000        0x0 c:/program files/microchip/xc8/v2.46/avr/bin/../lib/gcc/avr/5.4.0/avrxmega3\libgcc.a(_exit.o)
 .text.libgcc.mul
                0x0000000000000000        0x0 c:/program files/microchip/xc8/v2.46/avr/bin/../lib/gcc/avr/5.4.0/avrxmega3\libgcc.a(_exit.o)
 .text.libgcc.div
                0x0000000000000000        0x0 c:/program files/microchip/xc8/v2.46/avr/bin/../lib/gcc/avr/5.4.0/avrxmega3\libgcc.a(_exit.o)
 .text.libgcc   0x0000000000000000        0x0 c:/program files/microchip/xc8/v2.46/avr/bin/../lib/gcc/avr/5.4.0/avrxmega3\libgcc.a(_exit.o)
 .text.libgcc.prologue
                0x0000000000000000        0x0 c:/program files/microchip/xc8/v2.46/avr/bin/../lib/gcc/avr/5.4.0/avrxmega3\libgcc.a(_exit.o)
 .stack.descriptors
                0x0000000000000000       0x13 c:/program files/microchip/xc8/v2.46/avr/bin/../lib/gcc/avr/5.4.0/avrxmega3\libgcc.a(_exit.o)
 .text.libgcc.builtins
                0x0000000000000000        0x0 c:/program files/microchip/xc8/v2.46/avr/bin/../lib/gcc/avr/5.4.0/avrxmega3\libgcc.a(_exit.o)
 .text.libgcc.fmul
                0x0000000000000000        0x0 c:/program files/microchip/xc8/v2.46/avr/bin/../lib/gcc/avr/5.4.0/avrxmega3\libgcc.a(_exit.o)
 .text.libgcc.fixed
                0x0000000000000000        0x0 c:/program files/microchip/xc8/v2.46/avr/bin/../lib/gcc/avr/5.4.0/avrxmega3\libgcc.a(_exit.o)

Memory Configuration

Name             Origin             Length             Attributes
text             0x0000000000000000 0x0000000000004000 xr
data             0x0000000000803800 0x0000000000000800 rw !x
eeprom           0x0000000000810000 0x0000000000000100 rw !x
fuse             0x0000000000820000 0x000000000000000a rw !x
lock             0x0000000000830000 0x0000000000000400 rw !x
signature        0x0000000000840000 0x0000000000000400 rw !x
user_signatures  0x0000000000850000 0x0000000000000400 rw !x
bootrow          0x0000000000860000 0x0000000000000400 rw !x
*default*        0x0000000000000000 0xffffffffffffffff

Linker script and memory map

Address of section .data set to 0x803800
                0x0000000000008000                __RODATA_PM_OFFSET__ = 0x8000
LOAD C:/Program Files/Microchip/MPLABX/v6.20/packs/Microchip/ATtiny_DFP/3.1.260/xc8/avr/lib/avrxmega3/crtattiny1627.o
                0x0000000000000001                __MPLAB_BUILD = 0x1
LOAD build/default/production/MainMotor.o
LOAD ..\Common.X\dist\default\production\Common.X.a
LOAD ..\CWire.X\dist\default\production\CWire.X.a
LOAD ..\StepperMotor.X\dist\default\production\StepperMotor.X.a
START GROUP
LOAD c:/program files/microchip/xc8/v2.46/avr/bin/../lib/gcc/avr/5.4.0/../../../../avr/lib/avrxmega3\libm.a
END GROUP
START GROUP
LOAD c:/program files/microchip/xc8/v2.46/avr/bin/../lib/gcc/avr/5.4.0/avrxmega3\libgcc.a
LOAD c:/program files/microchip/xc8/v2.46/avr/bin/../lib/gcc/avr/5.4.0/../../../../avr/lib/avrxmega3\libm.a
LOAD c:/program files/microchip/xc8/v2.46/avr/bin/../lib/gcc/avr/5.4.0/../../../../avr/lib/avrxmega3\libc.a
LOAD C:/Program Files/Microchip/MPLABX/v6.20/packs/Microchip/ATtiny_DFP/3.1.260/xc8/avr/lib/avrxmega3\libattiny1627.a
END GROUP
                [0x0000000000000000]                __TEXT_REGION_ORIGIN__ = DEFINED (__TEXT_REGION_ORIGIN__)?__TEXT_REGION_ORIGIN__:0x0
                [0x0000000000803800]                __DATA_REGION_ORIGIN__ = DEFINED (__DATA_REGION_ORIGIN__)?__DATA_REGION_ORIGIN__:0x802000
                [0x0000000000004000]                __TEXT_REGION_LENGTH__ = DEFINED (__TEXT_REGION_LENGTH__)?__TEXT_REGION_LENGTH__:0x100000
                [0x0000000000000800]                __DATA_REGION_LENGTH__ = DEFINED (__DATA_REGION_LENGTH__)?__DATA_REGION_LENGTH__:0xffa0
                [0x0000000000000100]                __EEPROM_REGION_LENGTH__ = DEFINED (__EEPROM_REGION_LENGTH__)?__EEPROM_REGION_LENGTH__:0x10000
                [0x000000000000000a]                __FUSE_REGION_LENGTH__ = DEFINED (__FUSE_REGION_LENGTH__)?__FUSE_REGION_LENGTH__:0x400
                0x0000000000000400                __LOCK_REGION_LENGTH__ = DEFINED (__LOCK_REGION_LENGTH__)?__LOCK_REGION_LENGTH__:0x400
                0x0000000000000400                __SIGNATURE_REGION_LENGTH__ = DEFINED (__SIGNATURE_REGION_LENGTH__)?__SIGNATURE_REGION_LENGTH__:0x400
                0x0000000000000400                __USER_SIGNATURE_REGION_LENGTH__ = DEFINED (__USER_SIGNATURE_REGION_LENGTH__)?__USER_SIGNATURE_REGION_LENGTH__:0x400
                0x0000000000008000                __RODATA_PM_OFFSET__ = DEFINED (__RODATA_PM_OFFSET__)?__RODATA_PM_OFFSET__:0x8000
                0x0000000000000400                __BOOTROW_REGION_LENGTH__ = DEFINED (__BOOTROW_REGION_LENGTH__)?__BOOTROW_REGION_LENGTH__:0x400

.hash
 *(.hash)

.dynsym
 *(.dynsym)

.dynstr
 *(.dynstr)

.gnu.version
 *(.gnu.version)

.gnu.version_d
 *(.gnu.version_d)

.gnu.version_r
 *(.gnu.version_r)

.rel.init
 *(.rel.init)

.rela.init
 *(.rela.init)

.rel.text
 *(.rel.text)
 *(.rel.text.*)
 *(.rel.gnu.linkonce.t*)

.rela.text
 *(.rela.text)
 *(.rela.text.*)
 *(.rela.gnu.linkonce.t*)

.rel.fini
 *(.rel.fini)

.rela.fini
 *(.rela.fini)

.rel.rodata
 *(.rel.rodata)
 *(.rel.rodata.*)
 *(.rel.gnu.linkonce.r*)

.rela.rodata
 *(.rela.rodata)
 *(.rela.rodata.*)
 *(.rela.gnu.linkonce.r*)

.rel.data
 *(.rel.data)
 *(.rel.data.*)
 *(.rel.gnu.linkonce.d*)

.rela.data
 *(.rela.data)
 *(.rela.data.*)
 *(.rela.gnu.linkonce.d*)

.rel.ctors
 *(.rel.ctors)

.rela.ctors
 *(.rela.ctors)

.rel.dtors
 *(.rel.dtors)

.rela.dtors
 *(.rela.dtors)

.rel.got
 *(.rel.got)

.rela.got
 *(.rela.got)

.rel.bss
 *(.rel.bss)

.rela.bss
 *(.rela.bss)

.rel.plt
 *(.rel.plt)

.rela.plt
 *(.rela.plt)

.text           0x0000000000000000       0xe2
 *(.vectors)
 .vectors       0x0000000000000000       0x78 C:/Program Files/Microchip/MPLABX/v6.20/packs/Microchip/ATtiny_DFP/3.1.260/xc8/avr/lib/avrxmega3/crtattiny1627.o
                0x0000000000000000                __vector_default
                0x0000000000000000                __vectors
 *(.vectors)
 *(.progmem.gcc*)
 .progmem.gcc_sw_table.StepperMotor_step
                0x0000000000000078       0x10 ..\StepperMotor.X\dist\default\production\StepperMotor.X.a(StepperMotor.o)
 *(.dinit)
 .dinit         0x0000000000000088        0x5 data_init
                0x000000000000008e                . = ALIGN (0x2)
 *fill*         0x000000000000008d        0x1 
                0x000000000000008e                __trampolines_start = .
 *(.trampolines)
 .trampolines   0x000000000000008e        0x0 linker stubs
 *(.trampolines*)
                0x000000000000008e                __trampolines_end = .
 *libprintf_flt.a:*(.progmem.data)
 *libc.a:*(.progmem.data)
                0x000000000000008e                . = ALIGN (0x2)
 *(.jumptables)
 *(.jumptables*)
 *(.lowtext)
 *(.lowtext*)
                0x000000000000008e                __ctors_start = .
 *(.ctors)
                0x000000000000008e                __ctors_end = .
                0x000000000000008e                __dtors_start = .
 *(.dtors)
                0x000000000000008e                __dtors_end = .
 SORT(*)(.ctors)
 SORT(*)(.dtors)
 *(.init0)
 .init0         0x000000000000008e        0x0 C:/Program Files/Microchip/MPLABX/v6.20/packs/Microchip/ATtiny_DFP/3.1.260/xc8/avr/lib/avrxmega3/crtattiny1627.o
                0x000000000000008e                __init
 *(.init0)
 *(.init1)
 *(.init1)
 *(.init2)
 .init2         0x000000000000008e        0xc C:/Program Files/Microchip/MPLABX/v6.20/packs/Microchip/ATtiny_DFP/3.1.260/xc8/avr/lib/avrxmega3/crtattiny1627.o
 *(.init2)
 *(.init3)
 *(.init3)
 *(.init4)
 .init4         0x000000000000009a       0x3c c:/program files/microchip/xc8/v2.46/avr/bin/../lib/gcc/avr/5.4.0/avrxmega3\libgcc.a(_copy_data.o)
                0x000000000000009a                __do_copy_data
                0x00000000000000c8                __do_clear_bss
 *(.init4)
 *(.init5)
 *(.init5)
 *(.init6)
 *(.init6)
 *(.init7)
 *(.init7)
 *(.init8)
 *(.init8)
 *(.init9)
 .init9         0x00000000000000d6        0x8 C:/Program Files/Microchip/MPLABX/v6.20/packs/Microchip/ATtiny_DFP/3.1.260/xc8/avr/lib/avrxmega3/crtattiny1627.o
 *(.init9)
                0x00000000000000de                . = ALIGN (0x2)
 *(.fini9)
 .fini9         0x00000000000000de        0x0 c:/program files/microchip/xc8/v2.46/avr/bin/../lib/gcc/avr/5.4.0/avrxmega3\libgcc.a(_exit.o)
                0x00000000000000de                _exit
 *(.fini9)
 *(.fini8)
 *(.fini8)
 *(.fini7)
 *(.fini7)
 *(.fini6)
 *(.fini6)
 *(.fini5)
 *(.fini5)
 *(.fini4)
 *(.fini4)
 *(.fini3)
 *(.fini3)
 *(.fini2)
 *(.fini2)
 *(.fini1)
 *(.fini1)
 *(.fini0)
 .fini0         0x00000000000000de        0x4 c:/program files/microchip/xc8/v2.46/avr/bin/../lib/gcc/avr/5.4.0/avrxmega3\libgcc.a(_exit.o)
 *(.fini0)
                0x00000000000000e2                _etext = .

.data           0x0000000000803800        0x0 load address 0x00000000000000e2
                [!provide]                        PROVIDE (__data_start, .)
 *(.gnu.linkonce.d*)
                0x0000000000803800                . = ALIGN (0x2)
                0x0000000000803800                _edata = .
                [!provide]                        PROVIDE (__data_end, .)

.bss            0x0000000000803800        0x0
                [!provide]                        PROVIDE (__bss_start, .)
 *(COMMON)
                [!provide]                        PROVIDE (__bss_end, .)
                0x00000000000000e2                __data_load_start = LOADADDR (.data)
                0x00000000000000e2                __data_load_end = (__data_load_start + SIZEOF (.data))

.noinit         0x0000000000803800        0x0
                [!provide]                        PROVIDE (__noinit_start, .)
 *(.noinit*)
                [!provide]                        PROVIDE (__noinit_end, .)
                0x0000000000803800                _end = .

.eeprom         0x0000000000810000        0x0
 *(.eeprom*)
                0x0000000000810000                __eeprom_end = .

.fuse
 *(.fuse)
 *(.lfuse)
 *(.hfuse)
 *(.efuse)

.lock
 *(.lock*)

.signature
 *(.signature*)

.user_signatures
 *(.user_signatures*)

.bootrow
 *(.bootrow*)

.stab
 *(.stab)

.stabstr
 *(.stabstr)

.stab.excl
 *(.stab.excl)

.stab.exclstr
 *(.stab.exclstr)

.stab.index
 *(.stab.index)

.stab.indexstr
 *(.stab.indexstr)

.comment        0x0000000000000000       0x5b
 *(.comment)
 .comment       0x0000000000000000       0x2f build/default/production/MainMotor.o
                                         0x30 (size before relaxing)
 .comment       0x000000000000002f       0x30 ..\Common.X\dist\default\production\Common.X.a(Common.o)
 .comment       0x000000000000002f       0x30 ..\CWire.X\dist\default\production\CWire.X.a(CWire.o)
 .comment       0x000000000000002f       0x30 ..\CWire.X\dist\default\production\CWire.X.a(twi_pins.o)
 .comment       0x000000000000002f       0x30 ..\StepperMotor.X\dist\default\production\StepperMotor.X.a(StepperMotor.o)
 .comment       0x000000000000002f       0x2c c:/program files/microchip/xc8/v2.46/avr/bin/../lib/gcc/avr/5.4.0/../../../../avr/lib/avrxmega3\libc.a(exit.o)
                                         0x2d (size before relaxing)
 .comment       0x000000000000005b       0x2d c:/program files/microchip/xc8/v2.46/avr/bin/../lib/gcc/avr/5.4.0/../../../../avr/lib/avrxmega3\libc.a(_Exit.o)

.stack.descriptors.hdr
                0x0000000000000000       0x38
 .stack.descriptors.hdr
                0x0000000000000000        0xe c:/program files/microchip/xc8/v2.46/avr/bin/../lib/gcc/avr/5.4.0/avrxmega3\libgcc.a(_tablejump2.o)
 .stack.descriptors.hdr
                0x000000000000000e        0xe c:/program files/microchip/xc8/v2.46/avr/bin/../lib/gcc/avr/5.4.0/../../../../avr/lib/avrxmega3\libc.a(exit.o)
 .stack.descriptors.hdr
                0x000000000000001c        0xe c:/program files/microchip/xc8/v2.46/avr/bin/../lib/gcc/avr/5.4.0/../../../../avr/lib/avrxmega3\libc.a(_Exit.o)
 .stack.descriptors.hdr
                0x000000000000002a        0xe c:/program files/microchip/xc8/v2.46/avr/bin/../lib/gcc/avr/5.4.0/avrxmega3\libgcc.a(_exit.o)

.note.GNU-stack
                0x0000000000000000        0x0
 .note.GNU-stack
                0x0000000000000000        0x0 c:/program files/microchip/xc8/v2.46/avr/bin/../lib/gcc/avr/5.4.0/../../../../avr/lib/avrxmega3\libc.a(exit.o)
 .note.GNU-stack
                0x0000000000000000        0x0 c:/program files/microchip/xc8/v2.46/avr/bin/../lib/gcc/avr/5.4.0/../../../../avr/lib/avrxmega3\libc.a(_Exit.o)

.note.gnu.build-id
 *(.note.gnu.build-id)

.debug
 *(.debug)

.line
 *(.line)

.debug_srcinfo
 *(.debug_srcinfo)

.debug_sfnames
 *(.debug_sfnames)

.debug_aranges  0x0000000000000000      0x1f0
 *(.debug_aranges)
 .debug_aranges
                0x0000000000000000       0x30 build/default/production/MainMotor.o
 .debug_aranges
                0x0000000000000030       0x20 ..\Common.X\dist\default\production\Common.X.a(Common.o)
 .debug_aranges
                0x0000000000000050      0x110 ..\CWire.X\dist\default\production\CWire.X.a(CWire.o)
 .debug_aranges
                0x0000000000000160       0x48 ..\CWire.X\dist\default\production\CWire.X.a(twi_pins.o)
 .debug_aranges
                0x00000000000001a8       0x48 ..\StepperMotor.X\dist\default\production\StepperMotor.X.a(StepperMotor.o)

.debug_pubnames
 *(.debug_pubnames)

.debug_info     0x0000000000000000     0x4b4a
 *(.debug_info .gnu.linkonce.wi.*)
 .debug_info    0x0000000000000000     0x1b97 C:/Program Files/Microchip/MPLABX/v6.20/packs/Microchip/ATtiny_DFP/3.1.260/xc8/avr/lib/avrxmega3/crtattiny1627.o
 .debug_info    0x0000000000001b97      0x9f9 build/default/production/MainMotor.o
 .debug_info    0x0000000000002590      0x3fc ..\Common.X\dist\default\production\Common.X.a(Common.o)
 .debug_info    0x000000000000298c     0x1513 ..\CWire.X\dist\default\production\CWire.X.a(CWire.o)
 .debug_info    0x0000000000003e9f      0x6c7 ..\CWire.X\dist\default\production\CWire.X.a(twi_pins.o)
 .debug_info    0x0000000000004566      0x5e4 ..\StepperMotor.X\dist\default\production\StepperMotor.X.a(StepperMotor.o)

.debug_abbrev   0x0000000000000000     0x220b
 *(.debug_abbrev)
 .debug_abbrev  0x0000000000000000     0x1a20 C:/Program Files/Microchip/MPLABX/v6.20/packs/Microchip/ATtiny_DFP/3.1.260/xc8/avr/lib/avrxmega3/crtattiny1627.o
 .debug_abbrev  0x0000000000001a20      0x1fb build/default/production/MainMotor.o
 .debug_abbrev  0x0000000000001c1b       0xc7 ..\Common.X\dist\default\production\Common.X.a(Common.o)
 .debug_abbrev  0x0000000000001ce2      0x2ca ..\CWire.X\dist\default\production\CWire.X.a(CWire.o)
 .debug_abbrev  0x0000000000001fac      0x155 ..\CWire.X\dist\default\production\CWire.X.a(twi_pins.o)
 .debug_abbrev  0x0000000000002101      0x10a ..\StepperMotor.X\dist\default\production\StepperMotor.X.a(StepperMotor.o)

.debug_line     0x0000000000000000     0x1214
 *(.debug_line .debug_line.* .debug_line_end)
 .debug_line    0x0000000000000000      0x14b C:/Program Files/Microchip/MPLABX/v6.20/packs/Microchip/ATtiny_DFP/3.1.260/xc8/avr/lib/avrxmega3/crtattiny1627.o
 .debug_line    0x000000000000014b      0x285 build/default/production/MainMotor.o
 .debug_line    0x00000000000003d0      0x12f ..\Common.X\dist\default\production\Common.X.a(Common.o)
 .debug_line    0x00000000000004ff      0x914 ..\CWire.X\dist\default\production\CWire.X.a(CWire.o)
 .debug_line    0x0000000000000e13      0x1b7 ..\CWire.X\dist\default\production\CWire.X.a(twi_pins.o)
 .debug_line    0x0000000000000fca      0x24a ..\StepperMotor.X\dist\default\production\StepperMotor.X.a(StepperMotor.o)

.debug_frame    0x0000000000000000      0x4b4
 *(.debug_frame)
 .debug_frame   0x0000000000000000       0x54 build/default/production/MainMotor.o
 .debug_frame   0x0000000000000054       0x54 ..\Common.X\dist\default\production\Common.X.a(Common.o)
 .debug_frame   0x00000000000000a8      0x318 ..\CWire.X\dist\default\production\CWire.X.a(CWire.o)
 .debug_frame   0x00000000000003c0       0x74 ..\CWire.X\dist\default\production\CWire.X.a(twi_pins.o)
 .debug_frame   0x0000000000000434       0x80 ..\StepperMotor.X\dist\default\production\StepperMotor.X.a(StepperMotor.o)

.debug_str      0x0000000000000000      0xd63
 *(.debug_str)
 .debug_str     0x0000000000000000      0xbdd C:/Program Files/Microchip/MPLABX/v6.20/packs/Microchip/ATtiny_DFP/3.1.260/xc8/avr/lib/avrxmega3/crtattiny1627.o
 .debug_str     0x0000000000000bdd       0xc8 build/default/production/MainMotor.o
 .debug_str     0x0000000000000ca5        0x0 ..\Common.X\dist\default\production\Common.X.a(Common.o)
 .debug_str     0x0000000000000ca5       0x9f ..\CWire.X\dist\default\production\CWire.X.a(CWire.o)
 .debug_str     0x0000000000000d44       0x1f ..\CWire.X\dist\default\production\CWire.X.a(twi_pins.o)
 .debug_str     0x0000000000000d63        0x0 ..\StepperMotor.X\dist\default\production\StepperMotor.X.a(StepperMotor.o)

.debug_loc      0x0000000000000000     0x12fa
 *(.debug_loc)
 .debug_loc     0x0000000000000000       0x4d build/default/production/MainMotor.o
 .debug_loc     0x000000000000004d     0x116c ..\CWire.X\dist\default\production\CWire.X.a(CWire.o)
 .debug_loc     0x00000000000011b9       0xbb ..\CWire.X\dist\default\production\CWire.X.a(twi_pins.o)
 .debug_loc     0x0000000000001274       0x86 ..\StepperMotor.X\dist\default\production\StepperMotor.X.a(StepperMotor.o)

.debug_macinfo
 *(.debug_macinfo)

.debug_weaknames
 *(.debug_weaknames)

.debug_funcnames
 *(.debug_funcnames)

.debug_typenames
 *(.debug_typenames)

.debug_varnames
 *(.debug_varnames)

.debug_pubtypes
 *(.debug_pubtypes)

.debug_ranges   0x0000000000000000      0x1c0
 *(.debug_ranges)
 .debug_ranges  0x0000000000000000       0x20 build/default/production/MainMotor.o
 .debug_ranges  0x0000000000000020      0x130 ..\CWire.X\dist\default\production\CWire.X.a(CWire.o)
 .debug_ranges  0x0000000000000150       0x38 ..\CWire.X\dist\default\production\CWire.X.a(twi_pins.o)
 .debug_ranges  0x0000000000000188       0x38 ..\StepperMotor.X\dist\default\production\StepperMotor.X.a(StepperMotor.o)

.debug_macro
 *(.debug_macro)
OUTPUT(dist/default/production/MainMotor.X.production.elf elf32-avr)
LOAD linker stubs
LOAD data_init

.note.gnu.avr.deviceinfo
                0x0000000000000000       0x40
 .note.gnu.avr.deviceinfo
                0x0000000000000000       0x40 C:/Program Files/Microchip/MPLABX/v6.20/packs/Microchip/ATtiny_DFP/3.1.260/xc8/avr/lib/avrxmega3/crtattiny1627.o

.bss.twi0       0x0000000000803800       0x50
 .bss.twi0      0x0000000000803800       0x50 build/default/production/MainMotor.o
                0x0000000000803800                twi0

.bss.dir        0x0000000000803852        0x1
 .bss.dir       0x0000000000803852        0x1 build/default/production/MainMotor.o
                0x0000000000803852                dir

.bss.stepper    0x0000000000803853        0x1
 .bss.stepper   0x0000000000803853        0x1 build/default/production/MainMotor.o
                0x0000000000803853                stepper

.bss.twi0_wire  0x0000000000803850        0x2
 .bss.twi0_wire
                0x0000000000803850        0x2 ..\CWire.X\dist\default\production\CWire.X.a(CWire.o)
                0x0000000000803850                twi0_wire

.bss.sleepStack
                0x0000000000803854        0x1
 .bss.sleepStack
                0x0000000000803854        0x1 ..\CWire.X\dist\default\production\CWire.X.a(CWire.o)
                0x0000000000803854                sleepStack

.text.TwoWire_HandleSlaveIRQ
                0x00000000000000e2      0x164
 .text.TwoWire_HandleSlaveIRQ
                0x00000000000000e2      0x164 ..\CWire.X\dist\default\production\CWire.X.a(CWire.o)
                0x00000000000000e2                TwoWire_HandleSlaveIRQ

.text.StepperMotor_step
                0x0000000000000246       0xb0
 .text.StepperMotor_step
                0x0000000000000246       0xb0 ..\StepperMotor.X\dist\default\production\StepperMotor.X.a(StepperMotor.o)
                0x0000000000000246                StepperMotor_step

.text.main      0x00000000000002f6       0x92
 .text.main     0x00000000000002f6       0x92 build/default/production/MainMotor.o
                0x00000000000002f6                main

.text           0x0000000000000388       0x74
 .text          0x0000000000000388       0x74 ..\Common.X\dist\default\production\Common.X.a(Common.o)
                0x0000000000000388                setupRGB
                0x00000000000003bc                RGB

.text.TwoWire_Slave_begin
                0x00000000000003fc       0x58
 .text.TwoWire_Slave_begin
                0x00000000000003fc       0x58 ..\CWire.X\dist\default\production\CWire.X.a(CWire.o)
                0x00000000000003fc                TwoWire_Slave_begin

.text.__vector_14
                0x0000000000000454       0x50
 .text.__vector_14
                0x0000000000000454       0x50 ..\CWire.X\dist\default\production\CWire.X.a(CWire.o)
                0x0000000000000454                __vector_14

.text.I2C_RX_Callback
                0x00000000000004a4       0x4c
 .text.I2C_RX_Callback
                0x00000000000004a4       0x4c build/default/production/MainMotor.o
                0x00000000000004a4                I2C_RX_Callback

.text.TwoWire_read
                0x00000000000004f0       0x34
 .text.TwoWire_read
                0x00000000000004f0       0x34 ..\CWire.X\dist\default\production\CWire.X.a(CWire.o)
                0x00000000000004f0                TwoWire_read

.text.TwoWire_available
                0x0000000000000524       0x18
 .text.TwoWire_available
                0x0000000000000524       0x18 ..\CWire.X\dist\default\production\CWire.X.a(CWire.o)
                0x0000000000000524                TwoWire_available

.text.pauseDeepSleep
                0x000000000000053c       0x18
 .text.pauseDeepSleep
                0x000000000000053c       0x18 ..\CWire.X\dist\default\production\CWire.X.a(CWire.o)
                0x000000000000053c                pauseDeepSleep

.text.exit      0x0000000000000554       0x16
 .text.exit     0x0000000000000554       0x16 c:/program files/microchip/xc8/v2.46/avr/bin/../lib/gcc/avr/5.4.0/../../../../avr/lib/avrxmega3\libc.a(exit.o)
                0x0000000000000554                exit

.text.StepperMotor_init
                0x000000000000056a       0x12
 .text.StepperMotor_init
                0x000000000000056a       0x12 ..\StepperMotor.X\dist\default\production\StepperMotor.X.a(StepperMotor.o)
                0x000000000000056a                StepperMotor_init

.text.StepperMotor_increaseStep
                0x000000000000057c       0x12
 .text.StepperMotor_increaseStep
                0x000000000000057c       0x12 ..\StepperMotor.X\dist\default\production\StepperMotor.X.a(StepperMotor.o)
                0x000000000000057c                StepperMotor_increaseStep

.text.StepperMotor_decreaseStep
                0x000000000000058e       0x12
 .text.StepperMotor_decreaseStep
                0x000000000000058e       0x12 ..\StepperMotor.X\dist\default\production\StepperMotor.X.a(StepperMotor.o)
                0x000000000000058e                StepperMotor_decreaseStep

.text.TwoWire_init
                0x00000000000005a0       0x10
 .text.TwoWire_init
                0x00000000000005a0       0x10 ..\CWire.X\dist\default\production\CWire.X.a(CWire.o)
                0x00000000000005a0                TwoWire_init

.text.setup     0x00000000000005b0        0xe
 .text.setup    0x00000000000005b0        0xe build/default/production/MainMotor.o
                0x00000000000005b0                setup

.text.restoreSleep
                0x00000000000005be        0xe
 .text.restoreSleep
                0x00000000000005be        0xe ..\CWire.X\dist\default\production\CWire.X.a(CWire.o)
                0x00000000000005be                restoreSleep

.text.TwoWire_onReceive
                0x00000000000005cc        0xc
 .text.TwoWire_onReceive
                0x00000000000005cc        0xc ..\CWire.X\dist\default\production\CWire.X.a(CWire.o)
                0x00000000000005cc                TwoWire_onReceive

.text.StepperMotor_setup
                0x00000000000005d8        0xc
 .text.StepperMotor_setup
                0x00000000000005d8        0xc ..\StepperMotor.X\dist\default\production\StepperMotor.X.a(StepperMotor.o)
                0x00000000000005d8                StepperMotor_setup

.text.StepperMotor_allStop
                0x00000000000005e4        0xc
 .text.StepperMotor_allStop
                0x00000000000005e4        0xc ..\StepperMotor.X\dist\default\production\StepperMotor.X.a(StepperMotor.o)
                0x00000000000005e4                StepperMotor_allStop

.text.libgcc    0x00000000000005f0        0xc
 .text.libgcc   0x00000000000005f0        0xc c:/program files/microchip/xc8/v2.46/avr/bin/../lib/gcc/avr/5.4.0/avrxmega3\libgcc.a(_tablejump2.o)
                0x00000000000005f0                __tablejump2__

.text.TWI0_ClearPins
                0x00000000000005fc        0x8
 .text.TWI0_ClearPins
                0x00000000000005fc        0x8 ..\CWire.X\dist\default\production\CWire.X.a(twi_pins.o)
                0x00000000000005fc                TWI0_ClearPins

.text           0x0000000000000604        0x4
 .text          0x0000000000000604        0x4 C:/Program Files/Microchip/MPLABX/v6.20/packs/Microchip/ATtiny_DFP/3.1.260/xc8/avr/lib/avrxmega3/crtattiny1627.o
                0x0000000000000604                __vector_22
                0x0000000000000604                __vector_28
                0x0000000000000604                __vector_1
                0x0000000000000604                __vector_24
                0x0000000000000604                __vector_12
                0x0000000000000604                __bad_interrupt
                0x0000000000000604                __vector_6
                0x0000000000000604                __vector_3
                0x0000000000000604                __vector_23
                0x0000000000000604                __vector_25
                0x0000000000000604                __vector_11
                0x0000000000000604                __vector_13
                0x0000000000000604                __vector_17
                0x0000000000000604                __vector_19
                0x0000000000000604                __vector_7
                0x0000000000000604                __vector_27
                0x0000000000000604                __vector_5
                0x0000000000000604                __vector_4
                0x0000000000000604                __vector_9
                0x0000000000000604                __vector_2
                0x0000000000000604                __vector_21
                0x0000000000000604                __vector_15
                0x0000000000000604                __vector_29
                0x0000000000000604                __vector_8
                0x0000000000000604                __vector_26
                0x0000000000000604                __vector_10
                0x0000000000000604                __vector_16
                0x0000000000000604                __vector_18
                0x0000000000000604                __vector_20

.text._Exit     0x0000000000000608        0x4
 .text._Exit    0x0000000000000608        0x4 c:/program files/microchip/xc8/v2.46/avr/bin/../lib/gcc/avr/5.4.0/../../../../avr/lib/avrxmega3\libc.a(_Exit.o)
                0x0000000000000608                _Exit

.text.__dummy_fini
                0x000000000000060c        0x2
 .text.__dummy_fini
                0x000000000000060c        0x2 c:/program files/microchip/xc8/v2.46/avr/bin/../lib/gcc/avr/5.4.0/../../../../avr/lib/avrxmega3\libc.a(exit.o)
                0x000000000000060c                _fini

.text.__dummy_funcs_on_exit
                0x000000000000060e        0x2
 .text.__dummy_funcs_on_exit
                0x000000000000060e        0x2 c:/program files/microchip/xc8/v2.46/avr/bin/../lib/gcc/avr/5.4.0/../../../../avr/lib/avrxmega3\libc.a(exit.o)
                0x000000000000060e                __funcs_on_exit

.text.__dummy_simulator_exit
                0x0000000000000610        0x2
 .text.__dummy_simulator_exit
                0x0000000000000610        0x2 c:/program files/microchip/xc8/v2.46/avr/bin/../lib/gcc/avr/5.4.0/../../../../avr/lib/avrxmega3\libc.a(exit.o)
                0x0000000000000610                __simulator_exit
