Archive member included to satisfy reference by file (symbol)

c:/progra~1/microc~1/xc8/v2.46/avr/bin/../lib/gcc/avr/5.4.0/avrxmega3\libgcc.a(_copy_data.o)
                              CMakeFiles\compile.dir\D_\code\uni\AUV\FinalCode\SonarModule\SonarModule\main.c.p1 (__do_clear_bss)
c:/progra~1/microc~1/xc8/v2.46/avr/bin/../lib/gcc/avr/5.4.0/../../../../avr/lib/avrxmega3\libm.a(divsf3.o)
                              CMakeFiles\compile.dir\D_\code\uni\AUV\FinalCode\SonarModule\SonarModule\main.c.p1 (__divsf3)
c:/progra~1/microc~1/xc8/v2.46/avr/bin/../lib/gcc/avr/5.4.0/../../../../avr/lib/avrxmega3\libm.a(divsf3x.o)
                              c:/progra~1/microc~1/xc8/v2.46/avr/bin/../lib/gcc/avr/5.4.0/../../../../avr/lib/avrxmega3\libm.a(divsf3.o) (__divsf3x)
c:/progra~1/microc~1/xc8/v2.46/avr/bin/../lib/gcc/avr/5.4.0/../../../../avr/lib/avrxmega3\libm.a(fixunssfsi.o)
                              CMakeFiles\compile.dir\D_\code\uni\AUV\FinalCode\SonarModule\SonarModule\main.c.p1 (__fixunssfsi)
c:/progra~1/microc~1/xc8/v2.46/avr/bin/../lib/gcc/avr/5.4.0/../../../../avr/lib/avrxmega3\libm.a(floatsisf.o)
                              CMakeFiles\compile.dir\D_\code\uni\AUV\FinalCode\SonarModule\SonarModule\main.c.p1 (__floatunsisf)
c:/progra~1/microc~1/xc8/v2.46/avr/bin/../lib/gcc/avr/5.4.0/../../../../avr/lib/avrxmega3\libm.a(fp_inf.o)
                              c:/progra~1/microc~1/xc8/v2.46/avr/bin/../lib/gcc/avr/5.4.0/../../../../avr/lib/avrxmega3\libm.a(divsf3x.o) (__fp_inf)
c:/progra~1/microc~1/xc8/v2.46/avr/bin/../lib/gcc/avr/5.4.0/../../../../avr/lib/avrxmega3\libm.a(fp_nan.o)
                              c:/progra~1/microc~1/xc8/v2.46/avr/bin/../lib/gcc/avr/5.4.0/../../../../avr/lib/avrxmega3\libm.a(divsf3x.o) (__fp_nan)
c:/progra~1/microc~1/xc8/v2.46/avr/bin/../lib/gcc/avr/5.4.0/../../../../avr/lib/avrxmega3\libm.a(fp_pscA.o)
                              c:/progra~1/microc~1/xc8/v2.46/avr/bin/../lib/gcc/avr/5.4.0/../../../../avr/lib/avrxmega3\libm.a(divsf3x.o) (__fp_pscA)
c:/progra~1/microc~1/xc8/v2.46/avr/bin/../lib/gcc/avr/5.4.0/../../../../avr/lib/avrxmega3\libm.a(fp_pscB.o)
                              c:/progra~1/microc~1/xc8/v2.46/avr/bin/../lib/gcc/avr/5.4.0/../../../../avr/lib/avrxmega3\libm.a(divsf3x.o) (__fp_pscB)
c:/progra~1/microc~1/xc8/v2.46/avr/bin/../lib/gcc/avr/5.4.0/../../../../avr/lib/avrxmega3\libm.a(fp_round.o)
                              c:/progra~1/microc~1/xc8/v2.46/avr/bin/../lib/gcc/avr/5.4.0/../../../../avr/lib/avrxmega3\libm.a(divsf3.o) (__fp_round)
c:/progra~1/microc~1/xc8/v2.46/avr/bin/../lib/gcc/avr/5.4.0/../../../../avr/lib/avrxmega3\libm.a(fp_split3.o)
                              c:/progra~1/microc~1/xc8/v2.46/avr/bin/../lib/gcc/avr/5.4.0/../../../../avr/lib/avrxmega3\libm.a(divsf3x.o) (__fp_split3)
c:/progra~1/microc~1/xc8/v2.46/avr/bin/../lib/gcc/avr/5.4.0/../../../../avr/lib/avrxmega3\libm.a(fp_zero.o)
                              c:/progra~1/microc~1/xc8/v2.46/avr/bin/../lib/gcc/avr/5.4.0/../../../../avr/lib/avrxmega3\libm.a(fixunssfsi.o) (__fp_zero)
c:/progra~1/microc~1/xc8/v2.46/avr/bin/../lib/gcc/avr/5.4.0/../../../../avr/lib/avrxmega3\libm.a(mulsf3.o)
                              CMakeFiles\compile.dir\D_\code\uni\AUV\FinalCode\SonarModule\SonarModule\main.c.p1 (__mulsf3)
c:/progra~1/microc~1/xc8/v2.46/avr/bin/../lib/gcc/avr/5.4.0/../../../../avr/lib/avrxmega3\libm.a(mulsf3x.o)
                              c:/progra~1/microc~1/xc8/v2.46/avr/bin/../lib/gcc/avr/5.4.0/../../../../avr/lib/avrxmega3\libm.a(mulsf3.o) (__mulsf3x)
c:/progra~1/microc~1/xc8/v2.46/avr/bin/../lib/gcc/avr/5.4.0/../../../../avr/lib/avrxmega3\libc.a(exit.o)
                              C:/Users/richa/.mchp_packs/Microchip/ATtiny_DFP/3.1.260/xc8/avr/lib/avrxmega3/crtattiny1627.o (exit)
c:/progra~1/microc~1/xc8/v2.46/avr/bin/../lib/gcc/avr/5.4.0/../../../../avr/lib/avrxmega3\libc.a(_Exit.o)
                              c:/progra~1/microc~1/xc8/v2.46/avr/bin/../lib/gcc/avr/5.4.0/../../../../avr/lib/avrxmega3\libc.a(exit.o) (_Exit)
c:/progra~1/microc~1/xc8/v2.46/avr/bin/../lib/gcc/avr/5.4.0/avrxmega3\libgcc.a(_exit.o)
                              c:/progra~1/microc~1/xc8/v2.46/avr/bin/../lib/gcc/avr/5.4.0/../../../../avr/lib/avrxmega3\libc.a(_Exit.o) (_exit)

Discarded input sections

 .data          0x0000000000000000        0x0 C:/Users/richa/.mchp_packs/Microchip/ATtiny_DFP/3.1.260/xc8/avr/lib/avrxmega3/crtattiny1627.o
 .bss           0x0000000000000000        0x0 C:/Users/richa/.mchp_packs/Microchip/ATtiny_DFP/3.1.260/xc8/avr/lib/avrxmega3/crtattiny1627.o
 .text          0x0000000000000000        0x0 CMakeFiles\compile.dir\D_\code\uni\AUV\FinalCode\SonarModule\SonarModule\main.c.p1
 .data          0x0000000000000000        0x0 CMakeFiles\compile.dir\D_\code\uni\AUV\FinalCode\SonarModule\SonarModule\main.c.p1
 .bss           0x0000000000000000        0x0 CMakeFiles\compile.dir\D_\code\uni\AUV\FinalCode\SonarModule\SonarModule\main.c.p1
 .text          0x0000000000000000        0x0 CMakeFiles\compile.dir\D_\code\uni\AUV\FinalCode\SonarModule\SonarModule\TWI.c.p1
 .data          0x0000000000000000        0x0 CMakeFiles\compile.dir\D_\code\uni\AUV\FinalCode\SonarModule\SonarModule\TWI.c.p1
 .bss           0x0000000000000000        0x0 CMakeFiles\compile.dir\D_\code\uni\AUV\FinalCode\SonarModule\SonarModule\TWI.c.p1
 .text.TWI_Master_Init
                0x0000000000000000       0x22 CMakeFiles\compile.dir\D_\code\uni\AUV\FinalCode\SonarModule\SonarModule\TWI.c.p1
 .text.TWI_Master_Reset
                0x0000000000000000       0x18 CMakeFiles\compile.dir\D_\code\uni\AUV\FinalCode\SonarModule\SonarModule\TWI.c.p1
 .text.TWI_Master_Start
                0x0000000000000000       0x14 CMakeFiles\compile.dir\D_\code\uni\AUV\FinalCode\SonarModule\SonarModule\TWI.c.p1
 .text.TWI_Master_Write
                0x0000000000000000       0x24 CMakeFiles\compile.dir\D_\code\uni\AUV\FinalCode\SonarModule\SonarModule\TWI.c.p1
 .text.TWI_Master_Read_ACK
                0x0000000000000000       0x14 CMakeFiles\compile.dir\D_\code\uni\AUV\FinalCode\SonarModule\SonarModule\TWI.c.p1
 .text.TWI_Master_Read_NACK
                0x0000000000000000       0x1e CMakeFiles\compile.dir\D_\code\uni\AUV\FinalCode\SonarModule\SonarModule\TWI.c.p1
 .text.TWI_Master_Stop
                0x0000000000000000        0x8 CMakeFiles\compile.dir\D_\code\uni\AUV\FinalCode\SonarModule\SonarModule\TWI.c.p1
 .text.TWI_Slave_Read
                0x0000000000000000       0x10 CMakeFiles\compile.dir\D_\code\uni\AUV\FinalCode\SonarModule\SonarModule\TWI.c.p1
 .text.TWI_Slave_Read_ACK
                0x0000000000000000       0x14 CMakeFiles\compile.dir\D_\code\uni\AUV\FinalCode\SonarModule\SonarModule\TWI.c.p1
 .text          0x0000000000000000        0x0 c:/progra~1/microc~1/xc8/v2.46/avr/bin/../lib/gcc/avr/5.4.0/avrxmega3\libgcc.a(_copy_data.o)
 .data          0x0000000000000000        0x0 c:/progra~1/microc~1/xc8/v2.46/avr/bin/../lib/gcc/avr/5.4.0/avrxmega3\libgcc.a(_copy_data.o)
 .bss           0x0000000000000000        0x0 c:/progra~1/microc~1/xc8/v2.46/avr/bin/../lib/gcc/avr/5.4.0/avrxmega3\libgcc.a(_copy_data.o)
 .text.libgcc.mul
                0x0000000000000000        0x0 c:/progra~1/microc~1/xc8/v2.46/avr/bin/../lib/gcc/avr/5.4.0/avrxmega3\libgcc.a(_copy_data.o)
 .text.libgcc.div
                0x0000000000000000        0x0 c:/progra~1/microc~1/xc8/v2.46/avr/bin/../lib/gcc/avr/5.4.0/avrxmega3\libgcc.a(_copy_data.o)
 .text.libgcc   0x0000000000000000        0x0 c:/progra~1/microc~1/xc8/v2.46/avr/bin/../lib/gcc/avr/5.4.0/avrxmega3\libgcc.a(_copy_data.o)
 .text.libgcc.prologue
                0x0000000000000000        0x0 c:/progra~1/microc~1/xc8/v2.46/avr/bin/../lib/gcc/avr/5.4.0/avrxmega3\libgcc.a(_copy_data.o)
 .text.libgcc.builtins
                0x0000000000000000        0x0 c:/progra~1/microc~1/xc8/v2.46/avr/bin/../lib/gcc/avr/5.4.0/avrxmega3\libgcc.a(_copy_data.o)
 .text.libgcc.fmul
                0x0000000000000000        0x0 c:/progra~1/microc~1/xc8/v2.46/avr/bin/../lib/gcc/avr/5.4.0/avrxmega3\libgcc.a(_copy_data.o)
 .text.libgcc.fixed
                0x0000000000000000        0x0 c:/progra~1/microc~1/xc8/v2.46/avr/bin/../lib/gcc/avr/5.4.0/avrxmega3\libgcc.a(_copy_data.o)
 .data          0x0000000000000000        0x0 c:/progra~1/microc~1/xc8/v2.46/avr/bin/../lib/gcc/avr/5.4.0/../../../../avr/lib/avrxmega3\libm.a(divsf3.o)
 .bss           0x0000000000000000        0x0 c:/progra~1/microc~1/xc8/v2.46/avr/bin/../lib/gcc/avr/5.4.0/../../../../avr/lib/avrxmega3\libm.a(divsf3.o)
 .stack.descriptors
                0x0000000000000000       0x16 c:/progra~1/microc~1/xc8/v2.46/avr/bin/../lib/gcc/avr/5.4.0/../../../../avr/lib/avrxmega3\libm.a(divsf3.o)
 .data          0x0000000000000000        0x0 c:/progra~1/microc~1/xc8/v2.46/avr/bin/../lib/gcc/avr/5.4.0/../../../../avr/lib/avrxmega3\libm.a(divsf3x.o)
 .bss           0x0000000000000000        0x0 c:/progra~1/microc~1/xc8/v2.46/avr/bin/../lib/gcc/avr/5.4.0/../../../../avr/lib/avrxmega3\libm.a(divsf3x.o)
 .stack.descriptors
                0x0000000000000000       0x31 c:/progra~1/microc~1/xc8/v2.46/avr/bin/../lib/gcc/avr/5.4.0/../../../../avr/lib/avrxmega3\libm.a(divsf3x.o)
 .data          0x0000000000000000        0x0 c:/progra~1/microc~1/xc8/v2.46/avr/bin/../lib/gcc/avr/5.4.0/../../../../avr/lib/avrxmega3\libm.a(fixunssfsi.o)
 .bss           0x0000000000000000        0x0 c:/progra~1/microc~1/xc8/v2.46/avr/bin/../lib/gcc/avr/5.4.0/../../../../avr/lib/avrxmega3\libm.a(fixunssfsi.o)
 .stack.descriptors
                0x0000000000000000       0x1a c:/progra~1/microc~1/xc8/v2.46/avr/bin/../lib/gcc/avr/5.4.0/../../../../avr/lib/avrxmega3\libm.a(fixunssfsi.o)
 .data          0x0000000000000000        0x0 c:/progra~1/microc~1/xc8/v2.46/avr/bin/../lib/gcc/avr/5.4.0/../../../../avr/lib/avrxmega3\libm.a(floatsisf.o)
 .bss           0x0000000000000000        0x0 c:/progra~1/microc~1/xc8/v2.46/avr/bin/../lib/gcc/avr/5.4.0/../../../../avr/lib/avrxmega3\libm.a(floatsisf.o)
 .stack.descriptors
                0x0000000000000000       0x34 c:/progra~1/microc~1/xc8/v2.46/avr/bin/../lib/gcc/avr/5.4.0/../../../../avr/lib/avrxmega3\libm.a(floatsisf.o)
 .data          0x0000000000000000        0x0 c:/progra~1/microc~1/xc8/v2.46/avr/bin/../lib/gcc/avr/5.4.0/../../../../avr/lib/avrxmega3\libm.a(fp_inf.o)
 .bss           0x0000000000000000        0x0 c:/progra~1/microc~1/xc8/v2.46/avr/bin/../lib/gcc/avr/5.4.0/../../../../avr/lib/avrxmega3\libm.a(fp_inf.o)
 .stack.descriptors
                0x0000000000000000       0x16 c:/progra~1/microc~1/xc8/v2.46/avr/bin/../lib/gcc/avr/5.4.0/../../../../avr/lib/avrxmega3\libm.a(fp_inf.o)
 .data          0x0000000000000000        0x0 c:/progra~1/microc~1/xc8/v2.46/avr/bin/../lib/gcc/avr/5.4.0/../../../../avr/lib/avrxmega3\libm.a(fp_nan.o)
 .bss           0x0000000000000000        0x0 c:/progra~1/microc~1/xc8/v2.46/avr/bin/../lib/gcc/avr/5.4.0/../../../../avr/lib/avrxmega3\libm.a(fp_nan.o)
 .stack.descriptors
                0x0000000000000000       0x16 c:/progra~1/microc~1/xc8/v2.46/avr/bin/../lib/gcc/avr/5.4.0/../../../../avr/lib/avrxmega3\libm.a(fp_nan.o)
 .data          0x0000000000000000        0x0 c:/progra~1/microc~1/xc8/v2.46/avr/bin/../lib/gcc/avr/5.4.0/../../../../avr/lib/avrxmega3\libm.a(fp_pscA.o)
 .bss           0x0000000000000000        0x0 c:/progra~1/microc~1/xc8/v2.46/avr/bin/../lib/gcc/avr/5.4.0/../../../../avr/lib/avrxmega3\libm.a(fp_pscA.o)
 .stack.descriptors
                0x0000000000000000       0x17 c:/progra~1/microc~1/xc8/v2.46/avr/bin/../lib/gcc/avr/5.4.0/../../../../avr/lib/avrxmega3\libm.a(fp_pscA.o)
 .data          0x0000000000000000        0x0 c:/progra~1/microc~1/xc8/v2.46/avr/bin/../lib/gcc/avr/5.4.0/../../../../avr/lib/avrxmega3\libm.a(fp_pscB.o)
 .bss           0x0000000000000000        0x0 c:/progra~1/microc~1/xc8/v2.46/avr/bin/../lib/gcc/avr/5.4.0/../../../../avr/lib/avrxmega3\libm.a(fp_pscB.o)
 .stack.descriptors
                0x0000000000000000       0x17 c:/progra~1/microc~1/xc8/v2.46/avr/bin/../lib/gcc/avr/5.4.0/../../../../avr/lib/avrxmega3\libm.a(fp_pscB.o)
 .data          0x0000000000000000        0x0 c:/progra~1/microc~1/xc8/v2.46/avr/bin/../lib/gcc/avr/5.4.0/../../../../avr/lib/avrxmega3\libm.a(fp_round.o)
 .bss           0x0000000000000000        0x0 c:/progra~1/microc~1/xc8/v2.46/avr/bin/../lib/gcc/avr/5.4.0/../../../../avr/lib/avrxmega3\libm.a(fp_round.o)
 .stack.descriptors
                0x0000000000000000       0x18 c:/progra~1/microc~1/xc8/v2.46/avr/bin/../lib/gcc/avr/5.4.0/../../../../avr/lib/avrxmega3\libm.a(fp_round.o)
 .data          0x0000000000000000        0x0 c:/progra~1/microc~1/xc8/v2.46/avr/bin/../lib/gcc/avr/5.4.0/../../../../avr/lib/avrxmega3\libm.a(fp_split3.o)
 .bss           0x0000000000000000        0x0 c:/progra~1/microc~1/xc8/v2.46/avr/bin/../lib/gcc/avr/5.4.0/../../../../avr/lib/avrxmega3\libm.a(fp_split3.o)
 .stack.descriptors
                0x0000000000000000       0x32 c:/progra~1/microc~1/xc8/v2.46/avr/bin/../lib/gcc/avr/5.4.0/../../../../avr/lib/avrxmega3\libm.a(fp_split3.o)
 .data          0x0000000000000000        0x0 c:/progra~1/microc~1/xc8/v2.46/avr/bin/../lib/gcc/avr/5.4.0/../../../../avr/lib/avrxmega3\libm.a(fp_zero.o)
 .bss           0x0000000000000000        0x0 c:/progra~1/microc~1/xc8/v2.46/avr/bin/../lib/gcc/avr/5.4.0/../../../../avr/lib/avrxmega3\libm.a(fp_zero.o)
 .stack.descriptors
                0x0000000000000000       0x2f c:/progra~1/microc~1/xc8/v2.46/avr/bin/../lib/gcc/avr/5.4.0/../../../../avr/lib/avrxmega3\libm.a(fp_zero.o)
 .data          0x0000000000000000        0x0 c:/progra~1/microc~1/xc8/v2.46/avr/bin/../lib/gcc/avr/5.4.0/../../../../avr/lib/avrxmega3\libm.a(mulsf3.o)
 .bss           0x0000000000000000        0x0 c:/progra~1/microc~1/xc8/v2.46/avr/bin/../lib/gcc/avr/5.4.0/../../../../avr/lib/avrxmega3\libm.a(mulsf3.o)
 .stack.descriptors
                0x0000000000000000       0x16 c:/progra~1/microc~1/xc8/v2.46/avr/bin/../lib/gcc/avr/5.4.0/../../../../avr/lib/avrxmega3\libm.a(mulsf3.o)
 .data          0x0000000000000000        0x0 c:/progra~1/microc~1/xc8/v2.46/avr/bin/../lib/gcc/avr/5.4.0/../../../../avr/lib/avrxmega3\libm.a(mulsf3x.o)
 .bss           0x0000000000000000        0x0 c:/progra~1/microc~1/xc8/v2.46/avr/bin/../lib/gcc/avr/5.4.0/../../../../avr/lib/avrxmega3\libm.a(mulsf3x.o)
 .stack.descriptors
                0x0000000000000000       0x31 c:/progra~1/microc~1/xc8/v2.46/avr/bin/../lib/gcc/avr/5.4.0/../../../../avr/lib/avrxmega3\libm.a(mulsf3x.o)
 .text          0x0000000000000000        0x0 c:/progra~1/microc~1/xc8/v2.46/avr/bin/../lib/gcc/avr/5.4.0/../../../../avr/lib/avrxmega3\libc.a(exit.o)
 .data          0x0000000000000000        0x0 c:/progra~1/microc~1/xc8/v2.46/avr/bin/../lib/gcc/avr/5.4.0/../../../../avr/lib/avrxmega3\libc.a(exit.o)
 .bss           0x0000000000000000        0x0 c:/progra~1/microc~1/xc8/v2.46/avr/bin/../lib/gcc/avr/5.4.0/../../../../avr/lib/avrxmega3\libc.a(exit.o)
 .stack.descriptors
                0x0000000000000000       0x73 c:/progra~1/microc~1/xc8/v2.46/avr/bin/../lib/gcc/avr/5.4.0/../../../../avr/lib/avrxmega3\libc.a(exit.o)
 .text          0x0000000000000000        0x0 c:/progra~1/microc~1/xc8/v2.46/avr/bin/../lib/gcc/avr/5.4.0/../../../../avr/lib/avrxmega3\libc.a(_Exit.o)
 .data          0x0000000000000000        0x0 c:/progra~1/microc~1/xc8/v2.46/avr/bin/../lib/gcc/avr/5.4.0/../../../../avr/lib/avrxmega3\libc.a(_Exit.o)
 .bss           0x0000000000000000        0x0 c:/progra~1/microc~1/xc8/v2.46/avr/bin/../lib/gcc/avr/5.4.0/../../../../avr/lib/avrxmega3\libc.a(_Exit.o)
 .stack.descriptors
                0x0000000000000000       0x13 c:/progra~1/microc~1/xc8/v2.46/avr/bin/../lib/gcc/avr/5.4.0/../../../../avr/lib/avrxmega3\libc.a(_Exit.o)
 .text          0x0000000000000000        0x0 c:/progra~1/microc~1/xc8/v2.46/avr/bin/../lib/gcc/avr/5.4.0/avrxmega3\libgcc.a(_exit.o)
 .data          0x0000000000000000        0x0 c:/progra~1/microc~1/xc8/v2.46/avr/bin/../lib/gcc/avr/5.4.0/avrxmega3\libgcc.a(_exit.o)
 .bss           0x0000000000000000        0x0 c:/progra~1/microc~1/xc8/v2.46/avr/bin/../lib/gcc/avr/5.4.0/avrxmega3\libgcc.a(_exit.o)
 .text.libgcc.mul
                0x0000000000000000        0x0 c:/progra~1/microc~1/xc8/v2.46/avr/bin/../lib/gcc/avr/5.4.0/avrxmega3\libgcc.a(_exit.o)
 .text.libgcc.div
                0x0000000000000000        0x0 c:/progra~1/microc~1/xc8/v2.46/avr/bin/../lib/gcc/avr/5.4.0/avrxmega3\libgcc.a(_exit.o)
 .text.libgcc   0x0000000000000000        0x0 c:/progra~1/microc~1/xc8/v2.46/avr/bin/../lib/gcc/avr/5.4.0/avrxmega3\libgcc.a(_exit.o)
 .text.libgcc.prologue
                0x0000000000000000        0x0 c:/progra~1/microc~1/xc8/v2.46/avr/bin/../lib/gcc/avr/5.4.0/avrxmega3\libgcc.a(_exit.o)
 .stack.descriptors
                0x0000000000000000       0x13 c:/progra~1/microc~1/xc8/v2.46/avr/bin/../lib/gcc/avr/5.4.0/avrxmega3\libgcc.a(_exit.o)
 .text.libgcc.builtins
                0x0000000000000000        0x0 c:/progra~1/microc~1/xc8/v2.46/avr/bin/../lib/gcc/avr/5.4.0/avrxmega3\libgcc.a(_exit.o)
 .text.libgcc.fmul
                0x0000000000000000        0x0 c:/progra~1/microc~1/xc8/v2.46/avr/bin/../lib/gcc/avr/5.4.0/avrxmega3\libgcc.a(_exit.o)
 .text.libgcc.fixed
                0x0000000000000000        0x0 c:/progra~1/microc~1/xc8/v2.46/avr/bin/../lib/gcc/avr/5.4.0/avrxmega3\libgcc.a(_exit.o)

Memory Configuration

Name             Origin             Length             Attributes
text             0x0000000000000000 0x0000000000004000 xr
data             0x0000000000803800 0x0000000000000800 rw !x
eeprom           0x0000000000810000 0x0000000000000100 rw !x
fuse             0x0000000000820000 0x000000000000000a rw !x
lock             0x0000000000830000 0x0000000000000400 rw !x
signature        0x0000000000840000 0x0000000000000400 rw !x
user_signatures  0x0000000000850000 0x0000000000000400 rw !x
bootrow          0x0000000000860000 0x0000000000000400 rw !x
*default*        0x0000000000000000 0xffffffffffffffff

Linker script and memory map

Address of section .data set to 0x803800
                0x0000000000008000                __RODATA_PM_OFFSET__ = 0x8000
LOAD C:/Users/richa/.mchp_packs/Microchip/ATtiny_DFP/3.1.260/xc8/avr/lib/avrxmega3/crtattiny1627.o
                0x0000000000000001                __MPLAB_BUILD = 0x1
START GROUP
END GROUP
LOAD CMakeFiles\compile.dir\D_\code\uni\AUV\FinalCode\SonarModule\SonarModule\main.c.p1
LOAD CMakeFiles\compile.dir\D_\code\uni\AUV\FinalCode\SonarModule\SonarModule\TWI.c.p1
START GROUP
LOAD c:/progra~1/microc~1/xc8/v2.46/avr/bin/../lib/gcc/avr/5.4.0/avrxmega3\libgcc.a
LOAD c:/progra~1/microc~1/xc8/v2.46/avr/bin/../lib/gcc/avr/5.4.0/../../../../avr/lib/avrxmega3\libm.a
LOAD c:/progra~1/microc~1/xc8/v2.46/avr/bin/../lib/gcc/avr/5.4.0/../../../../avr/lib/avrxmega3\libc.a
LOAD C:/Users/richa/.mchp_packs/Microchip/ATtiny_DFP/3.1.260/xc8/avr/lib/avrxmega3\libattiny1627.a
END GROUP
                [0x0000000000000000]                __TEXT_REGION_ORIGIN__ = DEFINED (__TEXT_REGION_ORIGIN__)?__TEXT_REGION_ORIGIN__:0x0
                [0x0000000000803800]                __DATA_REGION_ORIGIN__ = DEFINED (__DATA_REGION_ORIGIN__)?__DATA_REGION_ORIGIN__:0x802000
                [0x0000000000004000]                __TEXT_REGION_LENGTH__ = DEFINED (__TEXT_REGION_LENGTH__)?__TEXT_REGION_LENGTH__:0x100000
                [0x0000000000000800]                __DATA_REGION_LENGTH__ = DEFINED (__DATA_REGION_LENGTH__)?__DATA_REGION_LENGTH__:0xffa0
                [0x0000000000000100]                __EEPROM_REGION_LENGTH__ = DEFINED (__EEPROM_REGION_LENGTH__)?__EEPROM_REGION_LENGTH__:0x10000
                [0x000000000000000a]                __FUSE_REGION_LENGTH__ = DEFINED (__FUSE_REGION_LENGTH__)?__FUSE_REGION_LENGTH__:0x400
                0x0000000000000400                __LOCK_REGION_LENGTH__ = DEFINED (__LOCK_REGION_LENGTH__)?__LOCK_REGION_LENGTH__:0x400
                0x0000000000000400                __SIGNATURE_REGION_LENGTH__ = DEFINED (__SIGNATURE_REGION_LENGTH__)?__SIGNATURE_REGION_LENGTH__:0x400
                0x0000000000000400                __USER_SIGNATURE_REGION_LENGTH__ = DEFINED (__USER_SIGNATURE_REGION_LENGTH__)?__USER_SIGNATURE_REGION_LENGTH__:0x400
                0x0000000000008000                __RODATA_PM_OFFSET__ = DEFINED (__RODATA_PM_OFFSET__)?__RODATA_PM_OFFSET__:0x8000
                0x0000000000000400                __BOOTROW_REGION_LENGTH__ = DEFINED (__BOOTROW_REGION_LENGTH__)?__BOOTROW_REGION_LENGTH__:0x400

.hash
 *(.hash)

.dynsym
 *(.dynsym)

.dynstr
 *(.dynstr)

.gnu.version
 *(.gnu.version)

.gnu.version_d
 *(.gnu.version_d)

.gnu.version_r
 *(.gnu.version_r)

.rel.init
 *(.rel.init)

.rela.init
 *(.rela.init)

.rel.text
 *(.rel.text)
 *(.rel.text.*)
 *(.rel.gnu.linkonce.t*)

.rela.text
 *(.rela.text)
 *(.rela.text.*)
 *(.rela.gnu.linkonce.t*)

.rel.fini
 *(.rel.fini)

.rela.fini
 *(.rela.fini)

.rel.rodata
 *(.rel.rodata)
 *(.rel.rodata.*)
 *(.rel.gnu.linkonce.r*)

.rela.rodata
 *(.rela.rodata)
 *(.rela.rodata.*)
 *(.rela.gnu.linkonce.r*)

.rel.data
 *(.rel.data)
 *(.rel.data.*)
 *(.rel.gnu.linkonce.d*)

.rela.data
 *(.rela.data)
 *(.rela.data.*)
 *(.rela.gnu.linkonce.d*)

.rel.ctors
 *(.rel.ctors)

.rela.ctors
 *(.rela.ctors)

.rel.dtors
 *(.rel.dtors)

.rela.dtors
 *(.rela.dtors)

.rel.got
 *(.rel.got)

.rela.got
 *(.rela.got)

.rel.bss
 *(.rel.bss)

.rela.bss
 *(.rela.bss)

.rel.plt
 *(.rel.plt)

.rela.plt
 *(.rela.plt)

.text           0x0000000000000000       0xd2
 *(.vectors)
 .vectors       0x0000000000000000       0x78 C:/Users/richa/.mchp_packs/Microchip/ATtiny_DFP/3.1.260/xc8/avr/lib/avrxmega3/crtattiny1627.o
                0x0000000000000000                __vector_default
                0x0000000000000000                __vectors
 *(.vectors)
 *(.progmem.gcc*)
 *(.dinit)
 .dinit         0x0000000000000078        0x5 data_init
                0x000000000000007e                . = ALIGN (0x2)
 *fill*         0x000000000000007d        0x1 
                0x000000000000007e                __trampolines_start = .
 *(.trampolines)
 .trampolines   0x000000000000007e        0x0 linker stubs
 *(.trampolines*)
                0x000000000000007e                __trampolines_end = .
 *libprintf_flt.a:*(.progmem.data)
 *libc.a:*(.progmem.data)
                0x000000000000007e                . = ALIGN (0x2)
 *(.jumptables)
 *(.jumptables*)
 *(.lowtext)
 *(.lowtext*)
                0x000000000000007e                __ctors_start = .
 *(.ctors)
                0x000000000000007e                __ctors_end = .
                0x000000000000007e                __dtors_start = .
 *(.dtors)
                0x000000000000007e                __dtors_end = .
 SORT(*)(.ctors)
 SORT(*)(.dtors)
 *(.init0)
 .init0         0x000000000000007e        0x0 C:/Users/richa/.mchp_packs/Microchip/ATtiny_DFP/3.1.260/xc8/avr/lib/avrxmega3/crtattiny1627.o
                0x000000000000007e                __init
 *(.init0)
 *(.init1)
 *(.init1)
 *(.init2)
 .init2         0x000000000000007e        0xc C:/Users/richa/.mchp_packs/Microchip/ATtiny_DFP/3.1.260/xc8/avr/lib/avrxmega3/crtattiny1627.o
 *(.init2)
 *(.init3)
 *(.init3)
 *(.init4)
 .init4         0x000000000000008a       0x3c c:/progra~1/microc~1/xc8/v2.46/avr/bin/../lib/gcc/avr/5.4.0/avrxmega3\libgcc.a(_copy_data.o)
                0x000000000000008a                __do_copy_data
                0x00000000000000b8                __do_clear_bss
 *(.init4)
 *(.init5)
 *(.init5)
 *(.init6)
 *(.init6)
 *(.init7)
 *(.init7)
 *(.init8)
 *(.init8)
 *(.init9)
 .init9         0x00000000000000c6        0x8 C:/Users/richa/.mchp_packs/Microchip/ATtiny_DFP/3.1.260/xc8/avr/lib/avrxmega3/crtattiny1627.o
 *(.init9)
                0x00000000000000ce                . = ALIGN (0x2)
 *(.fini9)
 .fini9         0x00000000000000ce        0x0 c:/progra~1/microc~1/xc8/v2.46/avr/bin/../lib/gcc/avr/5.4.0/avrxmega3\libgcc.a(_exit.o)
                0x00000000000000ce                _exit
 *(.fini9)
 *(.fini8)
 *(.fini8)
 *(.fini7)
 *(.fini7)
 *(.fini6)
 *(.fini6)
 *(.fini5)
 *(.fini5)
 *(.fini4)
 *(.fini4)
 *(.fini3)
 *(.fini3)
 *(.fini2)
 *(.fini2)
 *(.fini1)
 *(.fini1)
 *(.fini0)
 .fini0         0x00000000000000ce        0x4 c:/progra~1/microc~1/xc8/v2.46/avr/bin/../lib/gcc/avr/5.4.0/avrxmega3\libgcc.a(_exit.o)
 *(.fini0)
                0x00000000000000d2                _etext = .

.data           0x0000000000803800        0x0 load address 0x00000000000000d2
                [!provide]                        PROVIDE (__data_start, .)
 *(.gnu.linkonce.d*)
                0x0000000000803800                . = ALIGN (0x2)
                0x0000000000803800                _edata = .
                [!provide]                        PROVIDE (__data_end, .)

.bss            0x0000000000803800        0x0
                [!provide]                        PROVIDE (__bss_start, .)
 *(COMMON)
                [!provide]                        PROVIDE (__bss_end, .)
                0x00000000000000d2                __data_load_start = LOADADDR (.data)
                0x00000000000000d2                __data_load_end = (__data_load_start + SIZEOF (.data))

.noinit         0x0000000000803800        0x0
                [!provide]                        PROVIDE (__noinit_start, .)
 *(.noinit*)
                [!provide]                        PROVIDE (__noinit_end, .)
                0x0000000000803800                _end = .

.eeprom         0x0000000000810000        0x0
 *(.eeprom*)
                0x0000000000810000                __eeprom_end = .

.fuse
 *(.fuse)
 *(.lfuse)
 *(.hfuse)
 *(.efuse)

.lock
 *(.lock*)

.signature
 *(.signature*)

.user_signatures
 *(.user_signatures*)

.bootrow
 *(.bootrow*)

.stab
 *(.stab)

.stabstr
 *(.stabstr)

.stab.excl
 *(.stab.excl)

.stab.exclstr
 *(.stab.exclstr)

.stab.index
 *(.stab.index)

.stab.indexstr
 *(.stab.indexstr)

.comment        0x0000000000000000       0x5b
 *(.comment)
 .comment       0x0000000000000000       0x2f CMakeFiles\compile.dir\D_\code\uni\AUV\FinalCode\SonarModule\SonarModule\main.c.p1
                                         0x30 (size before relaxing)
 .comment       0x000000000000002f       0x30 CMakeFiles\compile.dir\D_\code\uni\AUV\FinalCode\SonarModule\SonarModule\TWI.c.p1
 .comment       0x000000000000002f       0x2c c:/progra~1/microc~1/xc8/v2.46/avr/bin/../lib/gcc/avr/5.4.0/../../../../avr/lib/avrxmega3\libc.a(exit.o)
                                         0x2d (size before relaxing)
 .comment       0x000000000000005b       0x2d c:/progra~1/microc~1/xc8/v2.46/avr/bin/../lib/gcc/avr/5.4.0/../../../../avr/lib/avrxmega3\libc.a(_Exit.o)

.stack.descriptors.hdr
                0x0000000000000000       0xe0
 .stack.descriptors.hdr
                0x0000000000000000        0xe c:/progra~1/microc~1/xc8/v2.46/avr/bin/../lib/gcc/avr/5.4.0/../../../../avr/lib/avrxmega3\libm.a(divsf3.o)
 .stack.descriptors.hdr
                0x000000000000000e        0xe c:/progra~1/microc~1/xc8/v2.46/avr/bin/../lib/gcc/avr/5.4.0/../../../../avr/lib/avrxmega3\libm.a(divsf3x.o)
 .stack.descriptors.hdr
                0x000000000000001c        0xe c:/progra~1/microc~1/xc8/v2.46/avr/bin/../lib/gcc/avr/5.4.0/../../../../avr/lib/avrxmega3\libm.a(fixunssfsi.o)
 .stack.descriptors.hdr
                0x000000000000002a        0xe c:/progra~1/microc~1/xc8/v2.46/avr/bin/../lib/gcc/avr/5.4.0/../../../../avr/lib/avrxmega3\libm.a(floatsisf.o)
 .stack.descriptors.hdr
                0x0000000000000038        0xe c:/progra~1/microc~1/xc8/v2.46/avr/bin/../lib/gcc/avr/5.4.0/../../../../avr/lib/avrxmega3\libm.a(fp_inf.o)
 .stack.descriptors.hdr
                0x0000000000000046        0xe c:/progra~1/microc~1/xc8/v2.46/avr/bin/../lib/gcc/avr/5.4.0/../../../../avr/lib/avrxmega3\libm.a(fp_nan.o)
 .stack.descriptors.hdr
                0x0000000000000054        0xe c:/progra~1/microc~1/xc8/v2.46/avr/bin/../lib/gcc/avr/5.4.0/../../../../avr/lib/avrxmega3\libm.a(fp_pscA.o)
 .stack.descriptors.hdr
                0x0000000000000062        0xe c:/progra~1/microc~1/xc8/v2.46/avr/bin/../lib/gcc/avr/5.4.0/../../../../avr/lib/avrxmega3\libm.a(fp_pscB.o)
 .stack.descriptors.hdr
                0x0000000000000070        0xe c:/progra~1/microc~1/xc8/v2.46/avr/bin/../lib/gcc/avr/5.4.0/../../../../avr/lib/avrxmega3\libm.a(fp_round.o)
 .stack.descriptors.hdr
                0x000000000000007e        0xe c:/progra~1/microc~1/xc8/v2.46/avr/bin/../lib/gcc/avr/5.4.0/../../../../avr/lib/avrxmega3\libm.a(fp_split3.o)
 .stack.descriptors.hdr
                0x000000000000008c        0xe c:/progra~1/microc~1/xc8/v2.46/avr/bin/../lib/gcc/avr/5.4.0/../../../../avr/lib/avrxmega3\libm.a(fp_zero.o)
 .stack.descriptors.hdr
                0x000000000000009a        0xe c:/progra~1/microc~1/xc8/v2.46/avr/bin/../lib/gcc/avr/5.4.0/../../../../avr/lib/avrxmega3\libm.a(mulsf3.o)
 .stack.descriptors.hdr
                0x00000000000000a8        0xe c:/progra~1/microc~1/xc8/v2.46/avr/bin/../lib/gcc/avr/5.4.0/../../../../avr/lib/avrxmega3\libm.a(mulsf3x.o)
 .stack.descriptors.hdr
                0x00000000000000b6        0xe c:/progra~1/microc~1/xc8/v2.46/avr/bin/../lib/gcc/avr/5.4.0/../../../../avr/lib/avrxmega3\libc.a(exit.o)
 .stack.descriptors.hdr
                0x00000000000000c4        0xe c:/progra~1/microc~1/xc8/v2.46/avr/bin/../lib/gcc/avr/5.4.0/../../../../avr/lib/avrxmega3\libc.a(_Exit.o)
 .stack.descriptors.hdr
                0x00000000000000d2        0xe c:/progra~1/microc~1/xc8/v2.46/avr/bin/../lib/gcc/avr/5.4.0/avrxmega3\libgcc.a(_exit.o)

.note.GNU-stack
                0x0000000000000000        0x0
 .note.GNU-stack
                0x0000000000000000        0x0 c:/progra~1/microc~1/xc8/v2.46/avr/bin/../lib/gcc/avr/5.4.0/../../../../avr/lib/avrxmega3\libm.a(divsf3.o)
 .note.GNU-stack
                0x0000000000000000        0x0 c:/progra~1/microc~1/xc8/v2.46/avr/bin/../lib/gcc/avr/5.4.0/../../../../avr/lib/avrxmega3\libm.a(divsf3x.o)
 .note.GNU-stack
                0x0000000000000000        0x0 c:/progra~1/microc~1/xc8/v2.46/avr/bin/../lib/gcc/avr/5.4.0/../../../../avr/lib/avrxmega3\libm.a(fixunssfsi.o)
 .note.GNU-stack
                0x0000000000000000        0x0 c:/progra~1/microc~1/xc8/v2.46/avr/bin/../lib/gcc/avr/5.4.0/../../../../avr/lib/avrxmega3\libm.a(floatsisf.o)
 .note.GNU-stack
                0x0000000000000000        0x0 c:/progra~1/microc~1/xc8/v2.46/avr/bin/../lib/gcc/avr/5.4.0/../../../../avr/lib/avrxmega3\libm.a(fp_inf.o)
 .note.GNU-stack
                0x0000000000000000        0x0 c:/progra~1/microc~1/xc8/v2.46/avr/bin/../lib/gcc/avr/5.4.0/../../../../avr/lib/avrxmega3\libm.a(fp_nan.o)
 .note.GNU-stack
                0x0000000000000000        0x0 c:/progra~1/microc~1/xc8/v2.46/avr/bin/../lib/gcc/avr/5.4.0/../../../../avr/lib/avrxmega3\libm.a(fp_pscA.o)
 .note.GNU-stack
                0x0000000000000000        0x0 c:/progra~1/microc~1/xc8/v2.46/avr/bin/../lib/gcc/avr/5.4.0/../../../../avr/lib/avrxmega3\libm.a(fp_pscB.o)
 .note.GNU-stack
                0x0000000000000000        0x0 c:/progra~1/microc~1/xc8/v2.46/avr/bin/../lib/gcc/avr/5.4.0/../../../../avr/lib/avrxmega3\libm.a(fp_round.o)
 .note.GNU-stack
                0x0000000000000000        0x0 c:/progra~1/microc~1/xc8/v2.46/avr/bin/../lib/gcc/avr/5.4.0/../../../../avr/lib/avrxmega3\libm.a(fp_split3.o)
 .note.GNU-stack
                0x0000000000000000        0x0 c:/progra~1/microc~1/xc8/v2.46/avr/bin/../lib/gcc/avr/5.4.0/../../../../avr/lib/avrxmega3\libm.a(fp_zero.o)
 .note.GNU-stack
                0x0000000000000000        0x0 c:/progra~1/microc~1/xc8/v2.46/avr/bin/../lib/gcc/avr/5.4.0/../../../../avr/lib/avrxmega3\libm.a(mulsf3.o)
 .note.GNU-stack
                0x0000000000000000        0x0 c:/progra~1/microc~1/xc8/v2.46/avr/bin/../lib/gcc/avr/5.4.0/../../../../avr/lib/avrxmega3\libm.a(mulsf3x.o)
 .note.GNU-stack
                0x0000000000000000        0x0 c:/progra~1/microc~1/xc8/v2.46/avr/bin/../lib/gcc/avr/5.4.0/../../../../avr/lib/avrxmega3\libc.a(exit.o)
 .note.GNU-stack
                0x0000000000000000        0x0 c:/progra~1/microc~1/xc8/v2.46/avr/bin/../lib/gcc/avr/5.4.0/../../../../avr/lib/avrxmega3\libc.a(_Exit.o)

.note.gnu.build-id
 *(.note.gnu.build-id)

.debug
 *(.debug)

.line
 *(.line)

.debug_srcinfo
 *(.debug_srcinfo)

.debug_sfnames
 *(.debug_sfnames)

.debug_aranges  0x0000000000000000       0xf0
 *(.debug_aranges)
 .debug_aranges
                0x0000000000000000       0x70 CMakeFiles\compile.dir\D_\code\uni\AUV\FinalCode\SonarModule\SonarModule\main.c.p1
 .debug_aranges
                0x0000000000000070       0x80 CMakeFiles\compile.dir\D_\code\uni\AUV\FinalCode\SonarModule\SonarModule\TWI.c.p1

.debug_pubnames
 *(.debug_pubnames)

.debug_info     0x0000000000000000     0x3676
 *(.debug_info .gnu.linkonce.wi.*)
 .debug_info    0x0000000000000000     0x1b97 C:/Users/richa/.mchp_packs/Microchip/ATtiny_DFP/3.1.260/xc8/avr/lib/avrxmega3/crtattiny1627.o
 .debug_info    0x0000000000001b97     0x1246 CMakeFiles\compile.dir\D_\code\uni\AUV\FinalCode\SonarModule\SonarModule\main.c.p1
 .debug_info    0x0000000000002ddd      0x899 CMakeFiles\compile.dir\D_\code\uni\AUV\FinalCode\SonarModule\SonarModule\TWI.c.p1

.debug_abbrev   0x0000000000000000     0x1e0e
 *(.debug_abbrev)
 .debug_abbrev  0x0000000000000000     0x1a20 C:/Users/richa/.mchp_packs/Microchip/ATtiny_DFP/3.1.260/xc8/avr/lib/avrxmega3/crtattiny1627.o
 .debug_abbrev  0x0000000000001a20      0x265 CMakeFiles\compile.dir\D_\code\uni\AUV\FinalCode\SonarModule\SonarModule\main.c.p1
 .debug_abbrev  0x0000000000001c85      0x189 CMakeFiles\compile.dir\D_\code\uni\AUV\FinalCode\SonarModule\SonarModule\TWI.c.p1

.debug_line     0x0000000000000000      0x7a8
 *(.debug_line .debug_line.* .debug_line_end)
 .debug_line    0x0000000000000000      0x14b C:/Users/richa/.mchp_packs/Microchip/ATtiny_DFP/3.1.260/xc8/avr/lib/avrxmega3/crtattiny1627.o
 .debug_line    0x000000000000014b      0x2c0 CMakeFiles\compile.dir\D_\code\uni\AUV\FinalCode\SonarModule\SonarModule\main.c.p1
 .debug_line    0x000000000000040b      0x39d CMakeFiles\compile.dir\D_\code\uni\AUV\FinalCode\SonarModule\SonarModule\TWI.c.p1

.debug_frame    0x0000000000000000      0x1f0
 *(.debug_frame)
 .debug_frame   0x0000000000000000       0xc4 CMakeFiles\compile.dir\D_\code\uni\AUV\FinalCode\SonarModule\SonarModule\main.c.p1
 .debug_frame   0x00000000000000c4      0x12c CMakeFiles\compile.dir\D_\code\uni\AUV\FinalCode\SonarModule\SonarModule\TWI.c.p1

.debug_str      0x0000000000000000      0xc3e
 *(.debug_str)
 .debug_str     0x0000000000000000      0xbdd C:/Users/richa/.mchp_packs/Microchip/ATtiny_DFP/3.1.260/xc8/avr/lib/avrxmega3/crtattiny1627.o
 .debug_str     0x0000000000000bdd       0x61 CMakeFiles\compile.dir\D_\code\uni\AUV\FinalCode\SonarModule\SonarModule\main.c.p1
 .debug_str     0x0000000000000c3e        0x0 CMakeFiles\compile.dir\D_\code\uni\AUV\FinalCode\SonarModule\SonarModule\TWI.c.p1

.debug_loc      0x0000000000000000      0x1ab
 *(.debug_loc)
 .debug_loc     0x0000000000000000       0xc6 CMakeFiles\compile.dir\D_\code\uni\AUV\FinalCode\SonarModule\SonarModule\main.c.p1
 .debug_loc     0x00000000000000c6       0xe5 CMakeFiles\compile.dir\D_\code\uni\AUV\FinalCode\SonarModule\SonarModule\TWI.c.p1

.debug_macinfo
 *(.debug_macinfo)

.debug_weaknames
 *(.debug_weaknames)

.debug_funcnames
 *(.debug_funcnames)

.debug_typenames
 *(.debug_typenames)

.debug_varnames
 *(.debug_varnames)

.debug_pubtypes
 *(.debug_pubtypes)

.debug_ranges   0x0000000000000000       0xd0
 *(.debug_ranges)
 .debug_ranges  0x0000000000000000       0x60 CMakeFiles\compile.dir\D_\code\uni\AUV\FinalCode\SonarModule\SonarModule\main.c.p1
 .debug_ranges  0x0000000000000060       0x70 CMakeFiles\compile.dir\D_\code\uni\AUV\FinalCode\SonarModule\SonarModule\TWI.c.p1

.debug_macro
 *(.debug_macro)
OUTPUT(default.elf elf32-avr)
LOAD linker stubs
LOAD data_init

.note.gnu.avr.deviceinfo
                0x0000000000000000       0x40
 .note.gnu.avr.deviceinfo
                0x0000000000000000       0x40 C:/Users/richa/.mchp_packs/Microchip/ATtiny_DFP/3.1.260/xc8/avr/lib/avrxmega3/crtattiny1627.o

.bss.distance   0x0000000000803800        0x4
 .bss.distance  0x0000000000803800        0x4 CMakeFiles\compile.dir\D_\code\uni\AUV\FinalCode\SonarModule\SonarModule\main.c.p1
                0x0000000000803800                distance

.bss.transmit_callback
                0x0000000000803804        0x2
 .bss.transmit_callback
                0x0000000000803804        0x2 CMakeFiles\compile.dir\D_\code\uni\AUV\FinalCode\SonarModule\SonarModule\TWI.c.p1

.bss.receive_callback
                0x0000000000803806        0x2
 .bss.receive_callback
                0x0000000000803806        0x2 CMakeFiles\compile.dir\D_\code\uni\AUV\FinalCode\SonarModule\SonarModule\TWI.c.p1

.text           0x00000000000000d2       0xde
 .text          0x00000000000000d2       0xde c:/progra~1/microc~1/xc8/v2.46/avr/bin/../lib/gcc/avr/5.4.0/../../../../avr/lib/avrxmega3\libm.a(divsf3x.o)
                0x00000000000000d2                __divsf3x
                0x00000000000000fa                __divsf3_pse

.text           0x00000000000001b0       0xd4
 .text          0x00000000000001b0       0xd4 c:/progra~1/microc~1/xc8/v2.46/avr/bin/../lib/gcc/avr/5.4.0/../../../../avr/lib/avrxmega3\libm.a(mulsf3x.o)
                0x00000000000001b0                __mulsf3x
                0x00000000000001d6                __mulsf3_pse

.text.__vector_14
                0x0000000000000284       0x9a
 .text.__vector_14
                0x0000000000000284       0x9a CMakeFiles\compile.dir\D_\code\uni\AUV\FinalCode\SonarModule\SonarModule\TWI.c.p1
                0x0000000000000284                __vector_14

.text           0x000000000000031e       0x7a
 .text          0x000000000000031e       0x7a c:/progra~1/microc~1/xc8/v2.46/avr/bin/../lib/gcc/avr/5.4.0/../../../../avr/lib/avrxmega3\libm.a(floatsisf.o)
                0x000000000000031e                __floatunsisf
                0x0000000000000322                __floatsisf

.text           0x0000000000000398       0x5e
 .text          0x0000000000000398       0x5e c:/progra~1/microc~1/xc8/v2.46/avr/bin/../lib/gcc/avr/5.4.0/../../../../avr/lib/avrxmega3\libm.a(fixunssfsi.o)
                0x0000000000000398                __fixunssfsi

.text.I2C_TX_Callback
                0x00000000000003f6       0x4c
 .text.I2C_TX_Callback
                0x00000000000003f6       0x4c CMakeFiles\compile.dir\D_\code\uni\AUV\FinalCode\SonarModule\SonarModule\main.c.p1
                0x00000000000003f6                I2C_TX_Callback

.text           0x0000000000000442       0x44
 .text          0x0000000000000442       0x44 c:/progra~1/microc~1/xc8/v2.46/avr/bin/../lib/gcc/avr/5.4.0/../../../../avr/lib/avrxmega3\libm.a(fp_split3.o)
                0x0000000000000442                __fp_split3
                0x0000000000000452                __fp_splitA

.text.calcDistance
                0x0000000000000486       0x36
 .text.calcDistance
                0x0000000000000486       0x36 CMakeFiles\compile.dir\D_\code\uni\AUV\FinalCode\SonarModule\SonarModule\main.c.p1
                0x0000000000000486                calcDistance

.text.TWI_Slave_Init
                0x00000000000004bc       0x22
 .text.TWI_Slave_Init
                0x00000000000004bc       0x22 CMakeFiles\compile.dir\D_\code\uni\AUV\FinalCode\SonarModule\SonarModule\TWI.c.p1
                0x00000000000004bc                TWI_Slave_Init

.text.TWI_Slave_Write
                0x00000000000004de       0x22
 .text.TWI_Slave_Write
                0x00000000000004de       0x22 CMakeFiles\compile.dir\D_\code\uni\AUV\FinalCode\SonarModule\SonarModule\TWI.c.p1
                0x00000000000004de                TWI_Slave_Write

.text           0x0000000000000500       0x22
 .text          0x0000000000000500       0x22 c:/progra~1/microc~1/xc8/v2.46/avr/bin/../lib/gcc/avr/5.4.0/../../../../avr/lib/avrxmega3\libm.a(fp_round.o)
                0x0000000000000500                __fp_round

.text.setupPins
                0x0000000000000522       0x1e
 .text.setupPins
                0x0000000000000522       0x1e CMakeFiles\compile.dir\D_\code\uni\AUV\FinalCode\SonarModule\SonarModule\main.c.p1
                0x0000000000000522                setupPins

.text.triggerSonar
                0x0000000000000540       0x1a
 .text.triggerSonar
                0x0000000000000540       0x1a CMakeFiles\compile.dir\D_\code\uni\AUV\FinalCode\SonarModule\SonarModule\main.c.p1
                0x0000000000000540                triggerSonar

.text.mainClkCtrl
                0x000000000000055a       0x18
 .text.mainClkCtrl
                0x000000000000055a       0x18 CMakeFiles\compile.dir\D_\code\uni\AUV\FinalCode\SonarModule\SonarModule\main.c.p1
                0x000000000000055a                mainClkCtrl

.text.main      0x0000000000000572       0x18
 .text.main     0x0000000000000572       0x18 CMakeFiles\compile.dir\D_\code\uni\AUV\FinalCode\SonarModule\SonarModule\main.c.p1
                0x0000000000000572                main

.text.setupTCA  0x000000000000058a       0x16
 .text.setupTCA
                0x000000000000058a       0x16 CMakeFiles\compile.dir\D_\code\uni\AUV\FinalCode\SonarModule\SonarModule\main.c.p1
                0x000000000000058a                setupTCA

.text.TWI_Slave_Read_NACK
                0x00000000000005a0       0x16
 .text.TWI_Slave_Read_NACK
                0x00000000000005a0       0x16 CMakeFiles\compile.dir\D_\code\uni\AUV\FinalCode\SonarModule\SonarModule\TWI.c.p1
                0x00000000000005a0                TWI_Slave_Read_NACK

.text.exit      0x00000000000005b6       0x16
 .text.exit     0x00000000000005b6       0x16 c:/progra~1/microc~1/xc8/v2.46/avr/bin/../lib/gcc/avr/5.4.0/../../../../avr/lib/avrxmega3\libc.a(exit.o)
                0x00000000000005b6                exit

.text.enableTCA
                0x00000000000005cc       0x10
 .text.enableTCA
                0x00000000000005cc       0x10 CMakeFiles\compile.dir\D_\code\uni\AUV\FinalCode\SonarModule\SonarModule\main.c.p1
                0x00000000000005cc                enableTCA

.text.setup     0x00000000000005dc        0xe
 .text.setup    0x00000000000005dc        0xe CMakeFiles\compile.dir\D_\code\uni\AUV\FinalCode\SonarModule\SonarModule\main.c.p1
                0x00000000000005dc                setup

.text           0x00000000000005ea        0xe
 .text          0x00000000000005ea        0xe c:/progra~1/microc~1/xc8/v2.46/avr/bin/../lib/gcc/avr/5.4.0/../../../../avr/lib/avrxmega3\libm.a(fp_pscA.o)
                0x00000000000005ea                __fp_pscA

.text           0x00000000000005f8        0xe
 .text          0x00000000000005f8        0xe c:/progra~1/microc~1/xc8/v2.46/avr/bin/../lib/gcc/avr/5.4.0/../../../../avr/lib/avrxmega3\libm.a(fp_pscB.o)
                0x00000000000005f8                __fp_pscB

.text           0x0000000000000606        0xe
 .text          0x0000000000000606        0xe c:/progra~1/microc~1/xc8/v2.46/avr/bin/../lib/gcc/avr/5.4.0/../../../../avr/lib/avrxmega3\libm.a(fp_zero.o)
                0x0000000000000606                __fp_zero
                0x0000000000000608                __fp_szero

.text.disableTCA
                0x0000000000000614        0xc
 .text.disableTCA
                0x0000000000000614        0xc CMakeFiles\compile.dir\D_\code\uni\AUV\FinalCode\SonarModule\SonarModule\main.c.p1
                0x0000000000000614                disableTCA

.text           0x0000000000000620        0xc
 .text          0x0000000000000620        0xc c:/progra~1/microc~1/xc8/v2.46/avr/bin/../lib/gcc/avr/5.4.0/../../../../avr/lib/avrxmega3\libm.a(fp_inf.o)
                0x0000000000000620                __fp_inf

.text           0x000000000000062c        0x8
 .text          0x000000000000062c        0x8 c:/progra~1/microc~1/xc8/v2.46/avr/bin/../lib/gcc/avr/5.4.0/../../../../avr/lib/avrxmega3\libm.a(divsf3.o)
                0x000000000000062c                __divsf3

.text           0x0000000000000634        0x8
 .text          0x0000000000000634        0x8 c:/progra~1/microc~1/xc8/v2.46/avr/bin/../lib/gcc/avr/5.4.0/../../../../avr/lib/avrxmega3\libm.a(mulsf3.o)
                0x0000000000000634                __mulsf3

.text           0x000000000000063c        0x6
 .text          0x000000000000063c        0x6 c:/progra~1/microc~1/xc8/v2.46/avr/bin/../lib/gcc/avr/5.4.0/../../../../avr/lib/avrxmega3\libm.a(fp_nan.o)
                0x000000000000063c                __fp_nan

.text           0x0000000000000642        0x4
 .text          0x0000000000000642        0x4 C:/Users/richa/.mchp_packs/Microchip/ATtiny_DFP/3.1.260/xc8/avr/lib/avrxmega3/crtattiny1627.o
                0x0000000000000642                __vector_22
                0x0000000000000642                __vector_28
                0x0000000000000642                __vector_1
                0x0000000000000642                __vector_24
                0x0000000000000642                __vector_12
                0x0000000000000642                __bad_interrupt
                0x0000000000000642                __vector_6
                0x0000000000000642                __vector_3
                0x0000000000000642                __vector_23
                0x0000000000000642                __vector_25
                0x0000000000000642                __vector_11
                0x0000000000000642                __vector_13
                0x0000000000000642                __vector_17
                0x0000000000000642                __vector_19
                0x0000000000000642                __vector_7
                0x0000000000000642                __vector_27
                0x0000000000000642                __vector_5
                0x0000000000000642                __vector_4
                0x0000000000000642                __vector_9
                0x0000000000000642                __vector_2
                0x0000000000000642                __vector_21
                0x0000000000000642                __vector_15
                0x0000000000000642                __vector_29
                0x0000000000000642                __vector_8
                0x0000000000000642                __vector_26
                0x0000000000000642                __vector_10
                0x0000000000000642                __vector_16
                0x0000000000000642                __vector_18
                0x0000000000000642                __vector_20

.text._Exit     0x0000000000000646        0x4
 .text._Exit    0x0000000000000646        0x4 c:/progra~1/microc~1/xc8/v2.46/avr/bin/../lib/gcc/avr/5.4.0/../../../../avr/lib/avrxmega3\libc.a(_Exit.o)
                0x0000000000000646                _Exit

.text.I2C_RX_Callback
                0x000000000000064a        0x2
 .text.I2C_RX_Callback
                0x000000000000064a        0x2 CMakeFiles\compile.dir\D_\code\uni\AUV\FinalCode\SonarModule\SonarModule\main.c.p1
                0x000000000000064a                I2C_RX_Callback

.text.__dummy_fini
                0x000000000000064c        0x2
 .text.__dummy_fini
                0x000000000000064c        0x2 c:/progra~1/microc~1/xc8/v2.46/avr/bin/../lib/gcc/avr/5.4.0/../../../../avr/lib/avrxmega3\libc.a(exit.o)
                0x000000000000064c                _fini

.text.__dummy_funcs_on_exit
                0x000000000000064e        0x2
 .text.__dummy_funcs_on_exit
                0x000000000000064e        0x2 c:/progra~1/microc~1/xc8/v2.46/avr/bin/../lib/gcc/avr/5.4.0/../../../../avr/lib/avrxmega3\libc.a(exit.o)
                0x000000000000064e                __funcs_on_exit

.text.__dummy_simulator_exit
                0x0000000000000650        0x2
 .text.__dummy_simulator_exit
                0x0000000000000650        0x2 c:/progra~1/microc~1/xc8/v2.46/avr/bin/../lib/gcc/avr/5.4.0/../../../../avr/lib/avrxmega3\libc.a(exit.o)
                0x0000000000000650                __simulator_exit
