Archive member included to satisfy reference by file (symbol)

..\CWire.X\dist\default\production\CWire.X.a(CWire.o)
                              build/default/production/CentralController.o (TwoWire_init)
..\CWire.X\dist\default\production\CWire.X.a(twi_pins.o)
                              ..\CWire.X\dist\default\production\CWire.X.a(CWire.o) (TWI0_ClearPins)
..\Common.X\dist\default\production\Common.X.a(Common.o)
                              build/default/production/CentralController.o (setupRGB)
c:/program files/microchip/xc8/v2.46/avr/bin/../lib/gcc/avr/5.4.0/avrxmega3\libgcc.a(_udivmodsi4.o)
                              ..\CWire.X\dist\default\production\CWire.X.a(CWire.o) (__udivmodsi4)
c:/program files/microchip/xc8/v2.46/avr/bin/../lib/gcc/avr/5.4.0/avrxmega3\libgcc.a(_copy_data.o)
                              build/default/production/CentralController.o (__do_clear_bss)
c:/program files/microchip/xc8/v2.46/avr/bin/../lib/gcc/avr/5.4.0/../../../../avr/lib/avrxmega3\libc.a(exit.o)
                              C:/Program Files/Microchip/MPLABX/v6.20/packs/Microchip/ATtiny_DFP/3.1.260/xc8/avr/lib/avrxmega3/crtattiny1627.o (exit)
c:/program files/microchip/xc8/v2.46/avr/bin/../lib/gcc/avr/5.4.0/../../../../avr/lib/avrxmega3\libc.a(_Exit.o)
                              c:/program files/microchip/xc8/v2.46/avr/bin/../lib/gcc/avr/5.4.0/../../../../avr/lib/avrxmega3\libc.a(exit.o) (_Exit)
c:/program files/microchip/xc8/v2.46/avr/bin/../lib/gcc/avr/5.4.0/avrxmega3\libgcc.a(_exit.o)
                              c:/program files/microchip/xc8/v2.46/avr/bin/../lib/gcc/avr/5.4.0/../../../../avr/lib/avrxmega3\libc.a(_Exit.o) (_exit)

Discarded input sections

 .data          0x0000000000000000        0x0 C:/Program Files/Microchip/MPLABX/v6.20/packs/Microchip/ATtiny_DFP/3.1.260/xc8/avr/lib/avrxmega3/crtattiny1627.o
 .bss           0x0000000000000000        0x0 C:/Program Files/Microchip/MPLABX/v6.20/packs/Microchip/ATtiny_DFP/3.1.260/xc8/avr/lib/avrxmega3/crtattiny1627.o
 .text          0x0000000000000000        0x0 build/default/production/CentralController.o
 .data          0x0000000000000000        0x0 build/default/production/CentralController.o
 .bss           0x0000000000000000        0x0 build/default/production/CentralController.o
 .text.raise    0x0000000000000000        0x6 build/default/production/CentralController.o
 .text          0x0000000000000000        0x0 build/default/production/AUV.o
 .data          0x0000000000000000        0x0 build/default/production/AUV.o
 .bss           0x0000000000000000        0x0 build/default/production/AUV.o
 .text          0x0000000000000000        0x0 ..\CWire.X\dist\default\production\CWire.X.a(CWire.o)
 .data          0x0000000000000000        0x0 ..\CWire.X\dist\default\production\CWire.X.a(CWire.o)
 .bss           0x0000000000000000        0x0 ..\CWire.X\dist\default\production\CWire.X.a(CWire.o)
 .text.TwoWire_pins
                0x0000000000000000        0xa ..\CWire.X\dist\default\production\CWire.X.a(CWire.o)
 .text.TwoWire_usePullups
                0x0000000000000000        0x6 ..\CWire.X\dist\default\production\CWire.X.a(CWire.o)
 .text.TwoWire_endMaster
                0x0000000000000000       0x26 ..\CWire.X\dist\default\production\CWire.X.a(CWire.o)
 .text.TwoWire_Slave_begin
                0x0000000000000000       0x58 ..\CWire.X\dist\default\production\CWire.X.a(CWire.o)
 .text.TwoWire_endSlave
                0x0000000000000000       0x2e ..\CWire.X\dist\default\production\CWire.X.a(CWire.o)
 .text.TwoWire_getIncomingAddress
                0x0000000000000000        0xa ..\CWire.X\dist\default\production\CWire.X.a(CWire.o)
 .text.TwoWire_getBytesRead
                0x0000000000000000        0xc ..\CWire.X\dist\default\production\CWire.X.a(CWire.o)
 .text.TwoWire_slaveTransactionOpen
                0x0000000000000000       0x1c ..\CWire.X\dist\default\production\CWire.X.a(CWire.o)
 .text.TwoWire_checkPinLevels
                0x0000000000000000        0x6 ..\CWire.X\dist\default\production\CWire.X.a(CWire.o)
 .text.TwoWire_onReceive
                0x0000000000000000        0xc ..\CWire.X\dist\default\production\CWire.X.a(CWire.o)
 .text.TwoWire_onRequest
                0x0000000000000000        0xc ..\CWire.X\dist\default\production\CWire.X.a(CWire.o)
 .text.TwoWire_writeBytes
                0x0000000000000000       0x50 ..\CWire.X\dist\default\production\CWire.X.a(CWire.o)
 .text.TwoWire_peek
                0x0000000000000000       0x28 ..\CWire.X\dist\default\production\CWire.X.a(CWire.o)
 .text.TwoWire_end
                0x0000000000000000       0x16 ..\CWire.X\dist\default\production\CWire.X.a(CWire.o)
 .text.TwoWire_flush
                0x0000000000000000        0xe ..\CWire.X\dist\default\production\CWire.X.a(CWire.o)
 .text          0x0000000000000000        0x0 ..\CWire.X\dist\default\production\CWire.X.a(twi_pins.o)
 .data          0x0000000000000000        0x0 ..\CWire.X\dist\default\production\CWire.X.a(twi_pins.o)
 .bss           0x0000000000000000        0x0 ..\CWire.X\dist\default\production\CWire.X.a(twi_pins.o)
 .text.TWI0_Pins
                0x0000000000000000       0x14 ..\CWire.X\dist\default\production\CWire.X.a(twi_pins.o)
 .text.TWI0_swap
                0x0000000000000000        0xa ..\CWire.X\dist\default\production\CWire.X.a(twi_pins.o)
 .text.TWI0_usePullups
                0x0000000000000000       0x16 ..\CWire.X\dist\default\production\CWire.X.a(twi_pins.o)
 .text.TWI0_checkPinLevel
                0x0000000000000000        0x6 ..\CWire.X\dist\default\production\CWire.X.a(twi_pins.o)
 .text.TWI0_setConfig
                0x0000000000000000       0x14 ..\CWire.X\dist\default\production\CWire.X.a(twi_pins.o)
 .data          0x0000000000000000        0x0 ..\Common.X\dist\default\production\Common.X.a(Common.o)
 .bss           0x0000000000000000        0x0 ..\Common.X\dist\default\production\Common.X.a(Common.o)
 .text          0x0000000000000000        0x0 c:/program files/microchip/xc8/v2.46/avr/bin/../lib/gcc/avr/5.4.0/avrxmega3\libgcc.a(_udivmodsi4.o)
 .data          0x0000000000000000        0x0 c:/program files/microchip/xc8/v2.46/avr/bin/../lib/gcc/avr/5.4.0/avrxmega3\libgcc.a(_udivmodsi4.o)
 .bss           0x0000000000000000        0x0 c:/program files/microchip/xc8/v2.46/avr/bin/../lib/gcc/avr/5.4.0/avrxmega3\libgcc.a(_udivmodsi4.o)
 .text.libgcc.mul
                0x0000000000000000        0x0 c:/program files/microchip/xc8/v2.46/avr/bin/../lib/gcc/avr/5.4.0/avrxmega3\libgcc.a(_udivmodsi4.o)
 .stack.descriptors
                0x0000000000000000       0x1a c:/program files/microchip/xc8/v2.46/avr/bin/../lib/gcc/avr/5.4.0/avrxmega3\libgcc.a(_udivmodsi4.o)
 .text.libgcc   0x0000000000000000        0x0 c:/program files/microchip/xc8/v2.46/avr/bin/../lib/gcc/avr/5.4.0/avrxmega3\libgcc.a(_udivmodsi4.o)
 .text.libgcc.prologue
                0x0000000000000000        0x0 c:/program files/microchip/xc8/v2.46/avr/bin/../lib/gcc/avr/5.4.0/avrxmega3\libgcc.a(_udivmodsi4.o)
 .text.libgcc.builtins
                0x0000000000000000        0x0 c:/program files/microchip/xc8/v2.46/avr/bin/../lib/gcc/avr/5.4.0/avrxmega3\libgcc.a(_udivmodsi4.o)
 .text.libgcc.fmul
                0x0000000000000000        0x0 c:/program files/microchip/xc8/v2.46/avr/bin/../lib/gcc/avr/5.4.0/avrxmega3\libgcc.a(_udivmodsi4.o)
 .text.libgcc.fixed
                0x0000000000000000        0x0 c:/program files/microchip/xc8/v2.46/avr/bin/../lib/gcc/avr/5.4.0/avrxmega3\libgcc.a(_udivmodsi4.o)
 .text          0x0000000000000000        0x0 c:/program files/microchip/xc8/v2.46/avr/bin/../lib/gcc/avr/5.4.0/avrxmega3\libgcc.a(_copy_data.o)
 .data          0x0000000000000000        0x0 c:/program files/microchip/xc8/v2.46/avr/bin/../lib/gcc/avr/5.4.0/avrxmega3\libgcc.a(_copy_data.o)
 .bss           0x0000000000000000        0x0 c:/program files/microchip/xc8/v2.46/avr/bin/../lib/gcc/avr/5.4.0/avrxmega3\libgcc.a(_copy_data.o)
 .text.libgcc.mul
                0x0000000000000000        0x0 c:/program files/microchip/xc8/v2.46/avr/bin/../lib/gcc/avr/5.4.0/avrxmega3\libgcc.a(_copy_data.o)
 .text.libgcc.div
                0x0000000000000000        0x0 c:/program files/microchip/xc8/v2.46/avr/bin/../lib/gcc/avr/5.4.0/avrxmega3\libgcc.a(_copy_data.o)
 .text.libgcc   0x0000000000000000        0x0 c:/program files/microchip/xc8/v2.46/avr/bin/../lib/gcc/avr/5.4.0/avrxmega3\libgcc.a(_copy_data.o)
 .text.libgcc.prologue
                0x0000000000000000        0x0 c:/program files/microchip/xc8/v2.46/avr/bin/../lib/gcc/avr/5.4.0/avrxmega3\libgcc.a(_copy_data.o)
 .text.libgcc.builtins
                0x0000000000000000        0x0 c:/program files/microchip/xc8/v2.46/avr/bin/../lib/gcc/avr/5.4.0/avrxmega3\libgcc.a(_copy_data.o)
 .text.libgcc.fmul
                0x0000000000000000        0x0 c:/program files/microchip/xc8/v2.46/avr/bin/../lib/gcc/avr/5.4.0/avrxmega3\libgcc.a(_copy_data.o)
 .text.libgcc.fixed
                0x0000000000000000        0x0 c:/program files/microchip/xc8/v2.46/avr/bin/../lib/gcc/avr/5.4.0/avrxmega3\libgcc.a(_copy_data.o)
 .text          0x0000000000000000        0x0 c:/program files/microchip/xc8/v2.46/avr/bin/../lib/gcc/avr/5.4.0/../../../../avr/lib/avrxmega3\libc.a(exit.o)
 .data          0x0000000000000000        0x0 c:/program files/microchip/xc8/v2.46/avr/bin/../lib/gcc/avr/5.4.0/../../../../avr/lib/avrxmega3\libc.a(exit.o)
 .bss           0x0000000000000000        0x0 c:/program files/microchip/xc8/v2.46/avr/bin/../lib/gcc/avr/5.4.0/../../../../avr/lib/avrxmega3\libc.a(exit.o)
 .stack.descriptors
                0x0000000000000000       0x73 c:/program files/microchip/xc8/v2.46/avr/bin/../lib/gcc/avr/5.4.0/../../../../avr/lib/avrxmega3\libc.a(exit.o)
 .text          0x0000000000000000        0x0 c:/program files/microchip/xc8/v2.46/avr/bin/../lib/gcc/avr/5.4.0/../../../../avr/lib/avrxmega3\libc.a(_Exit.o)
 .data          0x0000000000000000        0x0 c:/program files/microchip/xc8/v2.46/avr/bin/../lib/gcc/avr/5.4.0/../../../../avr/lib/avrxmega3\libc.a(_Exit.o)
 .bss           0x0000000000000000        0x0 c:/program files/microchip/xc8/v2.46/avr/bin/../lib/gcc/avr/5.4.0/../../../../avr/lib/avrxmega3\libc.a(_Exit.o)
 .stack.descriptors
                0x0000000000000000       0x13 c:/program files/microchip/xc8/v2.46/avr/bin/../lib/gcc/avr/5.4.0/../../../../avr/lib/avrxmega3\libc.a(_Exit.o)
 .text          0x0000000000000000        0x0 c:/program files/microchip/xc8/v2.46/avr/bin/../lib/gcc/avr/5.4.0/avrxmega3\libgcc.a(_exit.o)
 .data          0x0000000000000000        0x0 c:/program files/microchip/xc8/v2.46/avr/bin/../lib/gcc/avr/5.4.0/avrxmega3\libgcc.a(_exit.o)
 .bss           0x0000000000000000        0x0 c:/program files/microchip/xc8/v2.46/avr/bin/../lib/gcc/avr/5.4.0/avrxmega3\libgcc.a(_exit.o)
 .text.libgcc.mul
                0x0000000000000000        0x0 c:/program files/microchip/xc8/v2.46/avr/bin/../lib/gcc/avr/5.4.0/avrxmega3\libgcc.a(_exit.o)
 .text.libgcc.div
                0x0000000000000000        0x0 c:/program files/microchip/xc8/v2.46/avr/bin/../lib/gcc/avr/5.4.0/avrxmega3\libgcc.a(_exit.o)
 .text.libgcc   0x0000000000000000        0x0 c:/program files/microchip/xc8/v2.46/avr/bin/../lib/gcc/avr/5.4.0/avrxmega3\libgcc.a(_exit.o)
 .text.libgcc.prologue
                0x0000000000000000        0x0 c:/program files/microchip/xc8/v2.46/avr/bin/../lib/gcc/avr/5.4.0/avrxmega3\libgcc.a(_exit.o)
 .stack.descriptors
                0x0000000000000000       0x13 c:/program files/microchip/xc8/v2.46/avr/bin/../lib/gcc/avr/5.4.0/avrxmega3\libgcc.a(_exit.o)
 .text.libgcc.builtins
                0x0000000000000000        0x0 c:/program files/microchip/xc8/v2.46/avr/bin/../lib/gcc/avr/5.4.0/avrxmega3\libgcc.a(_exit.o)
 .text.libgcc.fmul
                0x0000000000000000        0x0 c:/program files/microchip/xc8/v2.46/avr/bin/../lib/gcc/avr/5.4.0/avrxmega3\libgcc.a(_exit.o)
 .text.libgcc.fixed
                0x0000000000000000        0x0 c:/program files/microchip/xc8/v2.46/avr/bin/../lib/gcc/avr/5.4.0/avrxmega3\libgcc.a(_exit.o)

Memory Configuration

Name             Origin             Length             Attributes
text             0x0000000000000000 0x0000000000004000 xr
data             0x0000000000803800 0x0000000000000800 rw !x
eeprom           0x0000000000810000 0x0000000000000100 rw !x
fuse             0x0000000000820000 0x000000000000000a rw !x
lock             0x0000000000830000 0x0000000000000400 rw !x
signature        0x0000000000840000 0x0000000000000400 rw !x
user_signatures  0x0000000000850000 0x0000000000000400 rw !x
bootrow          0x0000000000860000 0x0000000000000400 rw !x
*default*        0x0000000000000000 0xffffffffffffffff

Linker script and memory map

Address of section .data set to 0x803800
                0x0000000000008000                __RODATA_PM_OFFSET__ = 0x8000
LOAD C:/Program Files/Microchip/MPLABX/v6.20/packs/Microchip/ATtiny_DFP/3.1.260/xc8/avr/lib/avrxmega3/crtattiny1627.o
                0x0000000000000001                __MPLAB_BUILD = 0x1
LOAD build/default/production/CentralController.o
LOAD build/default/production/AUV.o
LOAD ..\CWire.X\dist\default\production\CWire.X.a
LOAD ..\Common.X\dist\default\production\Common.X.a
START GROUP
LOAD c:/program files/microchip/xc8/v2.46/avr/bin/../lib/gcc/avr/5.4.0/../../../../avr/lib/avrxmega3\libm.a
END GROUP
START GROUP
LOAD c:/program files/microchip/xc8/v2.46/avr/bin/../lib/gcc/avr/5.4.0/avrxmega3\libgcc.a
LOAD c:/program files/microchip/xc8/v2.46/avr/bin/../lib/gcc/avr/5.4.0/../../../../avr/lib/avrxmega3\libm.a
LOAD c:/program files/microchip/xc8/v2.46/avr/bin/../lib/gcc/avr/5.4.0/../../../../avr/lib/avrxmega3\libc.a
LOAD C:/Program Files/Microchip/MPLABX/v6.20/packs/Microchip/ATtiny_DFP/3.1.260/xc8/avr/lib/avrxmega3\libattiny1627.a
END GROUP
                [0x0000000000000000]                __TEXT_REGION_ORIGIN__ = DEFINED (__TEXT_REGION_ORIGIN__)?__TEXT_REGION_ORIGIN__:0x0
                [0x0000000000803800]                __DATA_REGION_ORIGIN__ = DEFINED (__DATA_REGION_ORIGIN__)?__DATA_REGION_ORIGIN__:0x802000
                [0x0000000000004000]                __TEXT_REGION_LENGTH__ = DEFINED (__TEXT_REGION_LENGTH__)?__TEXT_REGION_LENGTH__:0x100000
                [0x0000000000000800]                __DATA_REGION_LENGTH__ = DEFINED (__DATA_REGION_LENGTH__)?__DATA_REGION_LENGTH__:0xffa0
                [0x0000000000000100]                __EEPROM_REGION_LENGTH__ = DEFINED (__EEPROM_REGION_LENGTH__)?__EEPROM_REGION_LENGTH__:0x10000
                [0x000000000000000a]                __FUSE_REGION_LENGTH__ = DEFINED (__FUSE_REGION_LENGTH__)?__FUSE_REGION_LENGTH__:0x400
                0x0000000000000400                __LOCK_REGION_LENGTH__ = DEFINED (__LOCK_REGION_LENGTH__)?__LOCK_REGION_LENGTH__:0x400
                0x0000000000000400                __SIGNATURE_REGION_LENGTH__ = DEFINED (__SIGNATURE_REGION_LENGTH__)?__SIGNATURE_REGION_LENGTH__:0x400
                0x0000000000000400                __USER_SIGNATURE_REGION_LENGTH__ = DEFINED (__USER_SIGNATURE_REGION_LENGTH__)?__USER_SIGNATURE_REGION_LENGTH__:0x400
                0x0000000000008000                __RODATA_PM_OFFSET__ = DEFINED (__RODATA_PM_OFFSET__)?__RODATA_PM_OFFSET__:0x8000
                0x0000000000000400                __BOOTROW_REGION_LENGTH__ = DEFINED (__BOOTROW_REGION_LENGTH__)?__BOOTROW_REGION_LENGTH__:0x400

.hash
 *(.hash)

.dynsym
 *(.dynsym)

.dynstr
 *(.dynstr)

.gnu.version
 *(.gnu.version)

.gnu.version_d
 *(.gnu.version_d)

.gnu.version_r
 *(.gnu.version_r)

.rel.init
 *(.rel.init)

.rela.init
 *(.rela.init)

.rel.text
 *(.rel.text)
 *(.rel.text.*)
 *(.rel.gnu.linkonce.t*)

.rela.text
 *(.rela.text)
 *(.rela.text.*)
 *(.rela.gnu.linkonce.t*)

.rel.fini
 *(.rel.fini)

.rela.fini
 *(.rela.fini)

.rel.rodata
 *(.rel.rodata)
 *(.rel.rodata.*)
 *(.rel.gnu.linkonce.r*)

.rela.rodata
 *(.rela.rodata)
 *(.rela.rodata.*)
 *(.rela.gnu.linkonce.r*)

.rel.data
 *(.rel.data)
 *(.rel.data.*)
 *(.rel.gnu.linkonce.d*)

.rela.data
 *(.rela.data)
 *(.rela.data.*)
 *(.rela.gnu.linkonce.d*)

.rel.ctors
 *(.rel.ctors)

.rela.ctors
 *(.rela.ctors)

.rel.dtors
 *(.rel.dtors)

.rela.dtors
 *(.rela.dtors)

.rel.got
 *(.rel.got)

.rela.got
 *(.rela.got)

.rel.bss
 *(.rel.bss)

.rela.bss
 *(.rela.bss)

.rel.plt
 *(.rel.plt)

.rela.plt
 *(.rela.plt)

.text           0x0000000000000000       0xd2
 *(.vectors)
 .vectors       0x0000000000000000       0x78 C:/Program Files/Microchip/MPLABX/v6.20/packs/Microchip/ATtiny_DFP/3.1.260/xc8/avr/lib/avrxmega3/crtattiny1627.o
                0x0000000000000000                __vector_default
                0x0000000000000000                __vectors
 *(.vectors)
 *(.progmem.gcc*)
 *(.dinit)
 .dinit         0x0000000000000078        0x5 data_init
                0x000000000000007e                . = ALIGN (0x2)
 *fill*         0x000000000000007d        0x1 
                0x000000000000007e                __trampolines_start = .
 *(.trampolines)
 .trampolines   0x000000000000007e        0x0 linker stubs
 *(.trampolines*)
                0x000000000000007e                __trampolines_end = .
 *libprintf_flt.a:*(.progmem.data)
 *libc.a:*(.progmem.data)
                0x000000000000007e                . = ALIGN (0x2)
 *(.jumptables)
 *(.jumptables*)
 *(.lowtext)
 *(.lowtext*)
                0x000000000000007e                __ctors_start = .
 *(.ctors)
                0x000000000000007e                __ctors_end = .
                0x000000000000007e                __dtors_start = .
 *(.dtors)
                0x000000000000007e                __dtors_end = .
 SORT(*)(.ctors)
 SORT(*)(.dtors)
 *(.init0)
 .init0         0x000000000000007e        0x0 C:/Program Files/Microchip/MPLABX/v6.20/packs/Microchip/ATtiny_DFP/3.1.260/xc8/avr/lib/avrxmega3/crtattiny1627.o
                0x000000000000007e                __init
 *(.init0)
 *(.init1)
 *(.init1)
 *(.init2)
 .init2         0x000000000000007e        0xc C:/Program Files/Microchip/MPLABX/v6.20/packs/Microchip/ATtiny_DFP/3.1.260/xc8/avr/lib/avrxmega3/crtattiny1627.o
 *(.init2)
 *(.init3)
 *(.init3)
 *(.init4)
 .init4         0x000000000000008a       0x3c c:/program files/microchip/xc8/v2.46/avr/bin/../lib/gcc/avr/5.4.0/avrxmega3\libgcc.a(_copy_data.o)
                0x000000000000008a                __do_copy_data
                0x00000000000000b8                __do_clear_bss
 *(.init4)
 *(.init5)
 *(.init5)
 *(.init6)
 *(.init6)
 *(.init7)
 *(.init7)
 *(.init8)
 *(.init8)
 *(.init9)
 .init9         0x00000000000000c6        0x8 C:/Program Files/Microchip/MPLABX/v6.20/packs/Microchip/ATtiny_DFP/3.1.260/xc8/avr/lib/avrxmega3/crtattiny1627.o
 *(.init9)
                0x00000000000000ce                . = ALIGN (0x2)
 *(.fini9)
 .fini9         0x00000000000000ce        0x0 c:/program files/microchip/xc8/v2.46/avr/bin/../lib/gcc/avr/5.4.0/avrxmega3\libgcc.a(_exit.o)
                0x00000000000000ce                _exit
 *(.fini9)
 *(.fini8)
 *(.fini8)
 *(.fini7)
 *(.fini7)
 *(.fini6)
 *(.fini6)
 *(.fini5)
 *(.fini5)
 *(.fini4)
 *(.fini4)
 *(.fini3)
 *(.fini3)
 *(.fini2)
 *(.fini2)
 *(.fini1)
 *(.fini1)
 *(.fini0)
 .fini0         0x00000000000000ce        0x4 c:/program files/microchip/xc8/v2.46/avr/bin/../lib/gcc/avr/5.4.0/avrxmega3\libgcc.a(_exit.o)
 *(.fini0)
                0x00000000000000d2                _etext = .

.data           0x0000000000803800        0x0 load address 0x00000000000000d2
                [!provide]                        PROVIDE (__data_start, .)
 *(.gnu.linkonce.d*)
                0x0000000000803800                . = ALIGN (0x2)
                0x0000000000803800                _edata = .
                [!provide]                        PROVIDE (__data_end, .)

.bss            0x0000000000803800        0x0
                [!provide]                        PROVIDE (__bss_start, .)
 *(COMMON)
                [!provide]                        PROVIDE (__bss_end, .)
                0x00000000000000d2                __data_load_start = LOADADDR (.data)
                0x00000000000000d2                __data_load_end = (__data_load_start + SIZEOF (.data))

.noinit         0x0000000000803800        0x0
                [!provide]                        PROVIDE (__noinit_start, .)
 *(.noinit*)
                [!provide]                        PROVIDE (__noinit_end, .)
                0x0000000000803800                _end = .

.eeprom         0x0000000000810000        0x0
 *(.eeprom*)
                0x0000000000810000                __eeprom_end = .

.fuse
 *(.fuse)
 *(.lfuse)
 *(.hfuse)
 *(.efuse)

.lock
 *(.lock*)

.signature
 *(.signature*)

.user_signatures
 *(.user_signatures*)

.bootrow
 *(.bootrow*)

.stab
 *(.stab)

.stabstr
 *(.stabstr)

.stab.excl
 *(.stab.excl)

.stab.exclstr
 *(.stab.exclstr)

.stab.index
 *(.stab.index)

.stab.indexstr
 *(.stab.indexstr)

.comment        0x0000000000000000       0x5b
 *(.comment)
 .comment       0x0000000000000000       0x2f build/default/production/CentralController.o
                                         0x30 (size before relaxing)
 .comment       0x000000000000002f       0x30 build/default/production/AUV.o
 .comment       0x000000000000002f       0x30 ..\CWire.X\dist\default\production\CWire.X.a(CWire.o)
 .comment       0x000000000000002f       0x30 ..\CWire.X\dist\default\production\CWire.X.a(twi_pins.o)
 .comment       0x000000000000002f       0x30 ..\Common.X\dist\default\production\Common.X.a(Common.o)
 .comment       0x000000000000002f       0x2c c:/program files/microchip/xc8/v2.46/avr/bin/../lib/gcc/avr/5.4.0/../../../../avr/lib/avrxmega3\libc.a(exit.o)
                                         0x2d (size before relaxing)
 .comment       0x000000000000005b       0x2d c:/program files/microchip/xc8/v2.46/avr/bin/../lib/gcc/avr/5.4.0/../../../../avr/lib/avrxmega3\libc.a(_Exit.o)

.stack.descriptors.hdr
                0x0000000000000000       0x38
 .stack.descriptors.hdr
                0x0000000000000000        0xe c:/program files/microchip/xc8/v2.46/avr/bin/../lib/gcc/avr/5.4.0/avrxmega3\libgcc.a(_udivmodsi4.o)
 .stack.descriptors.hdr
                0x000000000000000e        0xe c:/program files/microchip/xc8/v2.46/avr/bin/../lib/gcc/avr/5.4.0/../../../../avr/lib/avrxmega3\libc.a(exit.o)
 .stack.descriptors.hdr
                0x000000000000001c        0xe c:/program files/microchip/xc8/v2.46/avr/bin/../lib/gcc/avr/5.4.0/../../../../avr/lib/avrxmega3\libc.a(_Exit.o)
 .stack.descriptors.hdr
                0x000000000000002a        0xe c:/program files/microchip/xc8/v2.46/avr/bin/../lib/gcc/avr/5.4.0/avrxmega3\libgcc.a(_exit.o)

.note.GNU-stack
                0x0000000000000000        0x0
 .note.GNU-stack
                0x0000000000000000        0x0 c:/program files/microchip/xc8/v2.46/avr/bin/../lib/gcc/avr/5.4.0/../../../../avr/lib/avrxmega3\libc.a(exit.o)
 .note.GNU-stack
                0x0000000000000000        0x0 c:/program files/microchip/xc8/v2.46/avr/bin/../lib/gcc/avr/5.4.0/../../../../avr/lib/avrxmega3\libc.a(_Exit.o)

.note.gnu.build-id
 *(.note.gnu.build-id)

.debug
 *(.debug)

.line
 *(.line)

.debug_srcinfo
 *(.debug_srcinfo)

.debug_sfnames
 *(.debug_sfnames)

.debug_aranges  0x0000000000000000      0x220
 *(.debug_aranges)
 .debug_aranges
                0x0000000000000000       0x70 build/default/production/CentralController.o
 .debug_aranges
                0x0000000000000070       0x38 build/default/production/AUV.o
 .debug_aranges
                0x00000000000000a8      0x110 ..\CWire.X\dist\default\production\CWire.X.a(CWire.o)
 .debug_aranges
                0x00000000000001b8       0x48 ..\CWire.X\dist\default\production\CWire.X.a(twi_pins.o)
 .debug_aranges
                0x0000000000000200       0x20 ..\Common.X\dist\default\production\Common.X.a(Common.o)

.debug_pubnames
 *(.debug_pubnames)

.debug_info     0x0000000000000000     0x5a8b
 *(.debug_info .gnu.linkonce.wi.*)
 .debug_info    0x0000000000000000     0x1b97 C:/Program Files/Microchip/MPLABX/v6.20/packs/Microchip/ATtiny_DFP/3.1.260/xc8/avr/lib/avrxmega3/crtattiny1627.o
 .debug_info    0x0000000000001b97     0x19cf build/default/production/CentralController.o
 .debug_info    0x0000000000003566      0x54f build/default/production/AUV.o
 .debug_info    0x0000000000003ab5     0x1513 ..\CWire.X\dist\default\production\CWire.X.a(CWire.o)
 .debug_info    0x0000000000004fc8      0x6c7 ..\CWire.X\dist\default\production\CWire.X.a(twi_pins.o)
 .debug_info    0x000000000000568f      0x3fc ..\Common.X\dist\default\production\Common.X.a(Common.o)

.debug_abbrev   0x0000000000000000     0x22a0
 *(.debug_abbrev)
 .debug_abbrev  0x0000000000000000     0x1a20 C:/Program Files/Microchip/MPLABX/v6.20/packs/Microchip/ATtiny_DFP/3.1.260/xc8/avr/lib/avrxmega3/crtattiny1627.o
 .debug_abbrev  0x0000000000001a20      0x2a2 build/default/production/CentralController.o
 .debug_abbrev  0x0000000000001cc2       0xf8 build/default/production/AUV.o
 .debug_abbrev  0x0000000000001dba      0x2ca ..\CWire.X\dist\default\production\CWire.X.a(CWire.o)
 .debug_abbrev  0x0000000000002084      0x155 ..\CWire.X\dist\default\production\CWire.X.a(twi_pins.o)
 .debug_abbrev  0x00000000000021d9       0xc7 ..\Common.X\dist\default\production\Common.X.a(Common.o)

.debug_line     0x0000000000000000     0x137f
 *(.debug_line .debug_line.* .debug_line_end)
 .debug_line    0x0000000000000000      0x14b C:/Program Files/Microchip/MPLABX/v6.20/packs/Microchip/ATtiny_DFP/3.1.260/xc8/avr/lib/avrxmega3/crtattiny1627.o
 .debug_line    0x000000000000014b      0x512 build/default/production/CentralController.o
 .debug_line    0x000000000000065d      0x128 build/default/production/AUV.o
 .debug_line    0x0000000000000785      0x914 ..\CWire.X\dist\default\production\CWire.X.a(CWire.o)
 .debug_line    0x0000000000001099      0x1b7 ..\CWire.X\dist\default\production\CWire.X.a(twi_pins.o)
 .debug_line    0x0000000000001250      0x12f ..\Common.X\dist\default\production\Common.X.a(Common.o)

.debug_frame    0x0000000000000000      0x558
 *(.debug_frame)
 .debug_frame   0x0000000000000000      0x124 build/default/production/CentralController.o
 .debug_frame   0x0000000000000124       0x54 build/default/production/AUV.o
 .debug_frame   0x0000000000000178      0x318 ..\CWire.X\dist\default\production\CWire.X.a(CWire.o)
 .debug_frame   0x0000000000000490       0x74 ..\CWire.X\dist\default\production\CWire.X.a(twi_pins.o)
 .debug_frame   0x0000000000000504       0x54 ..\Common.X\dist\default\production\Common.X.a(Common.o)

.debug_str      0x0000000000000000      0xd9f
 *(.debug_str)
 .debug_str     0x0000000000000000      0xbdd C:/Program Files/Microchip/MPLABX/v6.20/packs/Microchip/ATtiny_DFP/3.1.260/xc8/avr/lib/avrxmega3/crtattiny1627.o
 .debug_str     0x0000000000000bdd      0x104 build/default/production/CentralController.o
 .debug_str     0x0000000000000ce1        0x0 build/default/production/AUV.o
 .debug_str     0x0000000000000ce1       0x9f ..\CWire.X\dist\default\production\CWire.X.a(CWire.o)
 .debug_str     0x0000000000000d80       0x1f ..\CWire.X\dist\default\production\CWire.X.a(twi_pins.o)
 .debug_str     0x0000000000000d9f        0x0 ..\Common.X\dist\default\production\Common.X.a(Common.o)

.debug_loc      0x0000000000000000     0x16e8
 *(.debug_loc)
 .debug_loc     0x0000000000000000      0x3f2 build/default/production/CentralController.o
 .debug_loc     0x00000000000003f2       0xcf build/default/production/AUV.o
 .debug_loc     0x00000000000004c1     0x116c ..\CWire.X\dist\default\production\CWire.X.a(CWire.o)
 .debug_loc     0x000000000000162d       0xbb ..\CWire.X\dist\default\production\CWire.X.a(twi_pins.o)

.debug_macinfo
 *(.debug_macinfo)

.debug_weaknames
 *(.debug_weaknames)

.debug_funcnames
 *(.debug_funcnames)

.debug_typenames
 *(.debug_typenames)

.debug_varnames
 *(.debug_varnames)

.debug_pubtypes
 *(.debug_pubtypes)

.debug_ranges   0x0000000000000000      0x1f0
 *(.debug_ranges)
 .debug_ranges  0x0000000000000000       0x60 build/default/production/CentralController.o
 .debug_ranges  0x0000000000000060       0x28 build/default/production/AUV.o
 .debug_ranges  0x0000000000000088      0x130 ..\CWire.X\dist\default\production\CWire.X.a(CWire.o)
 .debug_ranges  0x00000000000001b8       0x38 ..\CWire.X\dist\default\production\CWire.X.a(twi_pins.o)

.debug_macro
 *(.debug_macro)
OUTPUT(dist/default/production/CentralController.X.production.elf elf32-avr)
LOAD linker stubs
LOAD data_init

.note.gnu.avr.deviceinfo
                0x0000000000000000       0x40
 .note.gnu.avr.deviceinfo
                0x0000000000000000       0x40 C:/Program Files/Microchip/MPLABX/v6.20/packs/Microchip/ATtiny_DFP/3.1.260/xc8/avr/lib/avrxmega3/crtattiny1627.o

.bss.auv        0x0000000000803850        0xf
 .bss.auv       0x0000000000803850        0xf build/default/production/CentralController.o
                0x0000000000803850                auv

.bss.twi0       0x0000000000803800       0x50
 .bss.twi0      0x0000000000803800       0x50 build/default/production/CentralController.o
                0x0000000000803800                twi0

.bss.depth      0x0000000000803861        0x1
 .bss.depth     0x0000000000803861        0x1 build/default/production/CentralController.o
                0x0000000000803861                depth

.bss.twi0_wire  0x000000000080385f        0x2
 .bss.twi0_wire
                0x000000000080385f        0x2 ..\CWire.X\dist\default\production\CWire.X.a(CWire.o)
                0x000000000080385f                twi0_wire

.bss.sleepStack
                0x0000000000803862        0x1
 .bss.sleepStack
                0x0000000000803862        0x1 ..\CWire.X\dist\default\production\CWire.X.a(CWire.o)
                0x0000000000803862                sleepStack

.text.TwoWire_HandleSlaveIRQ
                0x00000000000000d2      0x164
 .text.TwoWire_HandleSlaveIRQ
                0x00000000000000d2      0x164 ..\CWire.X\dist\default\production\CWire.X.a(CWire.o)
                0x00000000000000d2                TwoWire_HandleSlaveIRQ

.text.__vector_3
                0x0000000000000236       0xe2
 .text.__vector_3
                0x0000000000000236       0xe2 build/default/production/CentralController.o
                0x0000000000000236                __vector_3

.text.handleDistanceResponse
                0x0000000000000318       0xd4
 .text.handleDistanceResponse
                0x0000000000000318       0xd4 build/default/production/CentralController.o
                0x0000000000000318                handleDistanceResponse

.text.TwoWire_masterTransmit
                0x00000000000003ec       0xc8
 .text.TwoWire_masterTransmit
                0x00000000000003ec       0xc8 ..\CWire.X\dist\default\production\CWire.X.a(CWire.o)
                0x00000000000003ec                TwoWire_masterTransmit

.text.TwoWire_masterReceive
                0x00000000000004b4       0xaa
 .text.TwoWire_masterReceive
                0x00000000000004b4       0xaa ..\CWire.X\dist\default\production\CWire.X.a(CWire.o)
                0x00000000000004b4                TwoWire_masterReceive

.text.MasterCalcBaud
                0x000000000000055e       0x96
 .text.MasterCalcBaud
                0x000000000000055e       0x96 ..\CWire.X\dist\default\production\CWire.X.a(CWire.o)
                0x000000000000055e                MasterCalcBaud

.text.ping      0x00000000000005f4       0x92
 .text.ping     0x00000000000005f4       0x92 build/default/production/CentralController.o
                0x00000000000005f4                ping

.text.TwoWire_setClock
                0x0000000000000686       0x8a
 .text.TwoWire_setClock
                0x0000000000000686       0x8a ..\CWire.X\dist\default\production\CWire.X.a(CWire.o)
                0x0000000000000686                TwoWire_setClock

.text           0x0000000000000710       0x74
 .text          0x0000000000000710       0x74 ..\Common.X\dist\default\production\Common.X.a(Common.o)
                0x0000000000000710                setupRGB
                0x0000000000000744                RGB

.text.main      0x0000000000000784       0x72
 .text.main     0x0000000000000784       0x72 build/default/production/CentralController.o
                0x0000000000000784                main

.text.__vector_14
                0x00000000000007f6       0x50
 .text.__vector_14
                0x00000000000007f6       0x50 ..\CWire.X\dist\default\production\CWire.X.a(CWire.o)
                0x00000000000007f6                __vector_14

.text.setupRTC  0x0000000000000846       0x4e
 .text.setupRTC
                0x0000000000000846       0x4e build/default/production/CentralController.o
                0x0000000000000846                setupRTC

.text.libgcc.div
                0x0000000000000894       0x44
 .text.libgcc.div
                0x0000000000000894       0x44 c:/program files/microchip/xc8/v2.46/avr/bin/../lib/gcc/avr/5.4.0/avrxmega3\libgcc.a(_udivmodsi4.o)
                0x0000000000000894                __udivmodsi4

.text.getDepth  0x00000000000008d8       0x3e
 .text.getDepth
                0x00000000000008d8       0x3e build/default/production/CentralController.o
                0x00000000000008d8                getDepth

.text.TwoWire_read
                0x0000000000000916       0x34
 .text.TwoWire_read
                0x0000000000000916       0x34 ..\CWire.X\dist\default\production\CWire.X.a(CWire.o)
                0x0000000000000916                TwoWire_read

.text.dive      0x000000000000094a       0x32
 .text.dive     0x000000000000094a       0x32 build/default/production/CentralController.o
                0x000000000000094a                dive

.text.commandForwardMotor
                0x000000000000097c       0x32
 .text.commandForwardMotor
                0x000000000000097c       0x32 build/default/production/CentralController.o
                0x000000000000097c                commandForwardMotor

.text.TwoWire_requestFrom
                0x00000000000009ae       0x32
 .text.TwoWire_requestFrom
                0x00000000000009ae       0x32 ..\CWire.X\dist\default\production\CWire.X.a(CWire.o)
                0x00000000000009ae                TwoWire_requestFrom

.text.TwoWire_Master_begin
                0x00000000000009e0       0x30
 .text.TwoWire_Master_begin
                0x00000000000009e0       0x30 ..\CWire.X\dist\default\production\CWire.X.a(CWire.o)
                0x00000000000009e0                TwoWire_Master_begin

.text.AUV_init  0x0000000000000a10       0x2a
 .text.AUV_init
                0x0000000000000a10       0x2a build/default/production/AUV.o
                0x0000000000000a10                AUV_init

.text.TwoWire_write
                0x0000000000000a3a       0x28
 .text.TwoWire_write
                0x0000000000000a3a       0x28 ..\CWire.X\dist\default\production\CWire.X.a(CWire.o)
                0x0000000000000a3a                TwoWire_write

.text.TwoWire_endTransmission
                0x0000000000000a62       0x20
 .text.TwoWire_endTransmission
                0x0000000000000a62       0x20 ..\CWire.X\dist\default\production\CWire.X.a(CWire.o)
                0x0000000000000a62                TwoWire_endTransmission

.text.TwoWire_beginTransmission
                0x0000000000000a82       0x1c
 .text.TwoWire_beginTransmission
                0x0000000000000a82       0x1c ..\CWire.X\dist\default\production\CWire.X.a(CWire.o)
                0x0000000000000a82                TwoWire_beginTransmission

.text.TwoWire_available
                0x0000000000000a9e       0x18
 .text.TwoWire_available
                0x0000000000000a9e       0x18 ..\CWire.X\dist\default\production\CWire.X.a(CWire.o)
                0x0000000000000a9e                TwoWire_available

.text.pauseDeepSleep
                0x0000000000000ab6       0x18
 .text.pauseDeepSleep
                0x0000000000000ab6       0x18 ..\CWire.X\dist\default\production\CWire.X.a(CWire.o)
                0x0000000000000ab6                pauseDeepSleep

.text.mainClkCtrl
                0x0000000000000ace       0x16
 .text.mainClkCtrl
                0x0000000000000ace       0x16 build/default/production/CentralController.o
                0x0000000000000ace                mainClkCtrl

.text.setup     0x0000000000000ae4       0x16
 .text.setup    0x0000000000000ae4       0x16 build/default/production/CentralController.o
                0x0000000000000ae4                setup

.text.exit      0x0000000000000afa       0x16
 .text.exit     0x0000000000000afa       0x16 c:/program files/microchip/xc8/v2.46/avr/bin/../lib/gcc/avr/5.4.0/../../../../avr/lib/avrxmega3\libc.a(exit.o)
                0x0000000000000afa                exit

.text.AUV_loadSonar
                0x0000000000000b10       0x12
 .text.AUV_loadSonar
                0x0000000000000b10       0x12 build/default/production/AUV.o
                0x0000000000000b10                AUV_loadSonar

.text.AUV_incrementSonarIndex
                0x0000000000000b22       0x12
 .text.AUV_incrementSonarIndex
                0x0000000000000b22       0x12 build/default/production/AUV.o
                0x0000000000000b22                AUV_incrementSonarIndex

.text.TwoWire_init
                0x0000000000000b34       0x10
 .text.TwoWire_init
                0x0000000000000b34       0x10 ..\CWire.X\dist\default\production\CWire.X.a(CWire.o)
                0x0000000000000b34                TwoWire_init

.text.restoreSleep
                0x0000000000000b44        0xe
 .text.restoreSleep
                0x0000000000000b44        0xe ..\CWire.X\dist\default\production\CWire.X.a(CWire.o)
                0x0000000000000b44                restoreSleep

.text.AUV_setMotorDirection
                0x0000000000000b52        0x8
 .text.AUV_setMotorDirection
                0x0000000000000b52        0x8 build/default/production/AUV.o
                0x0000000000000b52                AUV_setMotorDirection

.text.TWI0_ClearPins
                0x0000000000000b5a        0x8
 .text.TWI0_ClearPins
                0x0000000000000b5a        0x8 ..\CWire.X\dist\default\production\CWire.X.a(twi_pins.o)
                0x0000000000000b5a                TWI0_ClearPins

.text           0x0000000000000b62        0x4
 .text          0x0000000000000b62        0x4 C:/Program Files/Microchip/MPLABX/v6.20/packs/Microchip/ATtiny_DFP/3.1.260/xc8/avr/lib/avrxmega3/crtattiny1627.o
                0x0000000000000b62                __vector_22
                0x0000000000000b62                __vector_28
                0x0000000000000b62                __vector_1
                0x0000000000000b62                __vector_24
                0x0000000000000b62                __vector_12
                0x0000000000000b62                __bad_interrupt
                0x0000000000000b62                __vector_6
                0x0000000000000b62                __vector_23
                0x0000000000000b62                __vector_25
                0x0000000000000b62                __vector_11
                0x0000000000000b62                __vector_13
                0x0000000000000b62                __vector_17
                0x0000000000000b62                __vector_19
                0x0000000000000b62                __vector_7
                0x0000000000000b62                __vector_27
                0x0000000000000b62                __vector_5
                0x0000000000000b62                __vector_4
                0x0000000000000b62                __vector_9
                0x0000000000000b62                __vector_2
                0x0000000000000b62                __vector_21
                0x0000000000000b62                __vector_15
                0x0000000000000b62                __vector_29
                0x0000000000000b62                __vector_8
                0x0000000000000b62                __vector_26
                0x0000000000000b62                __vector_10
                0x0000000000000b62                __vector_16
                0x0000000000000b62                __vector_18
                0x0000000000000b62                __vector_20

.text._Exit     0x0000000000000b66        0x4
 .text._Exit    0x0000000000000b66        0x4 c:/program files/microchip/xc8/v2.46/avr/bin/../lib/gcc/avr/5.4.0/../../../../avr/lib/avrxmega3\libc.a(_Exit.o)
                0x0000000000000b66                _Exit

.text.__dummy_fini
                0x0000000000000b6a        0x2
 .text.__dummy_fini
                0x0000000000000b6a        0x2 c:/program files/microchip/xc8/v2.46/avr/bin/../lib/gcc/avr/5.4.0/../../../../avr/lib/avrxmega3\libc.a(exit.o)
                0x0000000000000b6a                _fini

.text.__dummy_funcs_on_exit
                0x0000000000000b6c        0x2
 .text.__dummy_funcs_on_exit
                0x0000000000000b6c        0x2 c:/program files/microchip/xc8/v2.46/avr/bin/../lib/gcc/avr/5.4.0/../../../../avr/lib/avrxmega3\libc.a(exit.o)
                0x0000000000000b6c                __funcs_on_exit

.text.__dummy_simulator_exit
                0x0000000000000b6e        0x2
 .text.__dummy_simulator_exit
                0x0000000000000b6e        0x2 c:/program files/microchip/xc8/v2.46/avr/bin/../lib/gcc/avr/5.4.0/../../../../avr/lib/avrxmega3\libc.a(exit.o)
                0x0000000000000b6e                __simulator_exit
